Archive member included to satisfy reference by file (symbol)

/opt/st/stm32cubeide_1.8.0/plugins/com.st.stm32cube.ide.mcu.externaltools.gnu-tools-for-stm32.9-2020-q2-update.linux64_2.0.0.202105311346/tools/bin/../lib/gcc/arm-none-eabi/9.3.1/../../../../arm-none-eabi/lib/thumb/v7-m/nofp/libc_nano.a(lib_a-errno.o)
                              ./Core/Src/syscalls.o (__errno)
/opt/st/stm32cubeide_1.8.0/plugins/com.st.stm32cube.ide.mcu.externaltools.gnu-tools-for-stm32.9-2020-q2-update.linux64_2.0.0.202105311346/tools/bin/../lib/gcc/arm-none-eabi/9.3.1/../../../../arm-none-eabi/lib/thumb/v7-m/nofp/libc_nano.a(lib_a-exit.o)
                              /opt/st/stm32cubeide_1.8.0/plugins/com.st.stm32cube.ide.mcu.externaltools.gnu-tools-for-stm32.9-2020-q2-update.linux64_2.0.0.202105311346/tools/bin/../lib/gcc/arm-none-eabi/9.3.1/../../../../arm-none-eabi/lib/thumb/v7-m/nofp/crt0.o (exit)
/opt/st/stm32cubeide_1.8.0/plugins/com.st.stm32cube.ide.mcu.externaltools.gnu-tools-for-stm32.9-2020-q2-update.linux64_2.0.0.202105311346/tools/bin/../lib/gcc/arm-none-eabi/9.3.1/../../../../arm-none-eabi/lib/thumb/v7-m/nofp/libc_nano.a(lib_a-impure.o)
                              /opt/st/stm32cubeide_1.8.0/plugins/com.st.stm32cube.ide.mcu.externaltools.gnu-tools-for-stm32.9-2020-q2-update.linux64_2.0.0.202105311346/tools/bin/../lib/gcc/arm-none-eabi/9.3.1/../../../../arm-none-eabi/lib/thumb/v7-m/nofp/libc_nano.a(lib_a-exit.o) (_global_impure_ptr)
/opt/st/stm32cubeide_1.8.0/plugins/com.st.stm32cube.ide.mcu.externaltools.gnu-tools-for-stm32.9-2020-q2-update.linux64_2.0.0.202105311346/tools/bin/../lib/gcc/arm-none-eabi/9.3.1/../../../../arm-none-eabi/lib/thumb/v7-m/nofp/libc_nano.a(lib_a-init.o)
                              /opt/st/stm32cubeide_1.8.0/plugins/com.st.stm32cube.ide.mcu.externaltools.gnu-tools-for-stm32.9-2020-q2-update.linux64_2.0.0.202105311346/tools/bin/../lib/gcc/arm-none-eabi/9.3.1/../../../../arm-none-eabi/lib/thumb/v7-m/nofp/crt0.o (__libc_init_array)
/opt/st/stm32cubeide_1.8.0/plugins/com.st.stm32cube.ide.mcu.externaltools.gnu-tools-for-stm32.9-2020-q2-update.linux64_2.0.0.202105311346/tools/bin/../lib/gcc/arm-none-eabi/9.3.1/../../../../arm-none-eabi/lib/thumb/v7-m/nofp/libc_nano.a(lib_a-memset.o)
                              /opt/st/stm32cubeide_1.8.0/plugins/com.st.stm32cube.ide.mcu.externaltools.gnu-tools-for-stm32.9-2020-q2-update.linux64_2.0.0.202105311346/tools/bin/../lib/gcc/arm-none-eabi/9.3.1/../../../../arm-none-eabi/lib/thumb/v7-m/nofp/crt0.o (memset)

Allocating common symbols
Common symbol       size              file

hUsbDeviceFS        0x2c4             ./Core/Src/usb_device.o
packet              0x4               ./Core/Src/main.o
hadc2               0x30              ./Core/Src/main.o
hi2c1               0x54              ./Core/Src/main.o
usb_buffer          0x40              ./Core/Src/main.o
uwTick              0x4               ./Drivers/STM32F1xx_HAL_Driver/Src/stm32f1xx_hal.o
pFlash              0x20              ./Drivers/STM32F1xx_HAL_Driver/Src/stm32f1xx_hal_flash.o
usb_rx_ready        0x1               ./Core/Src/main.o
hadc1               0x30              ./Core/Src/main.o
pin_config          0x4               ./Core/Src/main.o
error               0x4               ./Core/Src/main.o
report              0x5               ./Core/Src/main.o
hpcd_USB_FS         0x2ec             ./Core/Src/usbd_conf.o
USBD_StrDesc        0x200             ./Core/Src/usbd_desc.o

Discarded input sections

 .text          0x0000000000000000        0x0 /opt/st/stm32cubeide_1.8.0/plugins/com.st.stm32cube.ide.mcu.externaltools.gnu-tools-for-stm32.9-2020-q2-update.linux64_2.0.0.202105311346/tools/bin/../lib/gcc/arm-none-eabi/9.3.1/thumb/v7-m/nofp/crti.o
 .data          0x0000000000000000        0x0 /opt/st/stm32cubeide_1.8.0/plugins/com.st.stm32cube.ide.mcu.externaltools.gnu-tools-for-stm32.9-2020-q2-update.linux64_2.0.0.202105311346/tools/bin/../lib/gcc/arm-none-eabi/9.3.1/thumb/v7-m/nofp/crti.o
 .bss           0x0000000000000000        0x0 /opt/st/stm32cubeide_1.8.0/plugins/com.st.stm32cube.ide.mcu.externaltools.gnu-tools-for-stm32.9-2020-q2-update.linux64_2.0.0.202105311346/tools/bin/../lib/gcc/arm-none-eabi/9.3.1/thumb/v7-m/nofp/crti.o
 .data          0x0000000000000000        0x4 /opt/st/stm32cubeide_1.8.0/plugins/com.st.stm32cube.ide.mcu.externaltools.gnu-tools-for-stm32.9-2020-q2-update.linux64_2.0.0.202105311346/tools/bin/../lib/gcc/arm-none-eabi/9.3.1/thumb/v7-m/nofp/crtbegin.o
 .text          0x0000000000000000       0x7c /opt/st/stm32cubeide_1.8.0/plugins/com.st.stm32cube.ide.mcu.externaltools.gnu-tools-for-stm32.9-2020-q2-update.linux64_2.0.0.202105311346/tools/bin/../lib/gcc/arm-none-eabi/9.3.1/../../../../arm-none-eabi/lib/thumb/v7-m/nofp/crt0.o
[...]
Memory Configuration

Name             Origin             Length             Attributes
RAM              0x0000000020000000 0x0000000000005000 xrw
FLASH            0x0000000008000000 0x0000000000010000 xr
*default*        0x0000000000000000 0xffffffffffffffff

Linker script and memory map

LOAD /opt/st/stm32cubeide_1.8.0/plugins/com.st.stm32cube.ide.mcu.externaltools.gnu-tools-for-stm32.9-2020-q2-update.linux64_2.0.0.202105311346/tools/bin/../lib/gcc/arm-none-eabi/9.3.1/thumb/v7-m/nofp/crti.o
LOAD /opt/st/stm32cubeide_1.8.0/plugins/com.st.stm32cube.ide.mcu.externaltools.gnu-tools-for-stm32.9-2020-q2-update.linux64_2.0.0.202105311346/tools/bin/../lib/gcc/arm-none-eabi/9.3.1/thumb/v7-m/nofp/crtbegin.o
LOAD /opt/st/stm32cubeide_1.8.0/plugins/com.st.stm32cube.ide.mcu.externaltools.gnu-tools-for-stm32.9-2020-q2-update.linux64_2.0.0.202105311346/tools/bin/../lib/gcc/arm-none-eabi/9.3.1/../../../../arm-none-eabi/lib/thumb/v7-m/nofp/crt0.o
LOAD ./Core/Src/main.o
LOAD ./Core/Src/stm32f1xx_hal_msp.o
LOAD ./Core/Src/stm32f1xx_it.o
LOAD ./Core/Src/syscalls.o
LOAD ./Core/Src/sysmem.o
LOAD ./Core/Src/system_stm32f1xx.o
LOAD ./Core/Src/usb_device.o
LOAD ./Core/Src/usbd.o
LOAD ./Core/Src/usbd_conf.o
LOAD ./Core/Src/usbd_core.o
LOAD ./Core/Src/usbd_ctlreq.o
LOAD ./Core/Src/usbd_desc.o
LOAD ./Core/Src/usbd_ioreq.o
LOAD ./Core/Startup/startup_stm32f103c8tx.o
LOAD ./Drivers/STM32F1xx_HAL_Driver/Src/stm32f1xx_hal.o
LOAD ./Drivers/STM32F1xx_HAL_Driver/Src/stm32f1xx_hal_adc.o
LOAD ./Drivers/STM32F1xx_HAL_Driver/Src/stm32f1xx_hal_adc_ex.o
LOAD ./Drivers/STM32F1xx_HAL_Driver/Src/stm32f1xx_hal_cortex.o
LOAD ./Drivers/STM32F1xx_HAL_Driver/Src/stm32f1xx_hal_dma.o
LOAD ./Drivers/STM32F1xx_HAL_Driver/Src/stm32f1xx_hal_exti.o
LOAD ./Drivers/STM32F1xx_HAL_Driver/Src/stm32f1xx_hal_flash.o
LOAD ./Drivers/STM32F1xx_HAL_Driver/Src/stm32f1xx_hal_flash_ex.o
LOAD ./Drivers/STM32F1xx_HAL_Driver/Src/stm32f1xx_hal_gpio.o
LOAD ./Drivers/STM32F1xx_HAL_Driver/Src/stm32f1xx_hal_gpio_ex.o
LOAD ./Drivers/STM32F1xx_HAL_Driver/Src/stm32f1xx_hal_i2c.o
LOAD ./Drivers/STM32F1xx_HAL_Driver/Src/stm32f1xx_hal_pcd.o
LOAD ./Drivers/STM32F1xx_HAL_Driver/Src/stm32f1xx_hal_pcd_ex.o
LOAD ./Drivers/STM32F1xx_HAL_Driver/Src/stm32f1xx_hal_pwr.o
LOAD ./Drivers/STM32F1xx_HAL_Driver/Src/stm32f1xx_hal_rcc.o
LOAD ./Drivers/STM32F1xx_HAL_Driver/Src/stm32f1xx_hal_rcc_ex.o
LOAD ./Drivers/STM32F1xx_HAL_Driver/Src/stm32f1xx_hal_tim.o
LOAD ./Drivers/STM32F1xx_HAL_Driver/Src/stm32f1xx_hal_tim_ex.o
LOAD ./Drivers/STM32F1xx_HAL_Driver/Src/stm32f1xx_ll_usb.o
START GROUP
LOAD /opt/st/stm32cubeide_1.8.0/plugins/com.st.stm32cube.ide.mcu.externaltools.gnu-tools-for-stm32.9-2020-q2-update.linux64_2.0.0.202105311346/tools/bin/../lib/gcc/arm-none-eabi/9.3.1/../../../../arm-none-eabi/lib/thumb/v7-m/nofp/libc_nano.a
LOAD /opt/st/stm32cubeide_1.8.0/plugins/com.st.stm32cube.ide.mcu.externaltools.gnu-tools-for-stm32.9-2020-q2-update.linux64_2.0.0.202105311346/tools/bin/../lib/gcc/arm-none-eabi/9.3.1/../../../../arm-none-eabi/lib/thumb/v7-m/nofp/libm.a
END GROUP
START GROUP
LOAD /opt/st/stm32cubeide_1.8.0/plugins/com.st.stm32cube.ide.mcu.externaltools.gnu-tools-for-stm32.9-2020-q2-update.linux64_2.0.0.202105311346/tools/bin/../lib/gcc/arm-none-eabi/9.3.1/thumb/v7-m/nofp/libgcc.a
LOAD /opt/st/stm32cubeide_1.8.0/plugins/com.st.stm32cube.ide.mcu.externaltools.gnu-tools-for-stm32.9-2020-q2-update.linux64_2.0.0.202105311346/tools/bin/../lib/gcc/arm-none-eabi/9.3.1/../../../../arm-none-eabi/lib/thumb/v7-m/nofp/libc_nano.a
END GROUP
START GROUP
LOAD /opt/st/stm32cubeide_1.8.0/plugins/com.st.stm32cube.ide.mcu.externaltools.gnu-tools-for-stm32.9-2020-q2-update.linux64_2.0.0.202105311346/tools/bin/../lib/gcc/arm-none-eabi/9.3.1/thumb/v7-m/nofp/libgcc.a
LOAD /opt/st/stm32cubeide_1.8.0/plugins/com.st.stm32cube.ide.mcu.externaltools.gnu-tools-for-stm32.9-2020-q2-update.linux64_2.0.0.202105311346/tools/bin/../lib/gcc/arm-none-eabi/9.3.1/../../../../arm-none-eabi/lib/thumb/v7-m/nofp/libc_nano.a
LOAD /opt/st/stm32cubeide_1.8.0/plugins/com.st.stm32cube.ide.mcu.externaltools.gnu-tools-for-stm32.9-2020-q2-update.linux64_2.0.0.202105311346/tools/bin/../lib/gcc/arm-none-eabi/9.3.1/../../../../arm-none-eabi/lib/thumb/v7-m/nofp/libnosys.a
END GROUP
START GROUP
LOAD /opt/st/stm32cubeide_1.8.0/plugins/com.st.stm32cube.ide.mcu.externaltools.gnu-tools-for-stm32.9-2020-q2-update.linux64_2.0.0.202105311346/tools/bin/../lib/gcc/arm-none-eabi/9.3.1/thumb/v7-m/nofp/libgcc.a
LOAD /opt/st/stm32cubeide_1.8.0/plugins/com.st.stm32cube.ide.mcu.externaltools.gnu-tools-for-stm32.9-2020-q2-update.linux64_2.0.0.202105311346/tools/bin/../lib/gcc/arm-none-eabi/9.3.1/../../../../arm-none-eabi/lib/thumb/v7-m/nofp/libc_nano.a
LOAD /opt/st/stm32cubeide_1.8.0/plugins/com.st.stm32cube.ide.mcu.externaltools.gnu-tools-for-stm32.9-2020-q2-update.linux64_2.0.0.202105311346/tools/bin/../lib/gcc/arm-none-eabi/9.3.1/../../../../arm-none-eabi/lib/thumb/v7-m/nofp/libnosys.a
END GROUP
LOAD /opt/st/stm32cubeide_1.8.0/plugins/com.st.stm32cube.ide.mcu.externaltools.gnu-tools-for-stm32.9-2020-q2-update.linux64_2.0.0.202105311346/tools/bin/../lib/gcc/arm-none-eabi/9.3.1/thumb/v7-m/nofp/crtend.o
LOAD /opt/st/stm32cubeide_1.8.0/plugins/com.st.stm32cube.ide.mcu.externaltools.gnu-tools-for-stm32.9-2020-q2-update.linux64_2.0.0.202105311346/tools/bin/../lib/gcc/arm-none-eabi/9.3.1/thumb/v7-m/nofp/crtn.o
                0x0000000020005000                _estack = (ORIGIN (RAM) + LENGTH (RAM))
                0x0000000000000200                _Min_Heap_Size = 0x200
                0x0000000000000400                _Min_Stack_Size = 0x400

.isr_vector     0x0000000008000000      0x10c
                0x0000000008000000                . = ALIGN (0x4)
 *(.isr_vector)
 .isr_vector    0x0000000008000000      0x10c ./Core/Startup/startup_stm32f103c8tx.o
                0x0000000008000000                g_pfnVectors
                0x000000000800010c                . = ALIGN (0x4)

.text           0x000000000800010c     0x4418
                0x000000000800010c                . = ALIGN (0x4)
 *(.text)
 .text          0x000000000800010c       0x40 /opt/st/stm32cubeide_1.8.0/plugins/com.st.stm32cube.ide.mcu.externaltools.gnu-tools-for-stm32.9-2020-q2-update.linux64_2.0.0.202105311346/tools/bin/../lib/gcc/arm-none-eabi/9.3.1/thumb/v7-m/nofp/crtbegin.o
 *(.text*)
 .text.MX_GPIO_Init
                0x000000000800014c       0x8c ./Core/Src/main.o
 .text.mapGpioPort
                0x00000000080001d8       0x38 ./Core/Src/main.o
                0x00000000080001d8                mapGpioPort
 .text.mapGpioPin
                0x0000000008000210       0x70 ./Core/Src/main.o
                0x0000000008000210                mapGpioPin
 .text.mapGpioDir
                0x0000000008000280       0x34 ./Core/Src/main.o
                0x0000000008000280                mapGpioDir
 .text.mapAdcPin
                0x00000000080002b4       0x3c ./Core/Src/main.o
                0x00000000080002b4                mapAdcPin
 .text.Error_Handler
                0x00000000080002f0        0x4 ./Core/Src/main.o
                0x00000000080002f0                Error_Handler
 .text.MX_ADC1_Init
                0x00000000080002f4       0x30 ./Core/Src/main.o
 .text.MX_ADC2_Init
                0x0000000008000324       0x30 ./Core/Src/main.o
 .text.SystemClock_Config
                0x0000000008000354       0x88 ./Core/Src/main.o
                0x0000000008000354                SystemClock_Config
 .text.main     0x00000000080003dc      0x26c ./Core/Src/main.o
                0x00000000080003dc                main
 .text.HAL_MspInit
                0x0000000008000648       0x44 ./Core/Src/stm32f1xx_hal_msp.o
                0x0000000008000648                HAL_MspInit
 .text.HAL_ADC_MspInit
                0x000000000800068c       0x4c ./Core/Src/stm32f1xx_hal_msp.o
                0x000000000800068c                HAL_ADC_MspInit
 .text.NMI_Handler
                0x00000000080006d8        0x8 ./Core/Src/stm32f1xx_it.o
                0x00000000080006d8                NMI_Handler
 .text.HardFault_Handler
                0x00000000080006e0        0x2 ./Core/Src/stm32f1xx_it.o
                0x00000000080006e0                HardFault_Handler
 .text.MemManage_Handler
                0x00000000080006e2        0x2 ./Core/Src/stm32f1xx_it.o
                0x00000000080006e2                MemManage_Handler
 .text.BusFault_Handler
                0x00000000080006e4        0x2 ./Core/Src/stm32f1xx_it.o
                0x00000000080006e4                BusFault_Handler
 .text.UsageFault_Handler
                0x00000000080006e6        0x2 ./Core/Src/stm32f1xx_it.o
                0x00000000080006e6                UsageFault_Handler
 .text.SVC_Handler
                0x00000000080006e8        0x2 ./Core/Src/stm32f1xx_it.o
                0x00000000080006e8                SVC_Handler
 .text.DebugMon_Handler
                0x00000000080006ea        0x2 ./Core/Src/stm32f1xx_it.o
                0x00000000080006ea                DebugMon_Handler
 .text.PendSV_Handler
                0x00000000080006ec        0x2 ./Core/Src/stm32f1xx_it.o
                0x00000000080006ec                PendSV_Handler
 .text.SysTick_Handler
                0x00000000080006ee        0x8 ./Core/Src/stm32f1xx_it.o
                0x00000000080006ee                SysTick_Handler
 *fill*         0x00000000080006f6        0x2 
 .text.USB_HP_CAN1_TX_IRQHandler
                0x00000000080006f8       0x10 ./Core/Src/stm32f1xx_it.o
                0x00000000080006f8                USB_HP_CAN1_TX_IRQHandler
 .text.USB_LP_CAN1_RX0_IRQHandler
                0x0000000008000708       0x10 ./Core/Src/stm32f1xx_it.o
                0x0000000008000708                USB_LP_CAN1_RX0_IRQHandler
 .text.SystemInit
                0x0000000008000718        0x2 ./Core/Src/system_stm32f1xx.o
                0x0000000008000718                SystemInit
 *fill*         0x000000000800071a        0x2 
 .text.MX_USB_DEVICE_Init
                0x000000000800071c       0x40 ./Core/Src/usb_device.o
                0x000000000800071c                MX_USB_DEVICE_Init
 .text.USBD_DEV_GetFSCfgDesc
                0x000000000800075c        0xc ./Core/Src/usbd.o
 .text.USBD_DEV_DataIn
                0x0000000008000768       0x14 ./Core/Src/usbd.o
 .text.USBD_DEV_GetDeviceQualifierDesc
                0x000000000800077c        0xc ./Core/Src/usbd.o
 .text.USBD_DEV_DataOut
                0x0000000008000788       0x1c ./Core/Src/usbd.o
 .text.USBD_DEV_Setup
                0x00000000080007a4      0x114 ./Core/Src/usbd.o
 .text.USBD_DEV_DeInit
                0x00000000080008b8       0x18 ./Core/Src/usbd.o
 .text.USBD_DEV_Init
                0x00000000080008d0       0x4c ./Core/Src/usbd.o
 .text.USBD_Transmit
                0x000000000800091c       0x30 ./Core/Src/usbd.o
                0x000000000800091c                USBD_Transmit
 .text.USBD_Get_USB_Status
                0x000000000800094c       0x14 ./Core/Src/usbd_conf.o
 .text.HAL_PCD_MspInit
                0x0000000008000960       0x40 ./Core/Src/usbd_conf.o
                0x0000000008000960                HAL_PCD_MspInit
 .text.HAL_PCD_SetupStageCallback
                0x00000000080009a0       0x10 ./Core/Src/usbd_conf.o
                0x00000000080009a0                HAL_PCD_SetupStageCallback
 .text.HAL_PCD_DataOutStageCallback
                0x00000000080009b0       0x18 ./Core/Src/usbd_conf.o
                0x00000000080009b0                HAL_PCD_DataOutStageCallback
 .text.HAL_PCD_DataInStageCallback
                0x00000000080009c8       0x16 ./Core/Src/usbd_conf.o
                0x00000000080009c8                HAL_PCD_DataInStageCallback
 .text.HAL_PCD_SOFCallback
                0x00000000080009de        0xc ./Core/Src/usbd_conf.o
                0x00000000080009de                HAL_PCD_SOFCallback
 .text.HAL_PCD_ResetCallback
                0x00000000080009ea       0x24 ./Core/Src/usbd_conf.o
                0x00000000080009ea                HAL_PCD_ResetCallback
 *fill*         0x0000000008000a0e        0x2 
 .text.HAL_PCD_SuspendCallback
                0x0000000008000a10       0x20 ./Core/Src/usbd_conf.o
                0x0000000008000a10                HAL_PCD_SuspendCallback
 .text.HAL_PCD_ResumeCallback
                0x0000000008000a30        0xc ./Core/Src/usbd_conf.o
                0x0000000008000a30                HAL_PCD_ResumeCallback
 .text.USBD_LL_Init
                0x0000000008000a3c       0x74 ./Core/Src/usbd_conf.o
                0x0000000008000a3c                USBD_LL_Init
 .text.USBD_LL_Start
                0x0000000008000ab0       0x10 ./Core/Src/usbd_conf.o
                0x0000000008000ab0                USBD_LL_Start
 .text.USBD_LL_OpenEP
                0x0000000008000ac0       0x16 ./Core/Src/usbd_conf.o
                0x0000000008000ac0                USBD_LL_OpenEP
 .text.USBD_LL_StallEP
                0x0000000008000ad6       0x10 ./Core/Src/usbd_conf.o
                0x0000000008000ad6                USBD_LL_StallEP
 .text.USBD_LL_ClearStallEP
                0x0000000008000ae6       0x10 ./Core/Src/usbd_conf.o
                0x0000000008000ae6                USBD_LL_ClearStallEP
 .text.USBD_LL_IsStallEP
                0x0000000008000af6       0x2e ./Core/Src/usbd_conf.o
                0x0000000008000af6                USBD_LL_IsStallEP
 .text.USBD_LL_SetUSBAddress
                0x0000000008000b24       0x10 ./Core/Src/usbd_conf.o
                0x0000000008000b24                USBD_LL_SetUSBAddress
 .text.USBD_LL_Transmit
                0x0000000008000b34       0x10 ./Core/Src/usbd_conf.o
                0x0000000008000b34                USBD_LL_Transmit
 .text.USBD_LL_PrepareReceive
                0x0000000008000b44       0x10 ./Core/Src/usbd_conf.o
                0x0000000008000b44                USBD_LL_PrepareReceive
 .text.USBD_static_malloc
                0x0000000008000b54        0x8 ./Core/Src/usbd_conf.o
                0x0000000008000b54                USBD_static_malloc
 .text.USBD_static_free
                0x0000000008000b5c        0x2 ./Core/Src/usbd_conf.o
                0x0000000008000b5c                USBD_static_free
 .text.HAL_PCDEx_SetConnectionState
                0x0000000008000b5e        0x2 ./Core/Src/usbd_conf.o
                0x0000000008000b5e                HAL_PCDEx_SetConnectionState
 .text.USBD_Init
                0x0000000008000b60       0x2e ./Core/Src/usbd_core.o
                0x0000000008000b60                USBD_Init
 .text.USBD_RegisterClass
                0x0000000008000b8e        0xe ./Core/Src/usbd_core.o
                0x0000000008000b8e                USBD_RegisterClass
 .text.USBD_Start
                0x0000000008000b9c        0xa ./Core/Src/usbd_core.o
                0x0000000008000b9c                USBD_Start
 .text.USBD_SetClassConfig
                0x0000000008000ba6       0x18 ./Core/Src/usbd_core.o
                0x0000000008000ba6                USBD_SetClassConfig
 .text.USBD_ClrClassConfig
                0x0000000008000bbe        0xe ./Core/Src/usbd_core.o
                0x0000000008000bbe                USBD_ClrClassConfig
 .text.USBD_LL_SetupStage
                0x0000000008000bcc       0x5a ./Core/Src/usbd_core.o
                0x0000000008000bcc                USBD_LL_SetupStage
 .text.USBD_LL_DataOutStage
                0x0000000008000c26       0x8c ./Core/Src/usbd_core.o
                0x0000000008000c26                USBD_LL_DataOutStage
 .text.USBD_LL_DataInStage
                0x0000000008000cb2       0xd0 ./Core/Src/usbd_core.o
                0x0000000008000cb2                USBD_LL_DataInStage
 .text.USBD_LL_Reset
                0x0000000008000d82       0x50 ./Core/Src/usbd_core.o
                0x0000000008000d82                USBD_LL_Reset
 .text.USBD_LL_SetSpeed
                0x0000000008000dd2        0x6 ./Core/Src/usbd_core.o
                0x0000000008000dd2                USBD_LL_SetSpeed
 .text.USBD_LL_Suspend
                0x0000000008000dd8       0x12 ./Core/Src/usbd_core.o
                0x0000000008000dd8                USBD_LL_Suspend
 .text.USBD_LL_Resume
                0x0000000008000dea       0x16 ./Core/Src/usbd_core.o
                0x0000000008000dea                USBD_LL_Resume
 .text.USBD_LL_SOF
                0x0000000008000e00       0x1c ./Core/Src/usbd_core.o
                0x0000000008000e00                USBD_LL_SOF
 .text.USBD_GetLen
                0x0000000008000e1c       0x12 ./Core/Src/usbd_ctlreq.o
 .text.USBD_SetFeature
                0x0000000008000e2e       0x14 ./Core/Src/usbd_ctlreq.o
 .text.USBD_ParseSetupRequest
                0x0000000008000e42       0x28 ./Core/Src/usbd_ctlreq.o
                0x0000000008000e42                USBD_ParseSetupRequest
 .text.USBD_CtlError
                0x0000000008000e6a       0x14 ./Core/Src/usbd_ctlreq.o
                0x0000000008000e6a                USBD_CtlError
 .text.USBD_GetDescriptor
                0x0000000008000e7e      0x186 ./Core/Src/usbd_ctlreq.o
 .text.USBD_SetAddress
                0x0000000008001004       0x4e ./Core/Src/usbd_ctlreq.o
 *fill*         0x0000000008001052        0x2 
 .text.USBD_SetConfig
                0x0000000008001054       0xb0 ./Core/Src/usbd_ctlreq.o
 .text.USBD_GetConfig
                0x0000000008001104       0x3e ./Core/Src/usbd_ctlreq.o
 .text.USBD_GetStatus
                0x0000000008001142       0x38 ./Core/Src/usbd_ctlreq.o
 .text.USBD_ClrFeature
                0x000000000800117a       0x26 ./Core/Src/usbd_ctlreq.o
 .text.USBD_StdDevReq
                0x00000000080011a0       0x68 ./Core/Src/usbd_ctlreq.o
                0x00000000080011a0                USBD_StdDevReq
 .text.USBD_StdItfReq
                0x0000000008001208       0x60 ./Core/Src/usbd_ctlreq.o
                0x0000000008001208                USBD_StdItfReq
 .text.USBD_StdEPReq
                0x0000000008001268      0x1e2 ./Core/Src/usbd_ctlreq.o
                0x0000000008001268                USBD_StdEPReq
 .text.USBD_GetString
                0x000000000800144a       0x38 ./Core/Src/usbd_ctlreq.o
                0x000000000800144a                USBD_GetString
 *fill*         0x0000000008001482        0x2 
 .text.USBD_FS_DeviceDescriptor
                0x0000000008001484        0xc ./Core/Src/usbd_desc.o
                0x0000000008001484                USBD_FS_DeviceDescriptor
 .text.USBD_FS_LangIDStrDescriptor
                0x0000000008001490        0xc ./Core/Src/usbd_desc.o
                0x0000000008001490                USBD_FS_LangIDStrDescriptor
 .text.IntToUnicode
                0x000000000800149c       0x38 ./Core/Src/usbd_desc.o
 .text.Get_SerialNum
                0x00000000080014d4       0x34 ./Core/Src/usbd_desc.o
 .text.USBD_FS_SerialStrDescriptor
                0x0000000008001508       0x14 ./Core/Src/usbd_desc.o
                0x0000000008001508                USBD_FS_SerialStrDescriptor
 .text.USBD_FS_ProductStrDescriptor
                0x000000000800151c       0x24 ./Core/Src/usbd_desc.o
                0x000000000800151c                USBD_FS_ProductStrDescriptor
 .text.USBD_FS_ManufacturerStrDescriptor
                0x0000000008001540       0x1c ./Core/Src/usbd_desc.o
                0x0000000008001540                USBD_FS_ManufacturerStrDescriptor
 .text.USBD_FS_ConfigStrDescriptor
                0x000000000800155c       0x24 ./Core/Src/usbd_desc.o
                0x000000000800155c                USBD_FS_ConfigStrDescriptor
 .text.USBD_FS_InterfaceStrDescriptor
                0x0000000008001580       0x24 ./Core/Src/usbd_desc.o
                0x0000000008001580                USBD_FS_InterfaceStrDescriptor
 .text.USBD_CtlSendData
                0x00000000080015a4       0x1a ./Core/Src/usbd_ioreq.o
                0x00000000080015a4                USBD_CtlSendData
 .text.USBD_CtlContinueSendData
                0x00000000080015be       0x10 ./Core/Src/usbd_ioreq.o
                0x00000000080015be                USBD_CtlContinueSendData
 .text.USBD_CtlContinueRx
                0x00000000080015ce       0x10 ./Core/Src/usbd_ioreq.o
                0x00000000080015ce                USBD_CtlContinueRx
 .text.USBD_CtlSendStatus
                0x00000000080015de       0x16 ./Core/Src/usbd_ioreq.o
                0x00000000080015de                USBD_CtlSendStatus
 .text.USBD_CtlReceiveStatus
                0x00000000080015f4       0x16 ./Core/Src/usbd_ioreq.o
                0x00000000080015f4                USBD_CtlReceiveStatus
 *fill*         0x000000000800160a        0x2 
 .text.Reset_Handler
                0x000000000800160c       0x48 ./Core/Startup/startup_stm32f103c8tx.o
                0x000000000800160c                Reset_Handler
 .text.Default_Handler
                0x0000000008001654        0x2 ./Core/Startup/startup_stm32f103c8tx.o
                0x0000000008001654                RTC_Alarm_IRQHandler
                0x0000000008001654                EXTI2_IRQHandler
                0x0000000008001654                TIM1_CC_IRQHandler
                0x0000000008001654                PVD_IRQHandler
                0x0000000008001654                EXTI3_IRQHandler
                0x0000000008001654                EXTI0_IRQHandler
                0x0000000008001654                I2C2_EV_IRQHandler
                0x0000000008001654                ADC1_2_IRQHandler
                0x0000000008001654                SPI1_IRQHandler
                0x0000000008001654                TAMPER_IRQHandler
                0x0000000008001654                DMA1_Channel4_IRQHandler
                0x0000000008001654                USART3_IRQHandler
                0x0000000008001654                RTC_IRQHandler
                0x0000000008001654                DMA1_Channel7_IRQHandler
                0x0000000008001654                CAN1_RX1_IRQHandler
                0x0000000008001654                TIM4_IRQHandler
                0x0000000008001654                I2C1_EV_IRQHandler
                0x0000000008001654                DMA1_Channel6_IRQHandler
                0x0000000008001654                TIM3_IRQHandler
                0x0000000008001654                RCC_IRQHandler
                0x0000000008001654                TIM1_TRG_COM_IRQHandler
                0x0000000008001654                DMA1_Channel1_IRQHandler
                0x0000000008001654                Default_Handler
                0x0000000008001654                EXTI15_10_IRQHandler
                0x0000000008001654                EXTI9_5_IRQHandler
                0x0000000008001654                SPI2_IRQHandler
                0x0000000008001654                DMA1_Channel5_IRQHandler
                0x0000000008001654                EXTI4_IRQHandler
                0x0000000008001654                DMA1_Channel3_IRQHandler
                0x0000000008001654                TIM1_UP_IRQHandler
                0x0000000008001654                WWDG_IRQHandler
                0x0000000008001654                TIM2_IRQHandler
                0x0000000008001654                TIM1_BRK_IRQHandler
                0x0000000008001654                EXTI1_IRQHandler
                0x0000000008001654                USART2_IRQHandler
                0x0000000008001654                I2C2_ER_IRQHandler
                0x0000000008001654                DMA1_Channel2_IRQHandler
                0x0000000008001654                CAN1_SCE_IRQHandler
                0x0000000008001654                FLASH_IRQHandler
                0x0000000008001654                USART1_IRQHandler
                0x0000000008001654                I2C1_ER_IRQHandler
                0x0000000008001654                USBWakeUp_IRQHandler
 *fill*         0x0000000008001656        0x2 
 .text.HAL_InitTick
                0x0000000008001658       0x4c ./Drivers/STM32F1xx_HAL_Driver/Src/stm32f1xx_hal.o
                0x0000000008001658                HAL_InitTick
 .text.HAL_Init
                0x00000000080016a4       0x24 ./Drivers/STM32F1xx_HAL_Driver/Src/stm32f1xx_hal.o
                0x00000000080016a4                HAL_Init
 .text.HAL_IncTick
                0x00000000080016c8       0x18 ./Drivers/STM32F1xx_HAL_Driver/Src/stm32f1xx_hal.o
                0x00000000080016c8                HAL_IncTick
 .text.HAL_GetTick
                0x00000000080016e0        0xc ./Drivers/STM32F1xx_HAL_Driver/Src/stm32f1xx_hal.o
                0x00000000080016e0                HAL_GetTick
 .text.HAL_ADC_PollForConversion
                0x00000000080016ec      0x184 ./Drivers/STM32F1xx_HAL_Driver/Src/stm32f1xx_hal_adc.o
                0x00000000080016ec                HAL_ADC_PollForConversion
 .text.HAL_ADC_GetValue
                0x0000000008001870        0x6 ./Drivers/STM32F1xx_HAL_Driver/Src/stm32f1xx_hal_adc.o
                0x0000000008001870                HAL_ADC_GetValue
 *fill*         0x0000000008001876        0x2 
 .text.HAL_ADC_ConfigChannel
                0x0000000008001878      0x138 ./Drivers/STM32F1xx_HAL_Driver/Src/stm32f1xx_hal_adc.o
                0x0000000008001878                HAL_ADC_ConfigChannel
 .text.ADC_Enable
                0x00000000080019b0       0x88 ./Drivers/STM32F1xx_HAL_Driver/Src/stm32f1xx_hal_adc.o
                0x00000000080019b0                ADC_Enable
 .text.HAL_ADC_Start
                0x0000000008001a38       0xe8 ./Drivers/STM32F1xx_HAL_Driver/Src/stm32f1xx_hal_adc.o
                0x0000000008001a38                HAL_ADC_Start
 .text.ADC_ConversionStop_Disable
                0x0000000008001b20       0x56 ./Drivers/STM32F1xx_HAL_Driver/Src/stm32f1xx_hal_adc.o
                0x0000000008001b20                ADC_ConversionStop_Disable
 *fill*         0x0000000008001b76        0x2 
 .text.HAL_ADC_Init
                0x0000000008001b78      0x108 ./Drivers/STM32F1xx_HAL_Driver/Src/stm32f1xx_hal_adc.o
                0x0000000008001b78                HAL_ADC_Init
 .text.HAL_ADC_Stop
                0x0000000008001c80       0x34 ./Drivers/STM32F1xx_HAL_Driver/Src/stm32f1xx_hal_adc.o
                0x0000000008001c80                HAL_ADC_Stop
 .text.HAL_NVIC_SetPriorityGrouping
                0x0000000008001cb4       0x24 ./Drivers/STM32F1xx_HAL_Driver/Src/stm32f1xx_hal_cortex.o
                0x0000000008001cb4                HAL_NVIC_SetPriorityGrouping
 .text.HAL_NVIC_SetPriority
                0x0000000008001cd8       0x68 ./Drivers/STM32F1xx_HAL_Driver/Src/stm32f1xx_hal_cortex.o
                0x0000000008001cd8                HAL_NVIC_SetPriority
 .text.HAL_NVIC_EnableIRQ
                0x0000000008001d40       0x1c ./Drivers/STM32F1xx_HAL_Driver/Src/stm32f1xx_hal_cortex.o
                0x0000000008001d40                HAL_NVIC_EnableIRQ
 .text.HAL_SYSTICK_Config
                0x0000000008001d5c       0x2c ./Drivers/STM32F1xx_HAL_Driver/Src/stm32f1xx_hal_cortex.o
                0x0000000008001d5c                HAL_SYSTICK_Config
 .text.HAL_GPIO_Init
                0x0000000008001d88      0x220 ./Drivers/STM32F1xx_HAL_Driver/Src/stm32f1xx_hal_gpio.o
                0x0000000008001d88                HAL_GPIO_Init
 .text.HAL_GPIO_ReadPin
                0x0000000008001fa8        0xe ./Drivers/STM32F1xx_HAL_Driver/Src/stm32f1xx_hal_gpio.o
                0x0000000008001fa8                HAL_GPIO_ReadPin
 .text.HAL_GPIO_WritePin
                0x0000000008001fb6        0xc ./Drivers/STM32F1xx_HAL_Driver/Src/stm32f1xx_hal_gpio.o
                0x0000000008001fb6                HAL_GPIO_WritePin
 .text.HAL_PCD_EP_DB_Receive
                0x0000000008001fc2      0x116 ./Drivers/STM32F1xx_HAL_Driver/Src/stm32f1xx_hal_pcd.o
 .text.HAL_PCD_Init
                0x00000000080020d8      0x10c ./Drivers/STM32F1xx_HAL_Driver/Src/stm32f1xx_hal_pcd.o
                0x00000000080020d8                HAL_PCD_Init
 .text.HAL_PCD_Start
                0x00000000080021e4       0x32 ./Drivers/STM32F1xx_HAL_Driver/Src/stm32f1xx_hal_pcd.o
                0x00000000080021e4                HAL_PCD_Start
 .text.HAL_PCD_EP_DB_Transmit
                0x0000000008002216      0x420 ./Drivers/STM32F1xx_HAL_Driver/Src/stm32f1xx_hal_pcd.o
 .text.PCD_EP_ISR_Handler
                0x0000000008002636      0x440 ./Drivers/STM32F1xx_HAL_Driver/Src/stm32f1xx_hal_pcd.o
 .text.HAL_PCD_SetAddress
                0x0000000008002a76       0x28 ./Drivers/STM32F1xx_HAL_Driver/Src/stm32f1xx_hal_pcd.o
                0x0000000008002a76                HAL_PCD_SetAddress
 .text.HAL_PCD_IRQHandler
                0x0000000008002a9e      0x1d2 ./Drivers/STM32F1xx_HAL_Driver/Src/stm32f1xx_hal_pcd.o
                0x0000000008002a9e                HAL_PCD_IRQHandler
 .text.HAL_PCD_EP_Open
                0x0000000008002c70       0x78 ./Drivers/STM32F1xx_HAL_Driver/Src/stm32f1xx_hal_pcd.o
                0x0000000008002c70                HAL_PCD_EP_Open
 .text.HAL_PCD_EP_Receive
                0x0000000008002ce8       0x44 ./Drivers/STM32F1xx_HAL_Driver/Src/stm32f1xx_hal_pcd.o
                0x0000000008002ce8                HAL_PCD_EP_Receive
 .text.HAL_PCD_EP_Transmit
                0x0000000008002d2c       0x46 ./Drivers/STM32F1xx_HAL_Driver/Src/stm32f1xx_hal_pcd.o
                0x0000000008002d2c                HAL_PCD_EP_Transmit
 .text.HAL_PCD_EP_SetStall
                0x0000000008002d72       0x78 ./Drivers/STM32F1xx_HAL_Driver/Src/stm32f1xx_hal_pcd.o
                0x0000000008002d72                HAL_PCD_EP_SetStall
 .text.HAL_PCD_EP_ClrStall
                0x0000000008002dea       0x76 ./Drivers/STM32F1xx_HAL_Driver/Src/stm32f1xx_hal_pcd.o
                0x0000000008002dea                HAL_PCD_EP_ClrStall
 .text.HAL_PCDEx_PMAConfig
                0x0000000008002e60       0x38 ./Drivers/STM32F1xx_HAL_Driver/Src/stm32f1xx_hal_pcd_ex.o
                0x0000000008002e60                HAL_PCDEx_PMAConfig
 .text.RCC_Delay
                0x0000000008002e98       0x2c ./Drivers/STM32F1xx_HAL_Driver/Src/stm32f1xx_hal_rcc.o
 .text.HAL_RCC_OscConfig
                0x0000000008002ec4      0x410 ./Drivers/STM32F1xx_HAL_Driver/Src/stm32f1xx_hal_rcc.o
                0x0000000008002ec4                HAL_RCC_OscConfig
 .text.HAL_RCC_EnableCSS
                0x00000000080032d4        0xc ./Drivers/STM32F1xx_HAL_Driver/Src/stm32f1xx_hal_rcc.o
                0x00000000080032d4                HAL_RCC_EnableCSS
 .text.HAL_RCC_GetSysClockFreq
                0x00000000080032e0       0x6c ./Drivers/STM32F1xx_HAL_Driver/Src/stm32f1xx_hal_rcc.o
                0x00000000080032e0                HAL_RCC_GetSysClockFreq
 .text.HAL_RCC_ClockConfig
                0x000000000800334c      0x16c ./Drivers/STM32F1xx_HAL_Driver/Src/stm32f1xx_hal_rcc.o
                0x000000000800334c                HAL_RCC_ClockConfig
 .text.HAL_RCC_GetHCLKFreq
                0x00000000080034b8        0xc ./Drivers/STM32F1xx_HAL_Driver/Src/stm32f1xx_hal_rcc.o
                0x00000000080034b8                HAL_RCC_GetHCLKFreq
 .text.HAL_RCC_GetPCLK2Freq
                0x00000000080034c4       0x20 ./Drivers/STM32F1xx_HAL_Driver/Src/stm32f1xx_hal_rcc.o
                0x00000000080034c4                HAL_RCC_GetPCLK2Freq
 .text.HAL_RCC_CSSCallback
                0x00000000080034e4        0x2 ./Drivers/STM32F1xx_HAL_Driver/Src/stm32f1xx_hal_rcc.o
                0x00000000080034e4                HAL_RCC_CSSCallback
 *fill*         0x00000000080034e6        0x2 
 .text.HAL_RCC_NMI_IRQHandler
                0x00000000080034e8       0x24 ./Drivers/STM32F1xx_HAL_Driver/Src/stm32f1xx_hal_rcc.o
                0x00000000080034e8                HAL_RCC_NMI_IRQHandler
 .text.HAL_RCCEx_PeriphCLKConfig
                0x000000000800350c      0x114 ./Drivers/STM32F1xx_HAL_Driver/Src/stm32f1xx_hal_rcc_ex.o
                0x000000000800350c                HAL_RCCEx_PeriphCLKConfig
 .text.HAL_RCCEx_GetPeriphCLKFreq
                0x0000000008003620       0xf4 ./Drivers/STM32F1xx_HAL_Driver/Src/stm32f1xx_hal_rcc_ex.o
                0x0000000008003620                HAL_RCCEx_GetPeriphCLKFreq
 .text.USB_CoreInit
                0x0000000008003714        0xe ./Drivers/STM32F1xx_HAL_Driver/Src/stm32f1xx_ll_usb.o
                0x0000000008003714                USB_CoreInit
 .text.USB_EnableGlobalInt
                0x0000000008003722       0x12 ./Drivers/STM32F1xx_HAL_Driver/Src/stm32f1xx_ll_usb.o
                0x0000000008003722                USB_EnableGlobalInt
 .text.USB_DisableGlobalInt
                0x0000000008003734       0x14 ./Drivers/STM32F1xx_HAL_Driver/Src/stm32f1xx_ll_usb.o
                0x0000000008003734                USB_DisableGlobalInt
 .text.USB_SetCurrentMode
                0x0000000008003748        0x4 ./Drivers/STM32F1xx_HAL_Driver/Src/stm32f1xx_ll_usb.o
                0x0000000008003748                USB_SetCurrentMode
 .text.USB_DevInit
                0x000000000800374c       0x26 ./Drivers/STM32F1xx_HAL_Driver/Src/stm32f1xx_ll_usb.o
                0x000000000800374c                USB_DevInit
 .text.USB_ActivateEndpoint
                0x0000000008003772      0x33e ./Drivers/STM32F1xx_HAL_Driver/Src/stm32f1xx_ll_usb.o
                0x0000000008003772                USB_ActivateEndpoint
 .text.USB_EPSetStall
                0x0000000008003ab0       0x4a ./Drivers/STM32F1xx_HAL_Driver/Src/stm32f1xx_ll_usb.o
                0x0000000008003ab0                USB_EPSetStall
 .text.USB_EPClearStall
                0x0000000008003afa       0xa2 ./Drivers/STM32F1xx_HAL_Driver/Src/stm32f1xx_ll_usb.o
                0x0000000008003afa                USB_EPClearStall
 .text.USB_SetDevAddress
                0x0000000008003b9c        0xc ./Drivers/STM32F1xx_HAL_Driver/Src/stm32f1xx_ll_usb.o
                0x0000000008003b9c                USB_SetDevAddress
 .text.USB_DevConnect
                0x0000000008003ba8        0x4 ./Drivers/STM32F1xx_HAL_Driver/Src/stm32f1xx_ll_usb.o
                0x0000000008003ba8                USB_DevConnect
 .text.USB_DevDisconnect
                0x0000000008003bac        0x4 ./Drivers/STM32F1xx_HAL_Driver/Src/stm32f1xx_ll_usb.o
                0x0000000008003bac                USB_DevDisconnect
 .text.USB_ReadInterrupts
                0x0000000008003bb0        0x8 ./Drivers/STM32F1xx_HAL_Driver/Src/stm32f1xx_ll_usb.o
                0x0000000008003bb0                USB_ReadInterrupts
 .text.USB_EP0_OutStart
                0x0000000008003bb8        0x4 ./Drivers/STM32F1xx_HAL_Driver/Src/stm32f1xx_ll_usb.o
                0x0000000008003bb8                USB_EP0_OutStart
 .text.USB_WritePMA
                0x0000000008003bbc       0x26 ./Drivers/STM32F1xx_HAL_Driver/Src/stm32f1xx_ll_usb.o
                0x0000000008003bbc                USB_WritePMA
 .text.USB_EPStartXfer
                0x0000000008003be2      0x8b2 ./Drivers/STM32F1xx_HAL_Driver/Src/stm32f1xx_ll_usb.o
                0x0000000008003be2                USB_EPStartXfer
 .text.USB_ReadPMA
                0x0000000008004494       0x2e ./Drivers/STM32F1xx_HAL_Driver/Src/stm32f1xx_ll_usb.o
                0x0000000008004494                USB_ReadPMA
 *fill*         0x00000000080044c2        0x2 
 .text.__libc_init_array
                0x00000000080044c4       0x48 /opt/st/stm32cubeide_1.8.0/plugins/com.st.stm32cube.ide.mcu.externaltools.gnu-tools-for-stm32.9-2020-q2-update.linux64_2.0.0.202105311346/tools/bin/../lib/gcc/arm-none-eabi/9.3.1/../../../../arm-none-eabi/lib/thumb/v7-m/nofp/libc_nano.a(lib_a-init.o)
                0x00000000080044c4                __libc_init_array
 *(.glue_7)
 .glue_7        0x000000000800450c        0x0 linker stubs
 *(.glue_7t)
 .glue_7t       0x000000000800450c        0x0 linker stubs
 *(.eh_frame)
 .eh_frame      0x000000000800450c        0x0 /opt/st/stm32cubeide_1.8.0/plugins/com.st.stm32cube.ide.mcu.externaltools.gnu-tools-for-stm32.9-2020-q2-update.linux64_2.0.0.202105311346/tools/bin/../lib/gcc/arm-none-eabi/9.3.1/thumb/v7-m/nofp/crtbegin.o
 *(.init)
 .init          0x000000000800450c        0x4 /opt/st/stm32cubeide_1.8.0/plugins/com.st.stm32cube.ide.mcu.externaltools.gnu-tools-for-stm32.9-2020-q2-update.linux64_2.0.0.202105311346/tools/bin/../lib/gcc/arm-none-eabi/9.3.1/thumb/v7-m/nofp/crti.o
                0x000000000800450c                _init
 .init          0x0000000008004510        0x8 /opt/st/stm32cubeide_1.8.0/plugins/com.st.stm32cube.ide.mcu.externaltools.gnu-tools-for-stm32.9-2020-q2-update.linux64_2.0.0.202105311346/tools/bin/../lib/gcc/arm-none-eabi/9.3.1/thumb/v7-m/nofp/crtn.o
 *(.fini)
 .fini          0x0000000008004518        0x4 /opt/st/stm32cubeide_1.8.0/plugins/com.st.stm32cube.ide.mcu.externaltools.gnu-tools-for-stm32.9-2020-q2-update.linux64_2.0.0.202105311346/tools/bin/../lib/gcc/arm-none-eabi/9.3.1/thumb/v7-m/nofp/crti.o
                0x0000000008004518                _fini
 .fini          0x000000000800451c        0x8 /opt/st/stm32cubeide_1.8.0/plugins/com.st.stm32cube.ide.mcu.externaltools.gnu-tools-for-stm32.9-2020-q2-update.linux64_2.0.0.202105311346/tools/bin/../lib/gcc/arm-none-eabi/9.3.1/thumb/v7-m/nofp/crtn.o
                0x0000000008004524                . = ALIGN (0x4)
                0x0000000008004524                _etext = .

.vfp11_veneer   0x0000000008004524        0x0
 .vfp11_veneer  0x0000000008004524        0x0 linker stubs

.v4_bx          0x0000000008004524        0x0
 .v4_bx         0x0000000008004524        0x0 linker stubs

.iplt           0x0000000008004524        0x0
 .iplt          0x0000000008004524        0x0 /opt/st/stm32cubeide_1.8.0/plugins/com.st.stm32cube.ide.mcu.externaltools.gnu-tools-for-stm32.9-2020-q2-update.linux64_2.0.0.202105311346/tools/bin/../lib/gcc/arm-none-eabi/9.3.1/thumb/v7-m/nofp/crtbegin.o

.rodata         0x0000000008004524       0x8c
                0x0000000008004524                . = ALIGN (0x4)
 *(.rodata)
 *(.rodata*)
 .rodata.main.str1.4
                0x0000000008004524       0x1f ./Core/Src/main.o
 *fill*         0x0000000008004543        0x1 
 .rodata.AHBPrescTable
                0x0000000008004544       0x10 ./Core/Src/system_stm32f1xx.o
                0x0000000008004544                AHBPrescTable
 .rodata.APBPrescTable
                0x0000000008004554        0x8 ./Core/Src/system_stm32f1xx.o
                0x0000000008004554                APBPrescTable
 .rodata.USBD_FS_ProductStrDescriptor.str1.4
                0x000000000800455c       0x15 ./Core/Src/usbd_desc.o
 *fill*         0x0000000008004571        0x3 
 .rodata.USBD_FS_ManufacturerStrDescriptor.str1.4
                0x0000000008004574        0xa ./Core/Src/usbd_desc.o
 *fill*         0x000000000800457e        0x2 
 .rodata.USBD_FS_ConfigStrDescriptor.str1.4
                0x0000000008004580        0xe ./Core/Src/usbd_desc.o
 *fill*         0x000000000800458e        0x2 
 .rodata.USBD_FS_InterfaceStrDescriptor.str1.4
                0x0000000008004590        0xa ./Core/Src/usbd_desc.o
 *fill*         0x000000000800459a        0x2 
 .rodata.HAL_RCC_GetSysClockFreq.str1.4
                0x000000000800459c       0x11 ./Drivers/STM32F1xx_HAL_Driver/Src/stm32f1xx_hal_rcc.o
 .rodata.HAL_RCCEx_GetPeriphCLKFreq.str1.4
                0x00000000080045ad       0x11 ./Drivers/STM32F1xx_HAL_Driver/Src/stm32f1xx_hal_rcc_ex.o
                0x00000000080045c0                . = ALIGN (0x4)
 *fill*         0x00000000080045ad        0x3 

.rel.dyn        0x00000000080045b0        0x0
 .rel.iplt      0x00000000080045b0        0x0 /opt/st/stm32cubeide_1.8.0/plugins/com.st.stm32cube.ide.mcu.externaltools.gnu-tools-for-stm32.9-2020-q2-update.linux64_2.0.0.202105311346/tools/bin/../lib/gcc/arm-none-eabi/9.3.1/thumb/v7-m/nofp/crtbegin.o

.ARM.extab      0x00000000080045b0        0x0
                0x00000000080045b0                . = ALIGN (0x4)
 *(.ARM.extab* .gnu.linkonce.armextab.*)
                0x00000000080045b0                . = ALIGN (0x4)

.ARM            0x00000000080045b0        0x0
                0x00000000080045b0                . = ALIGN (0x4)
                0x00000000080045b0                __exidx_start = .
 *(.ARM.exidx*)
                0x00000000080045b0                __exidx_end = .
                0x00000000080045b0                . = ALIGN (0x4)

.preinit_array  0x00000000080045b0        0x0
                0x00000000080045b0                . = ALIGN (0x4)
                0x00000000080045b0                PROVIDE (__preinit_array_start = .)
 *(.preinit_array*)
                0x00000000080045b0                PROVIDE (__preinit_array_end = .)
                0x00000000080045b0                . = ALIGN (0x4)

.init_array     0x00000000080045b0        0x4
                0x00000000080045b0                . = ALIGN (0x4)
                0x00000000080045b0                PROVIDE (__init_array_start = .)
 *(SORT_BY_NAME(.init_array.*))
 *(.init_array*)
 .init_array    0x00000000080045b0        0x4 /opt/st/stm32cubeide_1.8.0/plugins/com.st.stm32cube.ide.mcu.externaltools.gnu-tools-for-stm32.9-2020-q2-update.linux64_2.0.0.202105311346/tools/bin/../lib/gcc/arm-none-eabi/9.3.1/thumb/v7-m/nofp/crtbegin.o
                0x00000000080045b4                PROVIDE (__init_array_end = .)
                0x00000000080045b4                . = ALIGN (0x4)

.fini_array     0x00000000080045b4        0x4
                0x00000000080045b4                . = ALIGN (0x4)
                [!provide]                        PROVIDE (__fini_array_start = .)
 *(SORT_BY_NAME(.fini_array.*))
 *(.fini_array*)
 .fini_array    0x00000000080045b4        0x4 /opt/st/stm32cubeide_1.8.0/plugins/com.st.stm32cube.ide.mcu.externaltools.gnu-tools-for-stm32.9-2020-q2-update.linux64_2.0.0.202105311346/tools/bin/../lib/gcc/arm-none-eabi/9.3.1/thumb/v7-m/nofp/crtbegin.o
                [!provide]                        PROVIDE (__fini_array_end = .)
                0x00000000080045b8                . = ALIGN (0x4)
                0x00000000080045b8                _sidata = LOADADDR (.data)

.data           0x0000000020000000      0x108 load address 0x00000000080045b8
                0x0000000020000000                . = ALIGN (0x4)
                0x0000000020000000                _sdata = .
 *(.data)
 *(.data*)
 .data.usb_tx_ready
                0x0000000020000000        0x1 ./Core/Src/main.o
                0x0000000020000000                usb_tx_ready
 *fill*         0x0000000020000001        0x3 
 .data.SystemCoreClock
                0x0000000020000004        0x4 ./Core/Src/system_stm32f1xx.o
                0x0000000020000004                SystemCoreClock
 .data.HID_ReportDesc
                0x0000000020000008       0x3c ./Core/Src/usbd.o
 .data.USBD_DEV
                0x0000000020000044       0x38 ./Core/Src/usbd.o
                0x0000000020000044                USBD_DEV
 .data.USBD_DEV_CfgFSDesc
                0x000000002000007c       0x20 ./Core/Src/usbd.o
 .data.USBD_DEV_Desc
                0x000000002000009c        0x9 ./Core/Src/usbd.o
 *fill*         0x00000000200000a5        0x3 
 .data.USBD_DEV_DeviceQualifierDesc
                0x00000000200000a8        0xa ./Core/Src/usbd.o
 *fill*         0x00000000200000b2        0x2 
 .data.FS_Desc  0x00000000200000b4       0x1c ./Core/Src/usbd_desc.o
                0x00000000200000b4                FS_Desc
 .data.USBD_FS_DeviceDesc
                0x00000000200000d0       0x12 ./Core/Src/usbd_desc.o
                0x00000000200000d0                USBD_FS_DeviceDesc
 *fill*         0x00000000200000e2        0x2 
 .data.USBD_LangIDDesc
                0x00000000200000e4        0x4 ./Core/Src/usbd_desc.o
                0x00000000200000e4                USBD_LangIDDesc
 .data.USBD_StringSerial
                0x00000000200000e8       0x1a ./Core/Src/usbd_desc.o
                0x00000000200000e8                USBD_StringSerial
 .data.uwTickFreq
                0x0000000020000102        0x1 ./Drivers/STM32F1xx_HAL_Driver/Src/stm32f1xx_hal.o
                0x0000000020000102                uwTickFreq
 *fill*         0x0000000020000103        0x1 
 .data.uwTickPrio
                0x0000000020000104        0x4 ./Drivers/STM32F1xx_HAL_Driver/Src/stm32f1xx_hal.o
                0x0000000020000104                uwTickPrio
 *(.RamFunc)
 *(.RamFunc*)
                0x0000000020000108                . = ALIGN (0x4)
                0x0000000020000108                _edata = .

.igot.plt       0x0000000020000108        0x0 load address 0x00000000080046c0
 .igot.plt      0x0000000020000108        0x0 /opt/st/stm32cubeide_1.8.0/plugins/com.st.stm32cube.ide.mcu.externaltools.gnu-tools-for-stm32.9-2020-q2-update.linux64_2.0.0.202105311346/tools/bin/../lib/gcc/arm-none-eabi/9.3.1/thumb/v7-m/nofp/crtbegin.o
                0x0000000020000108                . = ALIGN (0x4)

.bss            0x0000000020000108      0x8f4 load address 0x00000000080046c0
                0x0000000020000108                _sbss = .
                0x0000000020000108                __bss_start__ = _sbss
 *(.bss)
 .bss           0x0000000020000108       0x1c /opt/st/stm32cubeide_1.8.0/plugins/com.st.stm32cube.ide.mcu.externaltools.gnu-tools-for-stm32.9-2020-q2-update.linux64_2.0.0.202105311346/tools/bin/../lib/gcc/arm-none-eabi/9.3.1/thumb/v7-m/nofp/crtbegin.o
 *(.bss*)
 .bss.mem.8135  0x0000000020000124       0x14 ./Core/Src/usbd_conf.o
 .bss.cfgidx.8086
                0x0000000020000138        0x1 ./Core/Src/usbd_ctlreq.o
 *(COMMON)
 *fill*         0x0000000020000139        0x3 
 COMMON         0x000000002000013c      0x109 ./Core/Src/main.o
                0x000000002000013c                packet
                0x0000000020000140                hadc2
                0x0000000020000170                hi2c1
                0x00000000200001c4                usb_buffer
                0x0000000020000204                usb_rx_ready
                0x0000000020000208                hadc1
                0x0000000020000238                pin_config
                0x000000002000023c                error
                0x0000000020000240                report
 *fill*         0x0000000020000245        0x3 
 COMMON         0x0000000020000248      0x2c4 ./Core/Src/usb_device.o
                0x0000000020000248                hUsbDeviceFS
 COMMON         0x000000002000050c      0x2ec ./Core/Src/usbd_conf.o
                0x000000002000050c                hpcd_USB_FS
 COMMON         0x00000000200007f8      0x200 ./Core/Src/usbd_desc.o
                0x00000000200007f8                USBD_StrDesc
 COMMON         0x00000000200009f8        0x4 ./Drivers/STM32F1xx_HAL_Driver/Src/stm32f1xx_hal.o
                0x00000000200009f8                uwTick
                0x00000000200009fc                . = ALIGN (0x4)
                0x00000000200009fc                _ebss = .
                0x00000000200009fc                __bss_end__ = _ebss

._user_heap_stack
                0x00000000200009fc      0x604 load address 0x00000000080046c0
                0x0000000020000a00                . = ALIGN (0x8)
 *fill*         0x00000000200009fc        0x4 
                [!provide]                        PROVIDE (end = .)
                0x0000000020000a00                PROVIDE (_end = .)
                0x0000000020000c00                . = (. + _Min_Heap_Size)
 *fill*         0x0000000020000a00      0x200 
                0x0000000020001000                . = (. + _Min_Stack_Size)
 *fill*         0x0000000020000c00      0x400 
                0x0000000020001000                . = ALIGN (0x8)

/DISCARD/
 libc.a(*)
 libm.a(*)
 libgcc.a(*)

.ARM.attributes
                0x0000000000000000       0x29
 *(.ARM.attributes)
 .ARM.attributes
                0x0000000000000000       0x1d /opt/st/stm32cubeide_1.8.0/plugins/com.st.stm32cube.ide.mcu.externaltools.gnu-tools-for-stm32.9-2020-q2-update.linux64_2.0.0.202105311346/tools/bin/../lib/gcc/arm-none-eabi/9.3.1/thumb/v7-m/nofp/crti.o
 .ARM.attributes
                0x000000000000001d       0x2d /opt/st/stm32cubeide_1.8.0/plugins/com.st.stm32cube.ide.mcu.externaltools.gnu-tools-for-stm32.9-2020-q2-update.linux64_2.0.0.202105311346/tools/bin/../lib/gcc/arm-none-eabi/9.3.1/thumb/v7-m/nofp/crtbegin.o
 .ARM.attributes
                0x000000000000004a       0x2d ./Core/Src/main.o
 .ARM.attributes
                0x0000000000000077       0x2d ./Core/Src/stm32f1xx_hal_msp.o
 .ARM.attributes
                0x00000000000000a4       0x2d ./Core/Src/stm32f1xx_it.o
 .ARM.attributes
                0x00000000000000d1       0x2d ./Core/Src/system_stm32f1xx.o
 .ARM.attributes
                0x00000000000000fe       0x2d ./Core/Src/usb_device.o
 .ARM.attributes
                0x000000000000012b       0x2d ./Core/Src/usbd.o
 .ARM.attributes
                0x0000000000000158       0x2d ./Core/Src/usbd_conf.o
 .ARM.attributes
                0x0000000000000185       0x2d ./Core/Src/usbd_core.o
 .ARM.attributes
                0x00000000000001b2       0x2d ./Core/Src/usbd_ctlreq.o
 .ARM.attributes
                0x00000000000001df       0x2d ./Core/Src/usbd_desc.o
 .ARM.attributes
                0x000000000000020c       0x2d ./Core/Src/usbd_ioreq.o
 .ARM.attributes
                0x0000000000000239       0x21 ./Core/Startup/startup_stm32f103c8tx.o
 .ARM.attributes
                0x000000000000025a       0x2d ./Drivers/STM32F1xx_HAL_Driver/Src/stm32f1xx_hal.o
 .ARM.attributes
                0x0000000000000287       0x2d ./Drivers/STM32F1xx_HAL_Driver/Src/stm32f1xx_hal_adc.o
 .ARM.attributes
                0x00000000000002b4       0x2d ./Drivers/STM32F1xx_HAL_Driver/Src/stm32f1xx_hal_cortex.o
 .ARM.attributes
                0x00000000000002e1       0x2d ./Drivers/STM32F1xx_HAL_Driver/Src/stm32f1xx_hal_gpio.o
 .ARM.attributes
                0x000000000000030e       0x2d ./Drivers/STM32F1xx_HAL_Driver/Src/stm32f1xx_hal_pcd.o
 .ARM.attributes
                0x000000000000033b       0x2d ./Drivers/STM32F1xx_HAL_Driver/Src/stm32f1xx_hal_pcd_ex.o
 .ARM.attributes
                0x0000000000000368       0x2d ./Drivers/STM32F1xx_HAL_Driver/Src/stm32f1xx_hal_rcc.o
 .ARM.attributes
                0x0000000000000395       0x2d ./Drivers/STM32F1xx_HAL_Driver/Src/stm32f1xx_hal_rcc_ex.o
 .ARM.attributes
                0x00000000000003c2       0x2d ./Drivers/STM32F1xx_HAL_Driver/Src/stm32f1xx_ll_usb.o
 .ARM.attributes
                0x00000000000003ef       0x2d /opt/st/stm32cubeide_1.8.0/plugins/com.st.stm32cube.ide.mcu.externaltools.gnu-tools-for-stm32.9-2020-q2-update.linux64_2.0.0.202105311346/tools/bin/../lib/gcc/arm-none-eabi/9.3.1/../../../../arm-none-eabi/lib/thumb/v7-m/nofp/libc_nano.a(lib_a-init.o)
 .ARM.attributes
                0x000000000000041c       0x1d /opt/st/stm32cubeide_1.8.0/plugins/com.st.stm32cube.ide.mcu.externaltools.gnu-tools-for-stm32.9-2020-q2-update.linux64_2.0.0.202105311346/tools/bin/../lib/gcc/arm-none-eabi/9.3.1/thumb/v7-m/nofp/crtn.o
OUTPUT(stm32f103.elf elf32-littlearm)
LOAD linker stubs
LOAD /opt/st/stm32cubeide_1.8.0/plugins/com.st.stm32cube.ide.mcu.externaltools.gnu-tools-for-stm32.9-2020-q2-update.linux64_2.0.0.202105311346/tools/bin/../lib/gcc/arm-none-eabi/9.3.1/../../../../arm-none-eabi/lib/thumb/v7-m/nofp/libc.a
LOAD /opt/st/stm32cubeide_1.8.0/plugins/com.st.stm32cube.ide.mcu.externaltools.gnu-tools-for-stm32.9-2020-q2-update.linux64_2.0.0.202105311346/tools/bin/../lib/gcc/arm-none-eabi/9.3.1/../../../../arm-none-eabi/lib/thumb/v7-m/nofp/libm.a
LOAD /opt/st/stm32cubeide_1.8.0/plugins/com.st.stm32cube.ide.mcu.externaltools.gnu-tools-for-stm32.9-2020-q2-update.linux64_2.0.0.202105311346/tools/bin/../lib/gcc/arm-none-eabi/9.3.1/thumb/v7-m/nofp/libgcc.a

.debug_info     0x0000000000000000    0x16463
 .debug_info    0x0000000000000000     0x2251 ./Core/Src/main.o
 .debug_info    0x0000000000002251     0x14e2 ./Core/Src/stm32f1xx_hal_msp.o
 .debug_info    0x0000000000003733     0x1030 ./Core/Src/stm32f1xx_it.o
 .debug_info    0x0000000000004763      0x2cd ./Core/Src/system_stm32f1xx.o
 .debug_info    0x0000000000004a30      0xf7d ./Core/Src/usb_device.o
 .debug_info    0x00000000000059ad     0x14c4 ./Core/Src/usbd.o
 .debug_info    0x0000000000006e71     0x2507 ./Core/Src/usbd_conf.o
 .debug_info    0x0000000000009378     0x16f6 ./Core/Src/usbd_core.o
 .debug_info    0x000000000000aa6e     0x19fa ./Core/Src/usbd_ctlreq.o
 .debug_info    0x000000000000c468      0xf6f ./Core/Src/usbd_desc.o
 .debug_info    0x000000000000d3d7     0x116b ./Core/Src/usbd_ioreq.o
 .debug_info    0x000000000000e542       0x22 ./Core/Startup/startup_stm32f103c8tx.o
 .debug_info    0x000000000000e564      0x835 ./Drivers/STM32F1xx_HAL_Driver/Src/stm32f1xx_hal.o
 .debug_info    0x000000000000ed99      0xfdc ./Drivers/STM32F1xx_HAL_Driver/Src/stm32f1xx_hal_adc.o
 .debug_info    0x000000000000fd75      0xe4a ./Drivers/STM32F1xx_HAL_Driver/Src/stm32f1xx_hal_cortex.o
 .debug_info    0x0000000000010bbf      0x75f ./Drivers/STM32F1xx_HAL_Driver/Src/stm32f1xx_hal_gpio.o
 .debug_info    0x000000000001131e     0x1bf7 ./Drivers/STM32F1xx_HAL_Driver/Src/stm32f1xx_hal_pcd.o
 .debug_info    0x0000000000012f15      0x80f ./Drivers/STM32F1xx_HAL_Driver/Src/stm32f1xx_hal_pcd_ex.o
 .debug_info    0x0000000000013724      0xaaf ./Drivers/STM32F1xx_HAL_Driver/Src/stm32f1xx_hal_rcc.o
 .debug_info    0x00000000000141d3      0x501 ./Drivers/STM32F1xx_HAL_Driver/Src/stm32f1xx_hal_rcc_ex.o
 .debug_info    0x00000000000146d4     0x1d8f ./Drivers/STM32F1xx_HAL_Driver/Src/stm32f1xx_ll_usb.o

.debug_abbrev   0x0000000000000000     0x3282
 .debug_abbrev  0x0000000000000000      0x396 ./Core/Src/main.o
 .debug_abbrev  0x0000000000000396      0x25f ./Core/Src/stm32f1xx_hal_msp.o
 .debug_abbrev  0x00000000000005f5      0x20f ./Core/Src/stm32f1xx_it.o
 .debug_abbrev  0x0000000000000804      0x154 ./Core/Src/system_stm32f1xx.o
 .debug_abbrev  0x0000000000000958      0x214 ./Core/Src/usb_device.o
 .debug_abbrev  0x0000000000000b6c      0x317 ./Core/Src/usbd.o
 .debug_abbrev  0x0000000000000e83      0x34b ./Core/Src/usbd_conf.o
 .debug_abbrev  0x00000000000011ce      0x2ed ./Core/Src/usbd_core.o
 .debug_abbrev  0x00000000000014bb      0x360 ./Core/Src/usbd_ctlreq.o
 .debug_abbrev  0x000000000000181b      0x2e6 ./Core/Src/usbd_desc.o
 .debug_abbrev  0x0000000000001b01      0x21e ./Core/Src/usbd_ioreq.o
 .debug_abbrev  0x0000000000001d1f       0x12 ./Core/Startup/startup_stm32f103c8tx.o
 .debug_abbrev  0x0000000000001d31      0x21c ./Drivers/STM32F1xx_HAL_Driver/Src/stm32f1xx_hal.o
 .debug_abbrev  0x0000000000001f4d      0x22b ./Drivers/STM32F1xx_HAL_Driver/Src/stm32f1xx_hal_adc.o
 .debug_abbrev  0x0000000000002178      0x36a ./Drivers/STM32F1xx_HAL_Driver/Src/stm32f1xx_hal_cortex.o
 .debug_abbrev  0x00000000000024e2      0x216 ./Drivers/STM32F1xx_HAL_Driver/Src/stm32f1xx_hal_gpio.o
 .debug_abbrev  0x00000000000026f8      0x2ed ./Drivers/STM32F1xx_HAL_Driver/Src/stm32f1xx_hal_pcd.o
 .debug_abbrev  0x00000000000029e5      0x1c3 ./Drivers/STM32F1xx_HAL_Driver/Src/stm32f1xx_hal_pcd_ex.o
 .debug_abbrev  0x0000000000002ba8      0x290 ./Drivers/STM32F1xx_HAL_Driver/Src/stm32f1xx_hal_rcc.o
 .debug_abbrev  0x0000000000002e38      0x1fb ./Drivers/STM32F1xx_HAL_Driver/Src/stm32f1xx_hal_rcc_ex.o
 .debug_abbrev  0x0000000000003033      0x24f ./Drivers/STM32F1xx_HAL_Driver/Src/stm32f1xx_ll_usb.o

.debug_loc      0x0000000000000000     0x8e91
 .debug_loc     0x0000000000000000      0x370 ./Core/Src/main.o
 .debug_loc     0x0000000000000370       0x57 ./Core/Src/stm32f1xx_hal_msp.o
 .debug_loc     0x00000000000003c7       0xff ./Core/Src/system_stm32f1xx.o
 .debug_loc     0x00000000000004c6      0x76f ./Core/Src/usbd.o
 .debug_loc     0x0000000000000c35      0xb35 ./Core/Src/usbd_conf.o
 .debug_loc     0x000000000000176a      0x96a ./Core/Src/usbd_core.o
 .debug_loc     0x00000000000020d4     0x1481 ./Core/Src/usbd_ctlreq.o
 .debug_loc     0x0000000000003555      0x38f ./Core/Src/usbd_desc.o
 .debug_loc     0x00000000000038e4      0x284 ./Core/Src/usbd_ioreq.o
 .debug_loc     0x0000000000003b68      0x141 ./Drivers/STM32F1xx_HAL_Driver/Src/stm32f1xx_hal.o
 .debug_loc     0x0000000000003ca9      0xad9 ./Drivers/STM32F1xx_HAL_Driver/Src/stm32f1xx_hal_adc.o
 .debug_loc     0x0000000000004782      0x71f ./Drivers/STM32F1xx_HAL_Driver/Src/stm32f1xx_hal_cortex.o
 .debug_loc     0x0000000000004ea1      0x468 ./Drivers/STM32F1xx_HAL_Driver/Src/stm32f1xx_hal_gpio.o
 .debug_loc     0x0000000000005309     0x1475 ./Drivers/STM32F1xx_HAL_Driver/Src/stm32f1xx_hal_pcd.o
 .debug_loc     0x000000000000677e      0x11a ./Drivers/STM32F1xx_HAL_Driver/Src/stm32f1xx_hal_pcd_ex.o
 .debug_loc     0x0000000000006898      0x610 ./Drivers/STM32F1xx_HAL_Driver/Src/stm32f1xx_hal_rcc.o
 .debug_loc     0x0000000000006ea8      0x38e ./Drivers/STM32F1xx_HAL_Driver/Src/stm32f1xx_hal_rcc_ex.o
 .debug_loc     0x0000000000007236     0x1c5b ./Drivers/STM32F1xx_HAL_Driver/Src/stm32f1xx_ll_usb.o

.debug_aranges  0x0000000000000000      0xad0
 .debug_aranges
                0x0000000000000000       0x68 ./Core/Src/main.o
 .debug_aranges
                0x0000000000000068       0x40 ./Core/Src/stm32f1xx_hal_msp.o
 .debug_aranges
                0x00000000000000a8       0x70 ./Core/Src/stm32f1xx_it.o
 .debug_aranges
                0x0000000000000118       0x28 ./Core/Src/system_stm32f1xx.o
 .debug_aranges
                0x0000000000000140       0x20 ./Core/Src/usb_device.o
 .debug_aranges
                0x0000000000000160       0x68 ./Core/Src/usbd.o
 .debug_aranges
                0x00000000000001c8      0x118 ./Core/Src/usbd_conf.o
 .debug_aranges
                0x00000000000002e0       0xb8 ./Core/Src/usbd_core.o
 .debug_aranges
                0x0000000000000398       0x88 ./Core/Src/usbd_ctlreq.o
 .debug_aranges
                0x0000000000000420       0x60 ./Core/Src/usbd_desc.o
 .debug_aranges
                0x0000000000000480       0x50 ./Core/Src/usbd_ioreq.o
 .debug_aranges
                0x00000000000004d0       0x28 ./Core/Startup/startup_stm32f103c8tx.o
 .debug_aranges
                0x00000000000004f8       0xe0 ./Drivers/STM32F1xx_HAL_Driver/Src/stm32f1xx_hal.o
 .debug_aranges
                0x00000000000005d8       0xf0 ./Drivers/STM32F1xx_HAL_Driver/Src/stm32f1xx_hal_adc.o
 .debug_aranges
                0x00000000000006c8       0x90 ./Drivers/STM32F1xx_HAL_Driver/Src/stm32f1xx_hal_cortex.o
 .debug_aranges
                0x0000000000000758       0x58 ./Drivers/STM32F1xx_HAL_Driver/Src/stm32f1xx_hal_gpio.o
 .debug_aranges
                0x00000000000007b0      0x138 ./Drivers/STM32F1xx_HAL_Driver/Src/stm32f1xx_hal_pcd.o
 .debug_aranges
                0x00000000000008e8       0x38 ./Drivers/STM32F1xx_HAL_Driver/Src/stm32f1xx_hal_pcd_ex.o
 .debug_aranges
                0x0000000000000920       0x90 ./Drivers/STM32F1xx_HAL_Driver/Src/stm32f1xx_hal_rcc.o
 .debug_aranges
                0x00000000000009b0       0x30 ./Drivers/STM32F1xx_HAL_Driver/Src/stm32f1xx_hal_rcc_ex.o
 .debug_aranges
                0x00000000000009e0       0xf0 ./Drivers/STM32F1xx_HAL_Driver/Src/stm32f1xx_ll_usb.o

.debug_ranges   0x0000000000000000      0xdd8
 .debug_ranges  0x0000000000000000       0x70 ./Core/Src/main.o
 .debug_ranges  0x0000000000000070       0x30 ./Core/Src/stm32f1xx_hal_msp.o
 .debug_ranges  0x00000000000000a0       0x60 ./Core/Src/stm32f1xx_it.o
 .debug_ranges  0x0000000000000100       0x18 ./Core/Src/system_stm32f1xx.o
 .debug_ranges  0x0000000000000118       0x10 ./Core/Src/usb_device.o
 .debug_ranges  0x0000000000000128       0x58 ./Core/Src/usbd.o
 .debug_ranges  0x0000000000000180      0x108 ./Core/Src/usbd_conf.o
 .debug_ranges  0x0000000000000288       0xa8 ./Core/Src/usbd_core.o
 .debug_ranges  0x0000000000000330       0x78 ./Core/Src/usbd_ctlreq.o
 .debug_ranges  0x00000000000003a8       0x50 ./Core/Src/usbd_desc.o
 .debug_ranges  0x00000000000003f8       0x40 ./Core/Src/usbd_ioreq.o
 .debug_ranges  0x0000000000000438       0x20 ./Core/Startup/startup_stm32f103c8tx.o
 .debug_ranges  0x0000000000000458       0xd0 ./Drivers/STM32F1xx_HAL_Driver/Src/stm32f1xx_hal.o
 .debug_ranges  0x0000000000000528       0xe0 ./Drivers/STM32F1xx_HAL_Driver/Src/stm32f1xx_hal_adc.o
 .debug_ranges  0x0000000000000608       0xe0 ./Drivers/STM32F1xx_HAL_Driver/Src/stm32f1xx_hal_cortex.o
 .debug_ranges  0x00000000000006e8       0x48 ./Drivers/STM32F1xx_HAL_Driver/Src/stm32f1xx_hal_gpio.o
 .debug_ranges  0x0000000000000730      0x208 ./Drivers/STM32F1xx_HAL_Driver/Src/stm32f1xx_hal_pcd.o
 .debug_ranges  0x0000000000000938       0x28 ./Drivers/STM32F1xx_HAL_Driver/Src/stm32f1xx_hal_pcd_ex.o
 .debug_ranges  0x0000000000000960       0xa0 ./Drivers/STM32F1xx_HAL_Driver/Src/stm32f1xx_hal_rcc.o
 .debug_ranges  0x0000000000000a00       0x38 ./Drivers/STM32F1xx_HAL_Driver/Src/stm32f1xx_hal_rcc_ex.o
 .debug_ranges  0x0000000000000a38      0x3a0 ./Drivers/STM32F1xx_HAL_Driver/Src/stm32f1xx_ll_usb.o

.debug_macro    0x0000000000000000    0x1a506
 .debug_macro   0x0000000000000000      0x449 ./Core/Src/main.o
 .debug_macro   0x0000000000000449      0xa9c ./Core/Src/main.o
 .debug_macro   0x0000000000000ee5      0x221 ./Core/Src/main.o
 .debug_macro   0x0000000000001106       0x2e ./Core/Src/main.o
 .debug_macro   0x0000000000001134       0x22 ./Core/Src/main.o
 .debug_macro   0x0000000000001156       0x22 ./Core/Src/main.o
 .debug_macro   0x0000000000001178       0x8e ./Core/Src/main.o
 .debug_macro   0x0000000000001206       0x51 ./Core/Src/main.o
 .debug_macro   0x0000000000001257      0x103 ./Core/Src/main.o
 .debug_macro   0x000000000000135a       0x6a ./Core/Src/main.o
 .debug_macro   0x00000000000013c4      0x1df ./Core/Src/main.o
 .debug_macro   0x00000000000015a3       0x1c ./Core/Src/main.o
 .debug_macro   0x00000000000015bf       0x22 ./Core/Src/main.o
 .debug_macro   0x00000000000015e1       0xc3 ./Core/Src/main.o
 .debug_macro   0x00000000000016a4      0xd23 ./Core/Src/main.o
 .debug_macro   0x00000000000023c7     0xe09e ./Core/Src/main.o
 .debug_macro   0x0000000000010465       0x6d ./Core/Src/main.o
 .debug_macro   0x00000000000104d2     0x3468 ./Core/Src/main.o
 .debug_macro   0x000000000001393a      0x174 ./Core/Src/main.o
 .debug_macro   0x0000000000013aae       0x5c ./Core/Src/main.o
 .debug_macro   0x0000000000013b0a      0x5be ./Core/Src/main.o
 .debug_macro   0x00000000000140c8      0x289 ./Core/Src/main.o
 .debug_macro   0x0000000000014351      0x1cb ./Core/Src/main.o
 .debug_macro   0x000000000001451c      0x114 ./Core/Src/main.o
 .debug_macro   0x0000000000014630      0x1b2 ./Core/Src/main.o
 .debug_macro   0x00000000000147e2       0x27 ./Core/Src/main.o
 .debug_macro   0x0000000000014809      0x136 ./Core/Src/main.o
 .debug_macro   0x000000000001493f      0x1bc ./Core/Src/main.o
 .debug_macro   0x0000000000014afb       0x34 ./Core/Src/main.o
 .debug_macro   0x0000000000014b2f       0x3c ./Core/Src/main.o
 .debug_macro   0x0000000000014b6b       0x57 ./Core/Src/main.o
 .debug_macro   0x0000000000014bc2      0x46a ./Core/Src/main.o
 .debug_macro   0x000000000001502c      0x1b5 ./Core/Src/main.o
 .debug_macro   0x00000000000151e1       0x88 ./Core/Src/main.o
 .debug_macro   0x0000000000015269      0x241 ./Core/Src/main.o
 .debug_macro   0x00000000000154aa      0x287 ./Core/Src/main.o
 .debug_macro   0x0000000000015731      0x141 ./Core/Src/main.o
 .debug_macro   0x0000000000015872       0x65 ./Core/Src/main.o
 .debug_macro   0x00000000000158d7      0x249 ./Core/Src/main.o
 .debug_macro   0x0000000000015b20       0x83 ./Core/Src/main.o
 .debug_macro   0x0000000000015ba3       0x52 ./Core/Src/main.o
 .debug_macro   0x0000000000015bf5       0x18 ./Core/Src/main.o
 .debug_macro   0x0000000000015c0d       0x3c ./Core/Src/main.o
 .debug_macro   0x0000000000015c49       0x34 ./Core/Src/main.o
 .debug_macro   0x0000000000015c7d       0x16 ./Core/Src/main.o
 .debug_macro   0x0000000000015c93       0x35 ./Core/Src/main.o
 .debug_macro   0x0000000000015cc8      0x333 ./Core/Src/main.o
 .debug_macro   0x0000000000015ffb       0x10 ./Core/Src/main.o
 .debug_macro   0x000000000001600b       0x16 ./Core/Src/main.o
 .debug_macro   0x0000000000016021       0x43 ./Core/Src/main.o
 .debug_macro   0x0000000000016064       0x34 ./Core/Src/main.o
 .debug_macro   0x0000000000016098       0x10 ./Core/Src/main.o
 .debug_macro   0x00000000000160a8       0x58 ./Core/Src/main.o
 .debug_macro   0x0000000000016100       0x71 ./Core/Src/main.o
 .debug_macro   0x0000000000016171       0x1c ./Core/Src/main.o
 .debug_macro   0x000000000001618d      0x12a ./Core/Src/main.o
 .debug_macro   0x00000000000162b7       0x10 ./Core/Src/main.o
 .debug_macro   0x00000000000162c7       0x1c ./Core/Src/main.o
 .debug_macro   0x00000000000162e3       0x52 ./Core/Src/main.o
 .debug_macro   0x0000000000016335       0x22 ./Core/Src/main.o
 .debug_macro   0x0000000000016357       0x10 ./Core/Src/main.o
 .debug_macro   0x0000000000016367       0x40 ./Core/Src/main.o
 .debug_macro   0x00000000000163a7       0xd5 ./Core/Src/main.o
 .debug_macro   0x000000000001647c       0x1c ./Core/Src/main.o
 .debug_macro   0x0000000000016498       0x3d ./Core/Src/main.o
 .debug_macro   0x00000000000164d5       0x16 ./Core/Src/main.o
 .debug_macro   0x00000000000164eb      0x145 ./Core/Src/main.o
 .debug_macro   0x0000000000016630       0x16 ./Core/Src/main.o
 .debug_macro   0x0000000000016646       0x16 ./Core/Src/main.o
 .debug_macro   0x000000000001665c       0x29 ./Core/Src/main.o
 .debug_macro   0x0000000000016685       0x16 ./Core/Src/main.o
 .debug_macro   0x000000000001669b       0x20 ./Core/Src/main.o
 .debug_macro   0x00000000000166bb       0x60 ./Core/Src/main.o
 .debug_macro   0x000000000001671b       0x1c ./Core/Src/main.o
 .debug_macro   0x0000000000016737      0x1ce ./Core/Src/main.o
 .debug_macro   0x0000000000016905      0x1a9 ./Core/Src/main.o
 .debug_macro   0x0000000000016aae      0x3ab ./Core/Src/stm32f1xx_hal_msp.o
 .debug_macro   0x0000000000016e59      0x3b5 ./Core/Src/stm32f1xx_it.o
 .debug_macro   0x000000000001720e      0x1c6 ./Core/Src/system_stm32f1xx.o
 .debug_macro   0x00000000000173d4      0x402 ./Core/Src/usb_device.o
 .debug_macro   0x00000000000177d6       0x97 ./Core/Src/usb_device.o
 .debug_macro   0x000000000001786d       0xfd ./Core/Src/usb_device.o
 .debug_macro   0x000000000001796a       0xbd ./Core/Src/usb_device.o
 .debug_macro   0x0000000000017a27       0x56 ./Core/Src/usb_device.o
 .debug_macro   0x0000000000017a7d      0x1c8 ./Core/Src/usb_device.o
 .debug_macro   0x0000000000017c45       0x5e ./Core/Src/usb_device.o
 .debug_macro   0x0000000000017ca3       0x22 ./Core/Src/usb_device.o
 .debug_macro   0x0000000000017cc5      0x3ef ./Core/Src/usbd.o
 .debug_macro   0x00000000000180b4      0x3f3 ./Core/Src/usbd_conf.o
 .debug_macro   0x00000000000184a7      0x3d6 ./Core/Src/usbd_core.o
 .debug_macro   0x000000000001887d      0x3e0 ./Core/Src/usbd_ctlreq.o
 .debug_macro   0x0000000000018c5d      0x40d ./Core/Src/usbd_desc.o
 .debug_macro   0x000000000001906a      0x3dc ./Core/Src/usbd_ioreq.o
 .debug_macro   0x0000000000019446      0x1ea ./Drivers/STM32F1xx_HAL_Driver/Src/stm32f1xx_hal.o
 .debug_macro   0x0000000000019630      0x1e3 ./Drivers/STM32F1xx_HAL_Driver/Src/stm32f1xx_hal_adc.o
 .debug_macro   0x0000000000019813      0x1c6 ./Drivers/STM32F1xx_HAL_Driver/Src/stm32f1xx_hal_cortex.o
 .debug_macro   0x00000000000199d9      0x231 ./Drivers/STM32F1xx_HAL_Driver/Src/stm32f1xx_hal_gpio.o
 .debug_macro   0x0000000000019c0a      0x1d2 ./Drivers/STM32F1xx_HAL_Driver/Src/stm32f1xx_hal_pcd.o
 .debug_macro   0x0000000000019ddc      0x1c6 ./Drivers/STM32F1xx_HAL_Driver/Src/stm32f1xx_hal_pcd_ex.o
 .debug_macro   0x0000000000019fa2      0x1d8 ./Drivers/STM32F1xx_HAL_Driver/Src/stm32f1xx_hal_rcc.o
 .debug_macro   0x000000000001a17a      0x1c6 ./Drivers/STM32F1xx_HAL_Driver/Src/stm32f1xx_hal_rcc_ex.o
 .debug_macro   0x000000000001a340      0x1c6 ./Drivers/STM32F1xx_HAL_Driver/Src/stm32f1xx_ll_usb.o

.debug_line     0x0000000000000000    0x11578
 .debug_line    0x0000000000000000      0xec0 ./Core/Src/main.o
 .debug_line    0x0000000000000ec0      0x9f3 ./Core/Src/stm32f1xx_hal_msp.o
 .debug_line    0x00000000000018b3      0xa0e ./Core/Src/stm32f1xx_it.o
 .debug_line    0x00000000000022c1      0x74a ./Core/Src/system_stm32f1xx.o
 .debug_line    0x0000000000002a0b      0x964 ./Core/Src/usb_device.o
 .debug_line    0x000000000000336f      0xc3a ./Core/Src/usbd.o
 .debug_line    0x0000000000003fa9      0xe34 ./Core/Src/usbd_conf.o
 .debug_line    0x0000000000004ddd      0xe7f ./Core/Src/usbd_core.o
 .debug_line    0x0000000000005c5c     0x126e ./Core/Src/usbd_ctlreq.o
 .debug_line    0x0000000000006eca      0xb0c ./Core/Src/usbd_desc.o
 .debug_line    0x00000000000079d6      0xa17 ./Core/Src/usbd_ioreq.o
 .debug_line    0x00000000000083ed       0x87 ./Core/Startup/startup_stm32f103c8tx.o
 .debug_line    0x0000000000008474      0x9b8 ./Drivers/STM32F1xx_HAL_Driver/Src/stm32f1xx_hal.o
 .debug_line    0x0000000000008e2c     0x1348 ./Drivers/STM32F1xx_HAL_Driver/Src/stm32f1xx_hal_adc.o
 .debug_line    0x000000000000a174      0xb30 ./Drivers/STM32F1xx_HAL_Driver/Src/stm32f1xx_hal_cortex.o
 .debug_line    0x000000000000aca4      0xabc ./Drivers/STM32F1xx_HAL_Driver/Src/stm32f1xx_hal_gpio.o
 .debug_line    0x000000000000b760     0x1d65 ./Drivers/STM32F1xx_HAL_Driver/Src/stm32f1xx_hal_pcd.o
 .debug_line    0x000000000000d4c5      0x757 ./Drivers/STM32F1xx_HAL_Driver/Src/stm32f1xx_hal_pcd_ex.o
 .debug_line    0x000000000000dc1c     0x1097 ./Drivers/STM32F1xx_HAL_Driver/Src/stm32f1xx_hal_rcc.o
 .debug_line    0x000000000000ecb3      0x93c ./Drivers/STM32F1xx_HAL_Driver/Src/stm32f1xx_hal_rcc_ex.o
 .debug_line    0x000000000000f5ef     0x1f89 ./Drivers/STM32F1xx_HAL_Driver/Src/stm32f1xx_ll_usb.o

.debug_str      0x0000000000000000    0x8bf01
 .debug_str     0x0000000000000000    0x89650 ./Core/Src/main.o
                                      0x89bcf (size before relaxing)
 .debug_str     0x0000000000089650       0xa8 ./Core/Src/stm32f1xx_hal_msp.o
                                      0x88239 (size before relaxing)
 .debug_str     0x00000000000896f8      0x3d4 ./Core/Src/stm32f1xx_it.o
                                      0x87ff6 (size before relaxing)
 .debug_str     0x0000000000089acc       0x52 ./Core/Src/system_stm32f1xx.o
                                      0x8384a (size before relaxing)
 .debug_str     0x0000000000089b1e      0x292 ./Core/Src/usb_device.o
                                      0x88a1e (size before relaxing)
 .debug_str     0x0000000000089db0      0x1fd ./Core/Src/usbd.o
                                      0x88b61 (size before relaxing)
 .debug_str     0x0000000000089fad      0x761 ./Core/Src/usbd_conf.o
                                      0x89560 (size before relaxing)
 .debug_str     0x000000000008a70e      0x119 ./Core/Src/usbd_core.o
                                      0x88a4e (size before relaxing)
 .debug_str     0x000000000008a827       0xad ./Core/Src/usbd_ctlreq.o
                                      0x88968 (size before relaxing)
 .debug_str     0x000000000008a8d4      0x24a ./Core/Src/usbd_desc.o
                                      0x887eb (size before relaxing)
 .debug_str     0x000000000008ab1e       0x3b ./Core/Src/usbd_ioreq.o
                                      0x88895 (size before relaxing)
 .debug_str     0x000000000008ab59       0x36 ./Core/Startup/startup_stm32f103c8tx.o
                                         0x6d (size before relaxing)
 .debug_str     0x000000000008ab8f      0x303 ./Drivers/STM32F1xx_HAL_Driver/Src/stm32f1xx_hal.o
                                      0x83f20 (size before relaxing)
 .debug_str     0x000000000008ae92      0x352 ./Drivers/STM32F1xx_HAL_Driver/Src/stm32f1xx_hal_adc.o
                                      0x83f43 (size before relaxing)
 .debug_str     0x000000000008b1e4      0x218 ./Drivers/STM32F1xx_HAL_Driver/Src/stm32f1xx_hal_cortex.o
                                      0x83ee3 (size before relaxing)
 .debug_str     0x000000000008b3fc      0x2f3 ./Drivers/STM32F1xx_HAL_Driver/Src/stm32f1xx_hal_gpio.o
                                      0x83c0e (size before relaxing)
 .debug_str     0x000000000008b6ef      0x300 ./Drivers/STM32F1xx_HAL_Driver/Src/stm32f1xx_hal_pcd.o
                                      0x8413e (size before relaxing)
 .debug_str     0x000000000008b9ef      0x15c ./Drivers/STM32F1xx_HAL_Driver/Src/stm32f1xx_hal_pcd_ex.o
                                      0x83cea (size before relaxing)
 .debug_str     0x000000000008bb4b      0x200 ./Drivers/STM32F1xx_HAL_Driver/Src/stm32f1xx_hal_rcc.o
                                      0x83c6e (size before relaxing)
 .debug_str     0x000000000008bd4b       0x84 ./Drivers/STM32F1xx_HAL_Driver/Src/stm32f1xx_hal_rcc_ex.o
                                      0x839f5 (size before relaxing)
 .debug_str     0x000000000008bdcf      0x132 ./Drivers/STM32F1xx_HAL_Driver/Src/stm32f1xx_ll_usb.o
                                      0x83d1d (size before relaxing)

.comment        0x0000000000000000       0x53
 .comment       0x0000000000000000       0x53 ./Core/Src/main.o
                                         0x54 (size before relaxing)
 .comment       0x0000000000000053       0x54 ./Core/Src/stm32f1xx_hal_msp.o
 .comment       0x0000000000000053       0x54 ./Core/Src/stm32f1xx_it.o
 .comment       0x0000000000000053       0x54 ./Core/Src/system_stm32f1xx.o
 .comment       0x0000000000000053       0x54 ./Core/Src/usb_device.o
 .comment       0x0000000000000053       0x54 ./Core/Src/usbd.o
 .comment       0x0000000000000053       0x54 ./Core/Src/usbd_conf.o
 .comment       0x0000000000000053       0x54 ./Core/Src/usbd_core.o
 .comment       0x0000000000000053       0x54 ./Core/Src/usbd_ctlreq.o
 .comment       0x0000000000000053       0x54 ./Core/Src/usbd_desc.o
 .comment       0x0000000000000053       0x54 ./Core/Src/usbd_ioreq.o
 .comment       0x0000000000000053       0x54 ./Drivers/STM32F1xx_HAL_Driver/Src/stm32f1xx_hal.o
 .comment       0x0000000000000053       0x54 ./Drivers/STM32F1xx_HAL_Driver/Src/stm32f1xx_hal_adc.o
 .comment       0x0000000000000053       0x54 ./Drivers/STM32F1xx_HAL_Driver/Src/stm32f1xx_hal_cortex.o
 .comment       0x0000000000000053       0x54 ./Drivers/STM32F1xx_HAL_Driver/Src/stm32f1xx_hal_gpio.o
 .comment       0x0000000000000053       0x54 ./Drivers/STM32F1xx_HAL_Driver/Src/stm32f1xx_hal_pcd.o
 .comment       0x0000000000000053       0x54 ./Drivers/STM32F1xx_HAL_Driver/Src/stm32f1xx_hal_pcd_ex.o
 .comment       0x0000000000000053       0x54 ./Drivers/STM32F1xx_HAL_Driver/Src/stm32f1xx_hal_rcc.o
 .comment       0x0000000000000053       0x54 ./Drivers/STM32F1xx_HAL_Driver/Src/stm32f1xx_hal_rcc_ex.o
 .comment       0x0000000000000053       0x54 ./Drivers/STM32F1xx_HAL_Driver/Src/stm32f1xx_ll_usb.o

.debug_frame    0x0000000000000000     0x19d8
 .debug_frame   0x0000000000000000       0xe8 ./Core/Src/main.o
 .debug_frame   0x00000000000000e8       0x84 ./Core/Src/stm32f1xx_hal_msp.o
 .debug_frame   0x000000000000016c       0xe0 ./Core/Src/stm32f1xx_it.o
 .debug_frame   0x000000000000024c       0x30 ./Core/Src/system_stm32f1xx.o
 .debug_frame   0x000000000000027c       0x28 ./Core/Src/usb_device.o
 .debug_frame   0x00000000000002a4       0xf0 ./Core/Src/usbd.o
 .debug_frame   0x0000000000000394      0x2ec ./Core/Src/usbd_conf.o
 .debug_frame   0x0000000000000680      0x1c4 ./Core/Src/usbd_core.o
 .debug_frame   0x0000000000000844      0x178 ./Core/Src/usbd_ctlreq.o
 .debug_frame   0x00000000000009bc       0xe0 ./Core/Src/usbd_desc.o
 .debug_frame   0x0000000000000a9c       0xb8 ./Core/Src/usbd_ioreq.o
 .debug_frame   0x0000000000000b54      0x1cc ./Drivers/STM32F1xx_HAL_Driver/Src/stm32f1xx_hal.o
 .debug_frame   0x0000000000000d20      0x2c4 ./Drivers/STM32F1xx_HAL_Driver/Src/stm32f1xx_hal_adc.o
 .debug_frame   0x0000000000000fe4      0x12c ./Drivers/STM32F1xx_HAL_Driver/Src/stm32f1xx_hal_cortex.o
 .debug_frame   0x0000000000001110       0xe8 ./Drivers/STM32F1xx_HAL_Driver/Src/stm32f1xx_hal_gpio.o
 .debug_frame   0x00000000000011f8      0x354 ./Drivers/STM32F1xx_HAL_Driver/Src/stm32f1xx_hal_pcd.o
 .debug_frame   0x000000000000154c       0x50 ./Drivers/STM32F1xx_HAL_Driver/Src/stm32f1xx_hal_pcd_ex.o
 .debug_frame   0x000000000000159c      0x190 ./Drivers/STM32F1xx_HAL_Driver/Src/stm32f1xx_hal_rcc.o
 .debug_frame   0x000000000000172c       0x64 ./Drivers/STM32F1xx_HAL_Driver/Src/stm32f1xx_hal_rcc_ex.o
 .debug_frame   0x0000000000001790      0x21c ./Drivers/STM32F1xx_HAL_Driver/Src/stm32f1xx_ll_usb.o
 .debug_frame   0x00000000000019ac       0x2c /opt/st/stm32cubeide_1.8.0/plugins/com.st.stm32cube.ide.mcu.externaltools.gnu-tools-for-stm32.9-2020-q2-update.linux64_2.0.0.202105311346/tools/bin/../lib/gcc/arm-none-eabi/9.3.1/../../../../arm-none-eabi/lib/thumb/v7-m/nofp/libc_nano.a(lib_a-init.o)
