Archive member included to satisfy reference by file (symbol)

/opt/st/stm32cubeide_1.8.0/plugins/com.st.stm32cube.ide.mcu.externaltools.gnu-tools-for-stm32.9-2020-q2-update.linux64_2.0.0.202105311346/tools/bin/../lib/gcc/arm-none-eabi/9.3.1/../../../../arm-none-eabi/lib/thumb/v7-m/nofp/libc_nano.a(lib_a-errno.o)
                              ./Core/Src/syscalls.o (__errno)
/opt/st/stm32cubeide_1.8.0/plugins/com.st.stm32cube.ide.mcu.externaltools.gnu-tools-for-stm32.9-2020-q2-update.linux64_2.0.0.202105311346/tools/bin/../lib/gcc/arm-none-eabi/9.3.1/../../../../arm-none-eabi/lib/thumb/v7-m/nofp/libc_nano.a(lib_a-exit.o)
                              /opt/st/stm32cubeide_1.8.0/plugins/com.st.stm32cube.ide.mcu.externaltools.gnu-tools-for-stm32.9-2020-q2-update.linux64_2.0.0.202105311346/tools/bin/../lib/gcc/arm-none-eabi/9.3.1/../../../../arm-none-eabi/lib/thumb/v7-m/nofp/crt0.o (exit)
/opt/st/stm32cubeide_1.8.0/plugins/com.st.stm32cube.ide.mcu.externaltools.gnu-tools-for-stm32.9-2020-q2-update.linux64_2.0.0.202105311346/tools/bin/../lib/gcc/arm-none-eabi/9.3.1/../../../../arm-none-eabi/lib/thumb/v7-m/nofp/libc_nano.a(lib_a-impure.o)
                              /opt/st/stm32cubeide_1.8.0/plugins/com.st.stm32cube.ide.mcu.externaltools.gnu-tools-for-stm32.9-2020-q2-update.linux64_2.0.0.202105311346/tools/bin/../lib/gcc/arm-none-eabi/9.3.1/../../../../arm-none-eabi/lib/thumb/v7-m/nofp/libc_nano.a(lib_a-exit.o) (_global_impure_ptr)
/opt/st/stm32cubeide_1.8.0/plugins/com.st.stm32cube.ide.mcu.externaltools.gnu-tools-for-stm32.9-2020-q2-update.linux64_2.0.0.202105311346/tools/bin/../lib/gcc/arm-none-eabi/9.3.1/../../../../arm-none-eabi/lib/thumb/v7-m/nofp/libc_nano.a(lib_a-init.o)
                              /opt/st/stm32cubeide_1.8.0/plugins/com.st.stm32cube.ide.mcu.externaltools.gnu-tools-for-stm32.9-2020-q2-update.linux64_2.0.0.202105311346/tools/bin/../lib/gcc/arm-none-eabi/9.3.1/../../../../arm-none-eabi/lib/thumb/v7-m/nofp/crt0.o (__libc_init_array)
/opt/st/stm32cubeide_1.8.0/plugins/com.st.stm32cube.ide.mcu.externaltools.gnu-tools-for-stm32.9-2020-q2-update.linux64_2.0.0.202105311346/tools/bin/../lib/gcc/arm-none-eabi/9.3.1/../../../../arm-none-eabi/lib/thumb/v7-m/nofp/libc_nano.a(lib_a-memset.o)
                              /opt/st/stm32cubeide_1.8.0/plugins/com.st.stm32cube.ide.mcu.externaltools.gnu-tools-for-stm32.9-2020-q2-update.linux64_2.0.0.202105311346/tools/bin/../lib/gcc/arm-none-eabi/9.3.1/../../../../arm-none-eabi/lib/thumb/v7-m/nofp/crt0.o (memset)
/opt/st/stm32cubeide_1.8.0/plugins/com.st.stm32cube.ide.mcu.externaltools.gnu-tools-for-stm32.9-2020-q2-update.linux64_2.0.0.202105311346/tools/bin/../lib/gcc/arm-none-eabi/9.3.1/../../../../arm-none-eabi/lib/thumb/v7-m/nofp/libc_nano.a(lib_a-strcpy.o)
                              ./Core/Src/main.o (strcpy)

Allocating common symbols
Common symbol       size              file

hUsbDeviceFS        0x2c4             ./Core/Src/usb_device.o
packet              0x4               ./Core/Src/main.o
hadc2               0x30              ./Core/Src/main.o
hi2c1               0x54              ./Core/Src/main.o
usb_buffer          0x40              ./Core/Src/main.o
uwTick              0x4               ./Drivers/STM32F1xx_HAL_Driver/Src/stm32f1xx_hal.o
pFlash              0x20              ./Drivers/STM32F1xx_HAL_Driver/Src/stm32f1xx_hal_flash.o
usb_rx_ready        0x1               ./Core/Src/main.o
hadc1               0x30              ./Core/Src/main.o
pin_config          0x4               ./Core/Src/main.o
error               0x4               ./Core/Src/main.o
report              0x5               ./Core/Src/main.o
hpcd_USB_FS         0x2ec             ./Core/Src/usbd_conf.o
USBD_StrDesc        0x200             ./Core/Src/usbd_desc.o

Discarded input sections

 .text          0x0000000000000000        0x0 /opt/st/stm32cubeide_1.8.0/plugins/com.st.stm32cube.ide.mcu.externaltools.gnu-tools-for-stm32.9-2020-q2-update.linux64_2.0.0.202105311346/tools/bin/../lib/gcc/arm-none-eabi/9.3.1/thumb/v7-m/nofp/crti.o
 .data          0x0000000000000000        0x0 /opt/st/stm32cubeide_1.8.0/plugins/com.st.stm32cube.ide.mcu.externaltools.gnu-tools-for-stm32.9-2020-q2-update.linux64_2.0.0.202105311346/tools/bin/../lib/gcc/arm-none-eabi/9.3.1/thumb/v7-m/nofp/crti.o
 .bss           0x0000000000000000        0x0 /opt/st/stm32cubeide_1.8.0/plugins/com.st.stm32cube.ide.mcu.externaltools.gnu-tools-for-stm32.9-2020-q2-update.linux64_2.0.0.202105311346/tools/bin/../lib/gcc/arm-none-eabi/9.3.1/thumb/v7-m/nofp/crti.o
 .data          0x0000000000000000        0x4 /opt/st/stm32cubeide_1.8.0/plugins/com.st.stm32cube.ide.mcu.externaltools.gnu-tools-for-stm32.9-2020-q2-update.linux64_2.0.0.202105311346/tools/bin/../lib/gcc/arm-none-eabi/9.3.1/thumb/v7-m/nofp/crtbegin.o
[...]
Memory Configuration

Name             Origin             Length             Attributes
RAM              0x0000000020000000 0x0000000000005000 xrw
FLASH            0x0000000008000000 0x0000000000010000 xr
*default*        0x0000000000000000 0xffffffffffffffff

Linker script and memory map

LOAD /opt/st/stm32cubeide_1.8.0/plugins/com.st.stm32cube.ide.mcu.externaltools.gnu-tools-for-stm32.9-2020-q2-update.linux64_2.0.0.202105311346/tools/bin/../lib/gcc/arm-none-eabi/9.3.1/thumb/v7-m/nofp/crti.o
LOAD /opt/st/stm32cubeide_1.8.0/plugins/com.st.stm32cube.ide.mcu.externaltools.gnu-tools-for-stm32.9-2020-q2-update.linux64_2.0.0.202105311346/tools/bin/../lib/gcc/arm-none-eabi/9.3.1/thumb/v7-m/nofp/crtbegin.o
LOAD /opt/st/stm32cubeide_1.8.0/plugins/com.st.stm32cube.ide.mcu.externaltools.gnu-tools-for-stm32.9-2020-q2-update.linux64_2.0.0.202105311346/tools/bin/../lib/gcc/arm-none-eabi/9.3.1/../../../../arm-none-eabi/lib/thumb/v7-m/nofp/crt0.o
LOAD ./Core/Src/main.o
LOAD ./Core/Src/stm32f1xx_hal_msp.o
LOAD ./Core/Src/stm32f1xx_it.o
LOAD ./Core/Src/syscalls.o
LOAD ./Core/Src/sysmem.o
LOAD ./Core/Src/system_stm32f1xx.o
LOAD ./Core/Src/usb_device.o
LOAD ./Core/Src/usbd.o
LOAD ./Core/Src/usbd_conf.o
LOAD ./Core/Src/usbd_core.o
LOAD ./Core/Src/usbd_ctlreq.o
LOAD ./Core/Src/usbd_desc.o
LOAD ./Core/Src/usbd_ioreq.o
LOAD ./Core/Startup/startup_stm32f103c8tx.o
LOAD ./Drivers/STM32F1xx_HAL_Driver/Src/stm32f1xx_hal.o
LOAD ./Drivers/STM32F1xx_HAL_Driver/Src/stm32f1xx_hal_adc.o
LOAD ./Drivers/STM32F1xx_HAL_Driver/Src/stm32f1xx_hal_adc_ex.o
LOAD ./Drivers/STM32F1xx_HAL_Driver/Src/stm32f1xx_hal_cortex.o
LOAD ./Drivers/STM32F1xx_HAL_Driver/Src/stm32f1xx_hal_dma.o
LOAD ./Drivers/STM32F1xx_HAL_Driver/Src/stm32f1xx_hal_exti.o
LOAD ./Drivers/STM32F1xx_HAL_Driver/Src/stm32f1xx_hal_flash.o
LOAD ./Drivers/STM32F1xx_HAL_Driver/Src/stm32f1xx_hal_flash_ex.o
LOAD ./Drivers/STM32F1xx_HAL_Driver/Src/stm32f1xx_hal_gpio.o
LOAD ./Drivers/STM32F1xx_HAL_Driver/Src/stm32f1xx_hal_gpio_ex.o
LOAD ./Drivers/STM32F1xx_HAL_Driver/Src/stm32f1xx_hal_i2c.o
LOAD ./Drivers/STM32F1xx_HAL_Driver/Src/stm32f1xx_hal_pcd.o
LOAD ./Drivers/STM32F1xx_HAL_Driver/Src/stm32f1xx_hal_pcd_ex.o
LOAD ./Drivers/STM32F1xx_HAL_Driver/Src/stm32f1xx_hal_pwr.o
LOAD ./Drivers/STM32F1xx_HAL_Driver/Src/stm32f1xx_hal_rcc.o
LOAD ./Drivers/STM32F1xx_HAL_Driver/Src/stm32f1xx_hal_rcc_ex.o
LOAD ./Drivers/STM32F1xx_HAL_Driver/Src/stm32f1xx_hal_tim.o
LOAD ./Drivers/STM32F1xx_HAL_Driver/Src/stm32f1xx_hal_tim_ex.o
LOAD ./Drivers/STM32F1xx_HAL_Driver/Src/stm32f1xx_ll_usb.o
START GROUP
LOAD /opt/st/stm32cubeide_1.8.0/plugins/com.st.stm32cube.ide.mcu.externaltools.gnu-tools-for-stm32.9-2020-q2-update.linux64_2.0.0.202105311346/tools/bin/../lib/gcc/arm-none-eabi/9.3.1/../../../../arm-none-eabi/lib/thumb/v7-m/nofp/libc_nano.a
LOAD /opt/st/stm32cubeide_1.8.0/plugins/com.st.stm32cube.ide.mcu.externaltools.gnu-tools-for-stm32.9-2020-q2-update.linux64_2.0.0.202105311346/tools/bin/../lib/gcc/arm-none-eabi/9.3.1/../../../../arm-none-eabi/lib/thumb/v7-m/nofp/libm.a
END GROUP
START GROUP
LOAD /opt/st/stm32cubeide_1.8.0/plugins/com.st.stm32cube.ide.mcu.externaltools.gnu-tools-for-stm32.9-2020-q2-update.linux64_2.0.0.202105311346/tools/bin/../lib/gcc/arm-none-eabi/9.3.1/thumb/v7-m/nofp/libgcc.a
LOAD /opt/st/stm32cubeide_1.8.0/plugins/com.st.stm32cube.ide.mcu.externaltools.gnu-tools-for-stm32.9-2020-q2-update.linux64_2.0.0.202105311346/tools/bin/../lib/gcc/arm-none-eabi/9.3.1/../../../../arm-none-eabi/lib/thumb/v7-m/nofp/libc_nano.a
END GROUP
START GROUP
LOAD /opt/st/stm32cubeide_1.8.0/plugins/com.st.stm32cube.ide.mcu.externaltools.gnu-tools-for-stm32.9-2020-q2-update.linux64_2.0.0.202105311346/tools/bin/../lib/gcc/arm-none-eabi/9.3.1/thumb/v7-m/nofp/libgcc.a
LOAD /opt/st/stm32cubeide_1.8.0/plugins/com.st.stm32cube.ide.mcu.externaltools.gnu-tools-for-stm32.9-2020-q2-update.linux64_2.0.0.202105311346/tools/bin/../lib/gcc/arm-none-eabi/9.3.1/../../../../arm-none-eabi/lib/thumb/v7-m/nofp/libc_nano.a
LOAD /opt/st/stm32cubeide_1.8.0/plugins/com.st.stm32cube.ide.mcu.externaltools.gnu-tools-for-stm32.9-2020-q2-update.linux64_2.0.0.202105311346/tools/bin/../lib/gcc/arm-none-eabi/9.3.1/../../../../arm-none-eabi/lib/thumb/v7-m/nofp/libnosys.a
END GROUP
START GROUP
LOAD /opt/st/stm32cubeide_1.8.0/plugins/com.st.stm32cube.ide.mcu.externaltools.gnu-tools-for-stm32.9-2020-q2-update.linux64_2.0.0.202105311346/tools/bin/../lib/gcc/arm-none-eabi/9.3.1/thumb/v7-m/nofp/libgcc.a
LOAD /opt/st/stm32cubeide_1.8.0/plugins/com.st.stm32cube.ide.mcu.externaltools.gnu-tools-for-stm32.9-2020-q2-update.linux64_2.0.0.202105311346/tools/bin/../lib/gcc/arm-none-eabi/9.3.1/../../../../arm-none-eabi/lib/thumb/v7-m/nofp/libc_nano.a
LOAD /opt/st/stm32cubeide_1.8.0/plugins/com.st.stm32cube.ide.mcu.externaltools.gnu-tools-for-stm32.9-2020-q2-update.linux64_2.0.0.202105311346/tools/bin/../lib/gcc/arm-none-eabi/9.3.1/../../../../arm-none-eabi/lib/thumb/v7-m/nofp/libnosys.a
END GROUP
LOAD /opt/st/stm32cubeide_1.8.0/plugins/com.st.stm32cube.ide.mcu.externaltools.gnu-tools-for-stm32.9-2020-q2-update.linux64_2.0.0.202105311346/tools/bin/../lib/gcc/arm-none-eabi/9.3.1/thumb/v7-m/nofp/crtend.o
LOAD /opt/st/stm32cubeide_1.8.0/plugins/com.st.stm32cube.ide.mcu.externaltools.gnu-tools-for-stm32.9-2020-q2-update.linux64_2.0.0.202105311346/tools/bin/../lib/gcc/arm-none-eabi/9.3.1/thumb/v7-m/nofp/crtn.o
                0x0000000020005000                _estack = (ORIGIN (RAM) + LENGTH (RAM))
                0x0000000000000200                _Min_Heap_Size = 0x200
                0x0000000000000400                _Min_Stack_Size = 0x400

.isr_vector     0x0000000008000000      0x10c
                0x0000000008000000                . = ALIGN (0x4)
 *(.isr_vector)
 .isr_vector    0x0000000008000000      0x10c ./Core/Startup/startup_stm32f103c8tx.o
                0x0000000008000000                g_pfnVectors
                0x000000000800010c                . = ALIGN (0x4)

.text           0x000000000800010c     0x38fc
                0x000000000800010c                . = ALIGN (0x4)
 *(.text)
 .text          0x000000000800010c       0x40 /opt/st/stm32cubeide_1.8.0/plugins/com.st.stm32cube.ide.mcu.externaltools.gnu-tools-for-stm32.9-2020-q2-update.linux64_2.0.0.202105311346/tools/bin/../lib/gcc/arm-none-eabi/9.3.1/thumb/v7-m/nofp/crtbegin.o
 *(.text*)
 .text.mapGpioPort
                0x000000000800014c       0x18 ./Core/Src/main.o
                0x000000000800014c                mapGpioPort
 .text.mapGpioPin
                0x0000000008000164       0x14 ./Core/Src/main.o
                0x0000000008000164                mapGpioPin
 .text.mapGpioDir
                0x0000000008000178       0x1c ./Core/Src/main.o
                0x0000000008000178                mapGpioDir
 .text.mapAdcPin
                0x0000000008000194       0x10 ./Core/Src/main.o
                0x0000000008000194                mapAdcPin
 .text.SystemClock_Config
                0x00000000080001a4       0x8a ./Core/Src/main.o
                0x00000000080001a4                SystemClock_Config
 *fill*         0x000000000800022e        0x2 
 .text.startup.main
                0x0000000008000230      0x298 ./Core/Src/main.o
                0x0000000008000230                main
 .text.Error_Handler
                0x00000000080004c8        0x4 ./Core/Src/main.o
                0x00000000080004c8                Error_Handler
 .text.HAL_MspInit
                0x00000000080004cc       0x44 ./Core/Src/stm32f1xx_hal_msp.o
                0x00000000080004cc                HAL_MspInit
 .text.HAL_ADC_MspInit
                0x0000000008000510       0x4c ./Core/Src/stm32f1xx_hal_msp.o
                0x0000000008000510                HAL_ADC_MspInit
 .text.NMI_Handler
                0x000000000800055c        0x8 ./Core/Src/stm32f1xx_it.o
                0x000000000800055c                NMI_Handler
 .text.HardFault_Handler
                0x0000000008000564        0x2 ./Core/Src/stm32f1xx_it.o
                0x0000000008000564                HardFault_Handler
 .text.MemManage_Handler
                0x0000000008000566        0x2 ./Core/Src/stm32f1xx_it.o
                0x0000000008000566                MemManage_Handler
 .text.BusFault_Handler
                0x0000000008000568        0x2 ./Core/Src/stm32f1xx_it.o
                0x0000000008000568                BusFault_Handler
 .text.UsageFault_Handler
                0x000000000800056a        0x2 ./Core/Src/stm32f1xx_it.o
                0x000000000800056a                UsageFault_Handler
 .text.SVC_Handler
                0x000000000800056c        0x2 ./Core/Src/stm32f1xx_it.o
                0x000000000800056c                SVC_Handler
 .text.DebugMon_Handler
                0x000000000800056e        0x2 ./Core/Src/stm32f1xx_it.o
                0x000000000800056e                DebugMon_Handler
 .text.PendSV_Handler
                0x0000000008000570        0x2 ./Core/Src/stm32f1xx_it.o
                0x0000000008000570                PendSV_Handler
 .text.SysTick_Handler
                0x0000000008000572        0x4 ./Core/Src/stm32f1xx_it.o
                0x0000000008000572                SysTick_Handler
 *fill*         0x0000000008000576        0x2 
 .text.USB_HP_CAN1_TX_IRQHandler
                0x0000000008000578        0xc ./Core/Src/stm32f1xx_it.o
                0x0000000008000578                USB_HP_CAN1_TX_IRQHandler
 .text.USB_LP_CAN1_RX0_IRQHandler
                0x0000000008000584        0x4 ./Core/Src/stm32f1xx_it.o
                0x0000000008000584                USB_LP_CAN1_RX0_IRQHandler
 .text.SystemInit
                0x0000000008000588        0x2 ./Core/Src/system_stm32f1xx.o
                0x0000000008000588                SystemInit
 *fill*         0x000000000800058a        0x2 
 .text.MX_USB_DEVICE_Init
                0x000000000800058c       0x40 ./Core/Src/usb_device.o
                0x000000000800058c                MX_USB_DEVICE_Init
 .text.USBD_DEV_GetFSCfgDesc
                0x00000000080005cc        0xc ./Core/Src/usbd.o
 .text.USBD_DEV_DataIn
                0x00000000080005d8       0x14 ./Core/Src/usbd.o
 .text.USBD_DEV_GetDeviceQualifierDesc
                0x00000000080005ec        0xc ./Core/Src/usbd.o
 .text.USBD_DEV_DataOut
                0x00000000080005f8       0x1c ./Core/Src/usbd.o
 .text.USBD_DEV_Setup
                0x0000000008000614       0xd4 ./Core/Src/usbd.o
 .text.USBD_DEV_DeInit
                0x00000000080006e8       0x18 ./Core/Src/usbd.o
 .text.USBD_DEV_Init
                0x0000000008000700       0x4c ./Core/Src/usbd.o
 .text.USBD_Transmit
                0x000000000800074c       0x28 ./Core/Src/usbd.o
                0x000000000800074c                USBD_Transmit
 .text.HAL_PCD_MspInit
                0x0000000008000774       0x40 ./Core/Src/usbd_conf.o
                0x0000000008000774                HAL_PCD_MspInit
 .text.HAL_PCD_SetupStageCallback
                0x00000000080007b4        0xc ./Core/Src/usbd_conf.o
                0x00000000080007b4                HAL_PCD_SetupStageCallback
 .text.HAL_PCD_DataOutStageCallback
                0x00000000080007c0       0x12 ./Core/Src/usbd_conf.o
                0x00000000080007c0                HAL_PCD_DataOutStageCallback
 .text.HAL_PCD_DataInStageCallback
                0x00000000080007d2       0x10 ./Core/Src/usbd_conf.o
                0x00000000080007d2                HAL_PCD_DataInStageCallback
 .text.HAL_PCD_SOFCallback
                0x00000000080007e2        0x8 ./Core/Src/usbd_conf.o
                0x00000000080007e2                HAL_PCD_SOFCallback
 .text.HAL_PCD_ResetCallback
                0x00000000080007ea       0x24 ./Core/Src/usbd_conf.o
                0x00000000080007ea                HAL_PCD_ResetCallback
 *fill*         0x000000000800080e        0x2 
 .text.HAL_PCD_SuspendCallback
                0x0000000008000810       0x20 ./Core/Src/usbd_conf.o
                0x0000000008000810                HAL_PCD_SuspendCallback
 .text.HAL_PCD_ResumeCallback
                0x0000000008000830        0x8 ./Core/Src/usbd_conf.o
                0x0000000008000830                HAL_PCD_ResumeCallback
 .text.USBD_LL_Init
                0x0000000008000838       0x70 ./Core/Src/usbd_conf.o
                0x0000000008000838                USBD_LL_Init
 .text.USBD_LL_Start
                0x00000000080008a8       0x1c ./Core/Src/usbd_conf.o
                0x00000000080008a8                USBD_LL_Start
 .text.USBD_LL_OpenEP
                0x00000000080008c4       0x20 ./Core/Src/usbd_conf.o
                0x00000000080008c4                USBD_LL_OpenEP
 .text.USBD_LL_StallEP
                0x00000000080008e4       0x1c ./Core/Src/usbd_conf.o
                0x00000000080008e4                USBD_LL_StallEP
 .text.USBD_LL_ClearStallEP
                0x0000000008000900       0x1c ./Core/Src/usbd_conf.o
                0x0000000008000900                USBD_LL_ClearStallEP
 .text.USBD_LL_IsStallEP
                0x000000000800091c       0x24 ./Core/Src/usbd_conf.o
                0x000000000800091c                USBD_LL_IsStallEP
 .text.USBD_LL_SetUSBAddress
                0x0000000008000940       0x1c ./Core/Src/usbd_conf.o
                0x0000000008000940                USBD_LL_SetUSBAddress
 .text.USBD_LL_Transmit
                0x000000000800095c       0x1c ./Core/Src/usbd_conf.o
                0x000000000800095c                USBD_LL_Transmit
 .text.USBD_LL_PrepareReceive
                0x0000000008000978       0x1c ./Core/Src/usbd_conf.o
                0x0000000008000978                USBD_LL_PrepareReceive
 .text.USBD_static_malloc
                0x0000000008000994        0x8 ./Core/Src/usbd_conf.o
                0x0000000008000994                USBD_static_malloc
 .text.USBD_static_free
                0x000000000800099c        0x2 ./Core/Src/usbd_conf.o
                0x000000000800099c                USBD_static_free
 .text.HAL_PCDEx_SetConnectionState
                0x000000000800099e        0x2 ./Core/Src/usbd_conf.o
                0x000000000800099e                HAL_PCDEx_SetConnectionState
 .text.USBD_Init
                0x00000000080009a0       0x2a ./Core/Src/usbd_core.o
                0x00000000080009a0                USBD_Init
 .text.USBD_RegisterClass
                0x00000000080009ca        0xe ./Core/Src/usbd_core.o
                0x00000000080009ca                USBD_RegisterClass
 .text.USBD_Start
                0x00000000080009d8        0xa ./Core/Src/usbd_core.o
                0x00000000080009d8                USBD_Start
 .text.USBD_SetClassConfig
                0x00000000080009e2       0x16 ./Core/Src/usbd_core.o
                0x00000000080009e2                USBD_SetClassConfig
 .text.USBD_ClrClassConfig
                0x00000000080009f8        0xe ./Core/Src/usbd_core.o
                0x00000000080009f8                USBD_ClrClassConfig
 .text.USBD_LL_SetupStage
                0x0000000008000a06       0x5a ./Core/Src/usbd_core.o
                0x0000000008000a06                USBD_LL_SetupStage
 .text.USBD_LL_DataOutStage
                0x0000000008000a60       0x74 ./Core/Src/usbd_core.o
                0x0000000008000a60                USBD_LL_DataOutStage
 .text.USBD_LL_DataInStage
                0x0000000008000ad4       0xb6 ./Core/Src/usbd_core.o
                0x0000000008000ad4                USBD_LL_DataInStage
 .text.USBD_LL_Reset
                0x0000000008000b8a       0x4e ./Core/Src/usbd_core.o
                0x0000000008000b8a                USBD_LL_Reset
 .text.USBD_LL_SetSpeed
                0x0000000008000bd8        0x6 ./Core/Src/usbd_core.o
                0x0000000008000bd8                USBD_LL_SetSpeed
 .text.USBD_LL_Suspend
                0x0000000008000bde       0x12 ./Core/Src/usbd_core.o
                0x0000000008000bde                USBD_LL_Suspend
 .text.USBD_LL_Resume
                0x0000000008000bf0       0x14 ./Core/Src/usbd_core.o
                0x0000000008000bf0                USBD_LL_Resume
 .text.USBD_LL_SOF
                0x0000000008000c04       0x18 ./Core/Src/usbd_core.o
                0x0000000008000c04                USBD_LL_SOF
 .text.USBD_CtlError.constprop.0
                0x0000000008000c1c       0x16 ./Core/Src/usbd_ctlreq.o
 *fill*         0x0000000008000c32        0x2 
 .text.USBD_StdDevReq
                0x0000000008000c34      0x254 ./Core/Src/usbd_ctlreq.o
                0x0000000008000c34                USBD_StdDevReq
 .text.USBD_StdItfReq
                0x0000000008000e88       0x48 ./Core/Src/usbd_ctlreq.o
                0x0000000008000e88                USBD_StdItfReq
 .text.USBD_StdEPReq
                0x0000000008000ed0      0x114 ./Core/Src/usbd_ctlreq.o
                0x0000000008000ed0                USBD_StdEPReq
 .text.USBD_ParseSetupRequest
                0x0000000008000fe4       0x28 ./Core/Src/usbd_ctlreq.o
                0x0000000008000fe4                USBD_ParseSetupRequest
 .text.USBD_CtlError
                0x000000000800100c       0x16 ./Core/Src/usbd_ctlreq.o
                0x000000000800100c                USBD_CtlError
 .text.USBD_GetString
                0x0000000008001022       0x38 ./Core/Src/usbd_ctlreq.o
                0x0000000008001022                USBD_GetString
 *fill*         0x000000000800105a        0x2 
 .text.USBD_FS_DeviceDescriptor
                0x000000000800105c        0xc ./Core/Src/usbd_desc.o
                0x000000000800105c                USBD_FS_DeviceDescriptor
 .text.USBD_FS_LangIDStrDescriptor
                0x0000000008001068        0xc ./Core/Src/usbd_desc.o
                0x0000000008001068                USBD_FS_LangIDStrDescriptor
 .text.IntToUnicode
                0x0000000008001074       0x2a ./Core/Src/usbd_desc.o
 *fill*         0x000000000800109e        0x2 
 .text.USBD_FS_SerialStrDescriptor
                0x00000000080010a0       0x40 ./Core/Src/usbd_desc.o
                0x00000000080010a0                USBD_FS_SerialStrDescriptor
 .text.USBD_FS_ManufacturerStrDescriptor
                0x00000000080010e0       0x1c ./Core/Src/usbd_desc.o
                0x00000000080010e0                USBD_FS_ManufacturerStrDescriptor
 .text.USBD_FS_ProductStrDescriptor
                0x00000000080010fc       0x1c ./Core/Src/usbd_desc.o
                0x00000000080010fc                USBD_FS_ProductStrDescriptor
 .text.USBD_FS_ConfigStrDescriptor
                0x0000000008001118       0x1c ./Core/Src/usbd_desc.o
                0x0000000008001118                USBD_FS_ConfigStrDescriptor
 .text.USBD_FS_InterfaceStrDescriptor
                0x0000000008001134       0x1c ./Core/Src/usbd_desc.o
                0x0000000008001134                USBD_FS_InterfaceStrDescriptor
 .text.USBD_CtlSendData
                0x0000000008001150       0x1a ./Core/Src/usbd_ioreq.o
                0x0000000008001150                USBD_CtlSendData
 .text.USBD_CtlContinueSendData
                0x000000000800116a       0x10 ./Core/Src/usbd_ioreq.o
                0x000000000800116a                USBD_CtlContinueSendData
 .text.USBD_CtlContinueRx
                0x000000000800117a       0x10 ./Core/Src/usbd_ioreq.o
                0x000000000800117a                USBD_CtlContinueRx
 .text.USBD_CtlSendStatus
                0x000000000800118a       0x16 ./Core/Src/usbd_ioreq.o
                0x000000000800118a                USBD_CtlSendStatus
 .text.USBD_CtlReceiveStatus
                0x00000000080011a0       0x16 ./Core/Src/usbd_ioreq.o
                0x00000000080011a0                USBD_CtlReceiveStatus
 *fill*         0x00000000080011b6        0x2 
 .text.Reset_Handler
                0x00000000080011b8       0x48 ./Core/Startup/startup_stm32f103c8tx.o
                0x00000000080011b8                Reset_Handler
 .text.Default_Handler
                0x0000000008001200        0x2 ./Core/Startup/startup_stm32f103c8tx.o
                0x0000000008001200                RTC_Alarm_IRQHandler
                0x0000000008001200                EXTI2_IRQHandler
                0x0000000008001200                TIM1_CC_IRQHandler
                0x0000000008001200                PVD_IRQHandler
                0x0000000008001200                EXTI3_IRQHandler
                0x0000000008001200                EXTI0_IRQHandler
                0x0000000008001200                I2C2_EV_IRQHandler
                0x0000000008001200                ADC1_2_IRQHandler
                0x0000000008001200                SPI1_IRQHandler
                0x0000000008001200                TAMPER_IRQHandler
                0x0000000008001200                DMA1_Channel4_IRQHandler
                0x0000000008001200                USART3_IRQHandler
                0x0000000008001200                RTC_IRQHandler
                0x0000000008001200                DMA1_Channel7_IRQHandler
                0x0000000008001200                CAN1_RX1_IRQHandler
                0x0000000008001200                TIM4_IRQHandler
                0x0000000008001200                I2C1_EV_IRQHandler
                0x0000000008001200                DMA1_Channel6_IRQHandler
                0x0000000008001200                TIM3_IRQHandler
                0x0000000008001200                RCC_IRQHandler
                0x0000000008001200                TIM1_TRG_COM_IRQHandler
                0x0000000008001200                DMA1_Channel1_IRQHandler
                0x0000000008001200                Default_Handler
                0x0000000008001200                EXTI15_10_IRQHandler
                0x0000000008001200                EXTI9_5_IRQHandler
                0x0000000008001200                SPI2_IRQHandler
                0x0000000008001200                DMA1_Channel5_IRQHandler
                0x0000000008001200                EXTI4_IRQHandler
                0x0000000008001200                DMA1_Channel3_IRQHandler
                0x0000000008001200                TIM1_UP_IRQHandler
                0x0000000008001200                WWDG_IRQHandler
                0x0000000008001200                TIM2_IRQHandler
                0x0000000008001200                TIM1_BRK_IRQHandler
                0x0000000008001200                EXTI1_IRQHandler
                0x0000000008001200                USART2_IRQHandler
                0x0000000008001200                I2C2_ER_IRQHandler
                0x0000000008001200                DMA1_Channel2_IRQHandler
                0x0000000008001200                CAN1_SCE_IRQHandler
                0x0000000008001200                FLASH_IRQHandler
                0x0000000008001200                USART1_IRQHandler
                0x0000000008001200                I2C1_ER_IRQHandler
                0x0000000008001200                USBWakeUp_IRQHandler
 *fill*         0x0000000008001202        0x2 
 .text.HAL_InitTick
                0x0000000008001204       0x48 ./Drivers/STM32F1xx_HAL_Driver/Src/stm32f1xx_hal.o
                0x0000000008001204                HAL_InitTick
 .text.HAL_Init
                0x000000000800124c       0x24 ./Drivers/STM32F1xx_HAL_Driver/Src/stm32f1xx_hal.o
                0x000000000800124c                HAL_Init
 .text.HAL_IncTick
                0x0000000008001270       0x18 ./Drivers/STM32F1xx_HAL_Driver/Src/stm32f1xx_hal.o
                0x0000000008001270                HAL_IncTick
 .text.HAL_GetTick
                0x0000000008001288        0xc ./Drivers/STM32F1xx_HAL_Driver/Src/stm32f1xx_hal.o
                0x0000000008001288                HAL_GetTick
 .text.HAL_ADC_PollForConversion
                0x0000000008001294      0x158 ./Drivers/STM32F1xx_HAL_Driver/Src/stm32f1xx_hal_adc.o
                0x0000000008001294                HAL_ADC_PollForConversion
 .text.HAL_ADC_GetValue
                0x00000000080013ec        0x6 ./Drivers/STM32F1xx_HAL_Driver/Src/stm32f1xx_hal_adc.o
                0x00000000080013ec                HAL_ADC_GetValue
 *fill*         0x00000000080013f2        0x2 
 .text.HAL_ADC_ConfigChannel
                0x00000000080013f4       0xfc ./Drivers/STM32F1xx_HAL_Driver/Src/stm32f1xx_hal_adc.o
                0x00000000080013f4                HAL_ADC_ConfigChannel
 .text.ADC_Enable
                0x00000000080014f0       0x78 ./Drivers/STM32F1xx_HAL_Driver/Src/stm32f1xx_hal_adc.o
                0x00000000080014f0                ADC_Enable
 .text.HAL_ADC_Start
                0x0000000008001568       0xc4 ./Drivers/STM32F1xx_HAL_Driver/Src/stm32f1xx_hal_adc.o
                0x0000000008001568                HAL_ADC_Start
 .text.ADC_ConversionStop_Disable
                0x000000000800162c       0x4c ./Drivers/STM32F1xx_HAL_Driver/Src/stm32f1xx_hal_adc.o
                0x000000000800162c                ADC_ConversionStop_Disable
 .text.HAL_ADC_Init
                0x0000000008001678       0xfc ./Drivers/STM32F1xx_HAL_Driver/Src/stm32f1xx_hal_adc.o
                0x0000000008001678                HAL_ADC_Init
 .text.HAL_ADC_Stop
                0x0000000008001774       0x34 ./Drivers/STM32F1xx_HAL_Driver/Src/stm32f1xx_hal_adc.o
                0x0000000008001774                HAL_ADC_Stop
 .text.HAL_NVIC_SetPriorityGrouping
                0x00000000080017a8       0x24 ./Drivers/STM32F1xx_HAL_Driver/Src/stm32f1xx_hal_cortex.o
                0x00000000080017a8                HAL_NVIC_SetPriorityGrouping
 .text.HAL_NVIC_SetPriority
                0x00000000080017cc       0x64 ./Drivers/STM32F1xx_HAL_Driver/Src/stm32f1xx_hal_cortex.o
                0x00000000080017cc                HAL_NVIC_SetPriority
 .text.HAL_NVIC_EnableIRQ
                0x0000000008001830       0x1c ./Drivers/STM32F1xx_HAL_Driver/Src/stm32f1xx_hal_cortex.o
                0x0000000008001830                HAL_NVIC_EnableIRQ
 .text.HAL_SYSTICK_Config
                0x000000000800184c       0x2c ./Drivers/STM32F1xx_HAL_Driver/Src/stm32f1xx_hal_cortex.o
                0x000000000800184c                HAL_SYSTICK_Config
 .text.HAL_GPIO_Init
                0x0000000008001878      0x1b8 ./Drivers/STM32F1xx_HAL_Driver/Src/stm32f1xx_hal_gpio.o
                0x0000000008001878                HAL_GPIO_Init
 .text.HAL_GPIO_ReadPin
                0x0000000008001a30        0xc ./Drivers/STM32F1xx_HAL_Driver/Src/stm32f1xx_hal_gpio.o
                0x0000000008001a30                HAL_GPIO_ReadPin
 .text.HAL_GPIO_WritePin
                0x0000000008001a3c        0xa ./Drivers/STM32F1xx_HAL_Driver/Src/stm32f1xx_hal_gpio.o
                0x0000000008001a3c                HAL_GPIO_WritePin
 .text.HAL_PCD_Init
                0x0000000008001a46       0xf2 ./Drivers/STM32F1xx_HAL_Driver/Src/stm32f1xx_hal_pcd.o
                0x0000000008001a46                HAL_PCD_Init
 .text.HAL_PCD_Start
                0x0000000008001b38       0x32 ./Drivers/STM32F1xx_HAL_Driver/Src/stm32f1xx_hal_pcd.o
                0x0000000008001b38                HAL_PCD_Start
 .text.HAL_PCD_SetAddress
                0x0000000008001b6a       0x28 ./Drivers/STM32F1xx_HAL_Driver/Src/stm32f1xx_hal_pcd.o
                0x0000000008001b6a                HAL_PCD_SetAddress
 *fill*         0x0000000008001b92        0x2 
 .text.HAL_PCD_IRQHandler
                0x0000000008001b94      0x9a8 ./Drivers/STM32F1xx_HAL_Driver/Src/stm32f1xx_hal_pcd.o
                0x0000000008001b94                HAL_PCD_IRQHandler
 .text.HAL_PCD_EP_Open
                0x000000000800253c       0x64 ./Drivers/STM32F1xx_HAL_Driver/Src/stm32f1xx_hal_pcd.o
                0x000000000800253c                HAL_PCD_EP_Open
 .text.HAL_PCD_EP_Receive
                0x00000000080025a0       0x2e ./Drivers/STM32F1xx_HAL_Driver/Src/stm32f1xx_hal_pcd.o
                0x00000000080025a0                HAL_PCD_EP_Receive
 .text.HAL_PCD_EP_Transmit
                0x00000000080025ce       0x34 ./Drivers/STM32F1xx_HAL_Driver/Src/stm32f1xx_hal_pcd.o
                0x00000000080025ce                HAL_PCD_EP_Transmit
 .text.HAL_PCD_EP_SetStall
                0x0000000008002602       0x68 ./Drivers/STM32F1xx_HAL_Driver/Src/stm32f1xx_hal_pcd.o
                0x0000000008002602                HAL_PCD_EP_SetStall
 .text.HAL_PCD_EP_ClrStall
                0x000000000800266a       0x64 ./Drivers/STM32F1xx_HAL_Driver/Src/stm32f1xx_hal_pcd.o
                0x000000000800266a                HAL_PCD_EP_ClrStall
 .text.HAL_PCDEx_PMAConfig
                0x00000000080026ce       0x32 ./Drivers/STM32F1xx_HAL_Driver/Src/stm32f1xx_hal_pcd_ex.o
                0x00000000080026ce                HAL_PCDEx_PMAConfig
 .text.HAL_RCC_OscConfig
                0x0000000008002700      0x338 ./Drivers/STM32F1xx_HAL_Driver/Src/stm32f1xx_hal_rcc.o
                0x0000000008002700                HAL_RCC_OscConfig
 .text.HAL_RCC_EnableCSS
                0x0000000008002a38        0xc ./Drivers/STM32F1xx_HAL_Driver/Src/stm32f1xx_hal_rcc.o
                0x0000000008002a38                HAL_RCC_EnableCSS
 .text.HAL_RCC_GetSysClockFreq
                0x0000000008002a44       0x74 ./Drivers/STM32F1xx_HAL_Driver/Src/stm32f1xx_hal_rcc.o
                0x0000000008002a44                HAL_RCC_GetSysClockFreq
 .text.HAL_RCC_ClockConfig
                0x0000000008002ab8      0x138 ./Drivers/STM32F1xx_HAL_Driver/Src/stm32f1xx_hal_rcc.o
                0x0000000008002ab8                HAL_RCC_ClockConfig
 .text.HAL_RCC_GetPCLK2Freq
                0x0000000008002bf0       0x20 ./Drivers/STM32F1xx_HAL_Driver/Src/stm32f1xx_hal_rcc.o
                0x0000000008002bf0                HAL_RCC_GetPCLK2Freq
 .text.HAL_RCC_CSSCallback
                0x0000000008002c10        0x2 ./Drivers/STM32F1xx_HAL_Driver/Src/stm32f1xx_hal_rcc.o
                0x0000000008002c10                HAL_RCC_CSSCallback
 *fill*         0x0000000008002c12        0x2 
 .text.HAL_RCC_NMI_IRQHandler
                0x0000000008002c14       0x20 ./Drivers/STM32F1xx_HAL_Driver/Src/stm32f1xx_hal_rcc.o
                0x0000000008002c14                HAL_RCC_NMI_IRQHandler
 .text.HAL_RCCEx_PeriphCLKConfig
                0x0000000008002c34       0xf0 ./Drivers/STM32F1xx_HAL_Driver/Src/stm32f1xx_hal_rcc_ex.o
                0x0000000008002c34                HAL_RCCEx_PeriphCLKConfig
 .text.HAL_RCCEx_GetPeriphCLKFreq
                0x0000000008002d24       0xe8 ./Drivers/STM32F1xx_HAL_Driver/Src/stm32f1xx_hal_rcc_ex.o
                0x0000000008002d24                HAL_RCCEx_GetPeriphCLKFreq
 .text.USB_CoreInit
                0x0000000008002e0c        0xe ./Drivers/STM32F1xx_HAL_Driver/Src/stm32f1xx_ll_usb.o
                0x0000000008002e0c                USB_CoreInit
 .text.USB_EnableGlobalInt
                0x0000000008002e1a       0x12 ./Drivers/STM32F1xx_HAL_Driver/Src/stm32f1xx_ll_usb.o
                0x0000000008002e1a                USB_EnableGlobalInt
 .text.USB_DisableGlobalInt
                0x0000000008002e2c       0x14 ./Drivers/STM32F1xx_HAL_Driver/Src/stm32f1xx_ll_usb.o
                0x0000000008002e2c                USB_DisableGlobalInt
 .text.USB_SetCurrentMode
                0x0000000008002e40        0x4 ./Drivers/STM32F1xx_HAL_Driver/Src/stm32f1xx_ll_usb.o
                0x0000000008002e40                USB_SetCurrentMode
 .text.USB_DevInit
                0x0000000008002e44       0x28 ./Drivers/STM32F1xx_HAL_Driver/Src/stm32f1xx_ll_usb.o
                0x0000000008002e44                USB_DevInit
 .text.USB_ActivateEndpoint
                0x0000000008002e6c      0x2b0 ./Drivers/STM32F1xx_HAL_Driver/Src/stm32f1xx_ll_usb.o
                0x0000000008002e6c                USB_ActivateEndpoint
 .text.USB_EPSetStall
                0x000000000800311c       0x40 ./Drivers/STM32F1xx_HAL_Driver/Src/stm32f1xx_ll_usb.o
                0x000000000800311c                USB_EPSetStall
 .text.USB_EPClearStall
                0x000000000800315c       0x96 ./Drivers/STM32F1xx_HAL_Driver/Src/stm32f1xx_ll_usb.o
                0x000000000800315c                USB_EPClearStall
 .text.USB_SetDevAddress
                0x00000000080031f2        0xc ./Drivers/STM32F1xx_HAL_Driver/Src/stm32f1xx_ll_usb.o
                0x00000000080031f2                USB_SetDevAddress
 .text.USB_DevConnect
                0x00000000080031fe        0x4 ./Drivers/STM32F1xx_HAL_Driver/Src/stm32f1xx_ll_usb.o
                0x00000000080031fe                USB_DevConnect
 .text.USB_DevDisconnect
                0x0000000008003202        0x4 ./Drivers/STM32F1xx_HAL_Driver/Src/stm32f1xx_ll_usb.o
                0x0000000008003202                USB_DevDisconnect
 .text.USB_ReadInterrupts
                0x0000000008003206        0x8 ./Drivers/STM32F1xx_HAL_Driver/Src/stm32f1xx_ll_usb.o
                0x0000000008003206                USB_ReadInterrupts
 .text.USB_EP0_OutStart
                0x000000000800320e        0x4 ./Drivers/STM32F1xx_HAL_Driver/Src/stm32f1xx_ll_usb.o
                0x000000000800320e                USB_EP0_OutStart
 .text.USB_WritePMA
                0x0000000008003212       0x20 ./Drivers/STM32F1xx_HAL_Driver/Src/stm32f1xx_ll_usb.o
                0x0000000008003212                USB_WritePMA
 *fill*         0x0000000008003232        0x2 
 .text.USB_EPStartXfer
                0x0000000008003234      0x71c ./Drivers/STM32F1xx_HAL_Driver/Src/stm32f1xx_ll_usb.o
                0x0000000008003234                USB_EPStartXfer
 .text.USB_ReadPMA
                0x0000000008003950       0x38 ./Drivers/STM32F1xx_HAL_Driver/Src/stm32f1xx_ll_usb.o
                0x0000000008003950                USB_ReadPMA
 .text.__libc_init_array
                0x0000000008003988       0x48 /opt/st/stm32cubeide_1.8.0/plugins/com.st.stm32cube.ide.mcu.externaltools.gnu-tools-for-stm32.9-2020-q2-update.linux64_2.0.0.202105311346/tools/bin/../lib/gcc/arm-none-eabi/9.3.1/../../../../arm-none-eabi/lib/thumb/v7-m/nofp/libc_nano.a(lib_a-init.o)
                0x0000000008003988                __libc_init_array
 .text.memset   0x00000000080039d0       0x10 /opt/st/stm32cubeide_1.8.0/plugins/com.st.stm32cube.ide.mcu.externaltools.gnu-tools-for-stm32.9-2020-q2-update.linux64_2.0.0.202105311346/tools/bin/../lib/gcc/arm-none-eabi/9.3.1/../../../../arm-none-eabi/lib/thumb/v7-m/nofp/libc_nano.a(lib_a-memset.o)
                0x00000000080039d0                memset
 .text.strcpy   0x00000000080039e0       0x10 /opt/st/stm32cubeide_1.8.0/plugins/com.st.stm32cube.ide.mcu.externaltools.gnu-tools-for-stm32.9-2020-q2-update.linux64_2.0.0.202105311346/tools/bin/../lib/gcc/arm-none-eabi/9.3.1/../../../../arm-none-eabi/lib/thumb/v7-m/nofp/libc_nano.a(lib_a-strcpy.o)
                0x00000000080039e0                strcpy
 *(.glue_7)
 .glue_7        0x00000000080039f0        0x0 linker stubs
 *(.glue_7t)
 .glue_7t       0x00000000080039f0        0x0 linker stubs
 *(.eh_frame)
 .eh_frame      0x00000000080039f0        0x0 /opt/st/stm32cubeide_1.8.0/plugins/com.st.stm32cube.ide.mcu.externaltools.gnu-tools-for-stm32.9-2020-q2-update.linux64_2.0.0.202105311346/tools/bin/../lib/gcc/arm-none-eabi/9.3.1/thumb/v7-m/nofp/crtbegin.o
 *(.init)
 .init          0x00000000080039f0        0x4 /opt/st/stm32cubeide_1.8.0/plugins/com.st.stm32cube.ide.mcu.externaltools.gnu-tools-for-stm32.9-2020-q2-update.linux64_2.0.0.202105311346/tools/bin/../lib/gcc/arm-none-eabi/9.3.1/thumb/v7-m/nofp/crti.o
                0x00000000080039f0                _init
 .init          0x00000000080039f4        0x8 /opt/st/stm32cubeide_1.8.0/plugins/com.st.stm32cube.ide.mcu.externaltools.gnu-tools-for-stm32.9-2020-q2-update.linux64_2.0.0.202105311346/tools/bin/../lib/gcc/arm-none-eabi/9.3.1/thumb/v7-m/nofp/crtn.o
 *(.fini)
 .fini          0x00000000080039fc        0x4 /opt/st/stm32cubeide_1.8.0/plugins/com.st.stm32cube.ide.mcu.externaltools.gnu-tools-for-stm32.9-2020-q2-update.linux64_2.0.0.202105311346/tools/bin/../lib/gcc/arm-none-eabi/9.3.1/thumb/v7-m/nofp/crti.o
                0x00000000080039fc                _fini
 .fini          0x0000000008003a00        0x8 /opt/st/stm32cubeide_1.8.0/plugins/com.st.stm32cube.ide.mcu.externaltools.gnu-tools-for-stm32.9-2020-q2-update.linux64_2.0.0.202105311346/tools/bin/../lib/gcc/arm-none-eabi/9.3.1/thumb/v7-m/nofp/crtn.o
                0x0000000008003a08                . = ALIGN (0x4)
                0x0000000008003a08                _etext = .

.vfp11_veneer   0x0000000008003a08        0x0
 .vfp11_veneer  0x0000000008003a08        0x0 linker stubs

.v4_bx          0x0000000008003a08        0x0
 .v4_bx         0x0000000008003a08        0x0 linker stubs

.iplt           0x0000000008003a08        0x0
 .iplt          0x0000000008003a08        0x0 /opt/st/stm32cubeide_1.8.0/plugins/com.st.stm32cube.ide.mcu.externaltools.gnu-tools-for-stm32.9-2020-q2-update.linux64_2.0.0.202105311346/tools/bin/../lib/gcc/arm-none-eabi/9.3.1/thumb/v7-m/nofp/crtbegin.o

.rodata         0x0000000008003a08       0xac
                0x0000000008003a08                . = ALIGN (0x4)
 *(.rodata)
 *(.rodata*)
 .rodata.main.str1.1
                0x0000000008003a08       0x1f ./Core/Src/main.o
 *fill*         0x0000000008003a27        0x1 
 .rodata.CSWTCH.48
                0x0000000008003a28       0x20 ./Core/Src/main.o
 .rodata.CSWTCH.50
                0x0000000008003a48        0x6 ./Core/Src/main.o
 .rodata.AHBPrescTable
                0x0000000008003a4e       0x10 ./Core/Src/system_stm32f1xx.o
                0x0000000008003a4e                AHBPrescTable
 .rodata.APBPrescTable
                0x0000000008003a5e        0x8 ./Core/Src/system_stm32f1xx.o
                0x0000000008003a5e                APBPrescTable
 .rodata.CSWTCH.3
                0x0000000008003a66        0x4 ./Core/Src/usbd_conf.o
 .rodata.USBD_FS_ManufacturerStrDescriptor.str1.1
                0x0000000008003a6a        0xa ./Core/Src/usbd_desc.o
 .rodata.USBD_FS_ProductStrDescriptor.str1.1
                0x0000000008003a74       0x15 ./Core/Src/usbd_desc.o
 .rodata.USBD_FS_ConfigStrDescriptor.str1.1
                0x0000000008003a89        0xe ./Core/Src/usbd_desc.o
 .rodata.USBD_FS_InterfaceStrDescriptor.str1.1
                0x0000000008003a97        0xa ./Core/Src/usbd_desc.o
 .rodata.HAL_RCC_GetSysClockFreq.str1.1
                0x0000000008003aa1       0x11 ./Drivers/STM32F1xx_HAL_Driver/Src/stm32f1xx_hal_rcc.o
 .rodata.HAL_RCCEx_GetPeriphCLKFreq.str1.1
                0x0000000008003ab2       0x11 ./Drivers/STM32F1xx_HAL_Driver/Src/stm32f1xx_hal_rcc_ex.o
                0x0000000008003ac4                . = ALIGN (0x4)
 *fill*         0x0000000008003ab2        0x2 

.rel.dyn        0x0000000008003ab4        0x0
 .rel.iplt      0x0000000008003ab4        0x0 /opt/st/stm32cubeide_1.8.0/plugins/com.st.stm32cube.ide.mcu.externaltools.gnu-tools-for-stm32.9-2020-q2-update.linux64_2.0.0.202105311346/tools/bin/../lib/gcc/arm-none-eabi/9.3.1/thumb/v7-m/nofp/crtbegin.o

.ARM.extab      0x0000000008003ab4        0x0
                0x0000000008003ab4                . = ALIGN (0x4)
 *(.ARM.extab* .gnu.linkonce.armextab.*)
                0x0000000008003ab4                . = ALIGN (0x4)

.ARM            0x0000000008003ab4        0x0
                0x0000000008003ab4                . = ALIGN (0x4)
                0x0000000008003ab4                __exidx_start = .
 *(.ARM.exidx*)
                0x0000000008003ab4                __exidx_end = .
                0x0000000008003ab4                . = ALIGN (0x4)

.preinit_array  0x0000000008003ab4        0x0
                0x0000000008003ab4                . = ALIGN (0x4)
                0x0000000008003ab4                PROVIDE (__preinit_array_start = .)
 *(.preinit_array*)
                0x0000000008003ab4                PROVIDE (__preinit_array_end = .)
                0x0000000008003ab4                . = ALIGN (0x4)

.init_array     0x0000000008003ab4        0x4
                0x0000000008003ab4                . = ALIGN (0x4)
                0x0000000008003ab4                PROVIDE (__init_array_start = .)
 *(SORT_BY_NAME(.init_array.*))
 *(.init_array*)
 .init_array    0x0000000008003ab4        0x4 /opt/st/stm32cubeide_1.8.0/plugins/com.st.stm32cube.ide.mcu.externaltools.gnu-tools-for-stm32.9-2020-q2-update.linux64_2.0.0.202105311346/tools/bin/../lib/gcc/arm-none-eabi/9.3.1/thumb/v7-m/nofp/crtbegin.o
                0x0000000008003ab8                PROVIDE (__init_array_end = .)
                0x0000000008003ab8                . = ALIGN (0x4)

.fini_array     0x0000000008003ab8        0x4
                0x0000000008003ab8                . = ALIGN (0x4)
                [!provide]                        PROVIDE (__fini_array_start = .)
 *(SORT_BY_NAME(.fini_array.*))
 *(.fini_array*)
 .fini_array    0x0000000008003ab8        0x4 /opt/st/stm32cubeide_1.8.0/plugins/com.st.stm32cube.ide.mcu.externaltools.gnu-tools-for-stm32.9-2020-q2-update.linux64_2.0.0.202105311346/tools/bin/../lib/gcc/arm-none-eabi/9.3.1/thumb/v7-m/nofp/crtbegin.o
                [!provide]                        PROVIDE (__fini_array_end = .)
                0x0000000008003abc                . = ALIGN (0x4)
                0x0000000008003abc                _sidata = LOADADDR (.data)

.data           0x0000000020000000      0x108 load address 0x0000000008003abc
                0x0000000020000000                . = ALIGN (0x4)
                0x0000000020000000                _sdata = .
 *(.data)
 *(.data*)
 .data.usb_tx_ready
                0x0000000020000000        0x1 ./Core/Src/main.o
                0x0000000020000000                usb_tx_ready
 *fill*         0x0000000020000001        0x3 
 .data.SystemCoreClock
                0x0000000020000004        0x4 ./Core/Src/system_stm32f1xx.o
                0x0000000020000004                SystemCoreClock
 .data.HID_ReportDesc
                0x0000000020000008       0x3c ./Core/Src/usbd.o
 .data.USBD_DEV
                0x0000000020000044       0x38 ./Core/Src/usbd.o
                0x0000000020000044                USBD_DEV
 .data.USBD_DEV_CfgFSDesc
                0x000000002000007c       0x20 ./Core/Src/usbd.o
 .data.USBD_DEV_Desc
                0x000000002000009c        0x9 ./Core/Src/usbd.o
 *fill*         0x00000000200000a5        0x3 
 .data.USBD_DEV_DeviceQualifierDesc
                0x00000000200000a8        0xa ./Core/Src/usbd.o
 *fill*         0x00000000200000b2        0x2 
 .data.FS_Desc  0x00000000200000b4       0x1c ./Core/Src/usbd_desc.o
                0x00000000200000b4                FS_Desc
 .data.USBD_FS_DeviceDesc
                0x00000000200000d0       0x12 ./Core/Src/usbd_desc.o
                0x00000000200000d0                USBD_FS_DeviceDesc
 *fill*         0x00000000200000e2        0x2 
 .data.USBD_LangIDDesc
                0x00000000200000e4        0x4 ./Core/Src/usbd_desc.o
                0x00000000200000e4                USBD_LangIDDesc
 .data.USBD_StringSerial
                0x00000000200000e8       0x1a ./Core/Src/usbd_desc.o
                0x00000000200000e8                USBD_StringSerial
 .data.uwTickFreq
                0x0000000020000102        0x1 ./Drivers/STM32F1xx_HAL_Driver/Src/stm32f1xx_hal.o
                0x0000000020000102                uwTickFreq
 *fill*         0x0000000020000103        0x1 
 .data.uwTickPrio
                0x0000000020000104        0x4 ./Drivers/STM32F1xx_HAL_Driver/Src/stm32f1xx_hal.o
                0x0000000020000104                uwTickPrio
 *(.RamFunc)
 *(.RamFunc*)
                0x0000000020000108                . = ALIGN (0x4)
                0x0000000020000108                _edata = .

.igot.plt       0x0000000020000108        0x0 load address 0x0000000008003bc4
 .igot.plt      0x0000000020000108        0x0 /opt/st/stm32cubeide_1.8.0/plugins/com.st.stm32cube.ide.mcu.externaltools.gnu-tools-for-stm32.9-2020-q2-update.linux64_2.0.0.202105311346/tools/bin/../lib/gcc/arm-none-eabi/9.3.1/thumb/v7-m/nofp/crtbegin.o
                0x0000000020000108                . = ALIGN (0x4)

.bss            0x0000000020000108      0x8f4 load address 0x0000000008003bc4
                0x0000000020000108                _sbss = .
                0x0000000020000108                __bss_start__ = _sbss
 *(.bss)
 .bss           0x0000000020000108       0x1c /opt/st/stm32cubeide_1.8.0/plugins/com.st.stm32cube.ide.mcu.externaltools.gnu-tools-for-stm32.9-2020-q2-update.linux64_2.0.0.202105311346/tools/bin/../lib/gcc/arm-none-eabi/9.3.1/thumb/v7-m/nofp/crtbegin.o
 *(.bss*)
 .bss.mem.8135  0x0000000020000124       0x14 ./Core/Src/usbd_conf.o
 .bss.cfgidx.8086
                0x0000000020000138        0x1 ./Core/Src/usbd_ctlreq.o
 *(COMMON)
 *fill*         0x0000000020000139        0x3 
 COMMON         0x000000002000013c      0x109 ./Core/Src/main.o
                0x000000002000013c                packet
                0x0000000020000140                hadc2
                0x0000000020000170                hi2c1
                0x00000000200001c4                usb_buffer
                0x0000000020000204                usb_rx_ready
                0x0000000020000208                hadc1
                0x0000000020000238                pin_config
                0x000000002000023c                error
                0x0000000020000240                report
 *fill*         0x0000000020000245        0x3 
 COMMON         0x0000000020000248      0x2c4 ./Core/Src/usb_device.o
                0x0000000020000248                hUsbDeviceFS
 COMMON         0x000000002000050c      0x2ec ./Core/Src/usbd_conf.o
                0x000000002000050c                hpcd_USB_FS
 COMMON         0x00000000200007f8      0x200 ./Core/Src/usbd_desc.o
                0x00000000200007f8                USBD_StrDesc
 COMMON         0x00000000200009f8        0x4 ./Drivers/STM32F1xx_HAL_Driver/Src/stm32f1xx_hal.o
                0x00000000200009f8                uwTick
                0x00000000200009fc                . = ALIGN (0x4)
                0x00000000200009fc                _ebss = .
                0x00000000200009fc                __bss_end__ = _ebss

._user_heap_stack
                0x00000000200009fc      0x604 load address 0x0000000008003bc4
                0x0000000020000a00                . = ALIGN (0x8)
 *fill*         0x00000000200009fc        0x4 
                [!provide]                        PROVIDE (end = .)
                0x0000000020000a00                PROVIDE (_end = .)
                0x0000000020000c00                . = (. + _Min_Heap_Size)
 *fill*         0x0000000020000a00      0x200 
                0x0000000020001000                . = (. + _Min_Stack_Size)
 *fill*         0x0000000020000c00      0x400 
                0x0000000020001000                . = ALIGN (0x8)

/DISCARD/
 libc.a(*)
 libm.a(*)
 libgcc.a(*)

.ARM.attributes
                0x0000000000000000       0x29
 *(.ARM.attributes)
 .ARM.attributes
                0x0000000000000000       0x1d /opt/st/stm32cubeide_1.8.0/plugins/com.st.stm32cube.ide.mcu.externaltools.gnu-tools-for-stm32.9-2020-q2-update.linux64_2.0.0.202105311346/tools/bin/../lib/gcc/arm-none-eabi/9.3.1/thumb/v7-m/nofp/crti.o
 .ARM.attributes
                0x000000000000001d       0x2d /opt/st/stm32cubeide_1.8.0/plugins/com.st.stm32cube.ide.mcu.externaltools.gnu-tools-for-stm32.9-2020-q2-update.linux64_2.0.0.202105311346/tools/bin/../lib/gcc/arm-none-eabi/9.3.1/thumb/v7-m/nofp/crtbegin.o
 .ARM.attributes
                0x000000000000004a       0x2d ./Core/Src/main.o
 .ARM.attributes
                0x0000000000000077       0x2d ./Core/Src/stm32f1xx_hal_msp.o
 .ARM.attributes
                0x00000000000000a4       0x2d ./Core/Src/stm32f1xx_it.o
 .ARM.attributes
                0x00000000000000d1       0x2d ./Core/Src/system_stm32f1xx.o
 .ARM.attributes
                0x00000000000000fe       0x2d ./Core/Src/usb_device.o
 .ARM.attributes
                0x000000000000012b       0x2d ./Core/Src/usbd.o
 .ARM.attributes
                0x0000000000000158       0x2d ./Core/Src/usbd_conf.o
 .ARM.attributes
                0x0000000000000185       0x2d ./Core/Src/usbd_core.o
 .ARM.attributes
                0x00000000000001b2       0x2d ./Core/Src/usbd_ctlreq.o
 .ARM.attributes
                0x00000000000001df       0x2d ./Core/Src/usbd_desc.o
 .ARM.attributes
                0x000000000000020c       0x2d ./Core/Src/usbd_ioreq.o
 .ARM.attributes
                0x0000000000000239       0x21 ./Core/Startup/startup_stm32f103c8tx.o
 .ARM.attributes
                0x000000000000025a       0x2d ./Drivers/STM32F1xx_HAL_Driver/Src/stm32f1xx_hal.o
 .ARM.attributes
                0x0000000000000287       0x2d ./Drivers/STM32F1xx_HAL_Driver/Src/stm32f1xx_hal_adc.o
 .ARM.attributes
                0x00000000000002b4       0x2d ./Drivers/STM32F1xx_HAL_Driver/Src/stm32f1xx_hal_cortex.o
 .ARM.attributes
                0x00000000000002e1       0x2d ./Drivers/STM32F1xx_HAL_Driver/Src/stm32f1xx_hal_gpio.o
 .ARM.attributes
                0x000000000000030e       0x2d ./Drivers/STM32F1xx_HAL_Driver/Src/stm32f1xx_hal_pcd.o
 .ARM.attributes
                0x000000000000033b       0x2d ./Drivers/STM32F1xx_HAL_Driver/Src/stm32f1xx_hal_pcd_ex.o
 .ARM.attributes
                0x0000000000000368       0x2d ./Drivers/STM32F1xx_HAL_Driver/Src/stm32f1xx_hal_rcc.o
 .ARM.attributes
                0x0000000000000395       0x2d ./Drivers/STM32F1xx_HAL_Driver/Src/stm32f1xx_hal_rcc_ex.o
 .ARM.attributes
                0x00000000000003c2       0x2d ./Drivers/STM32F1xx_HAL_Driver/Src/stm32f1xx_ll_usb.o
 .ARM.attributes
                0x00000000000003ef       0x2d /opt/st/stm32cubeide_1.8.0/plugins/com.st.stm32cube.ide.mcu.externaltools.gnu-tools-for-stm32.9-2020-q2-update.linux64_2.0.0.202105311346/tools/bin/../lib/gcc/arm-none-eabi/9.3.1/../../../../arm-none-eabi/lib/thumb/v7-m/nofp/libc_nano.a(lib_a-init.o)
 .ARM.attributes
                0x000000000000041c       0x2d /opt/st/stm32cubeide_1.8.0/plugins/com.st.stm32cube.ide.mcu.externaltools.gnu-tools-for-stm32.9-2020-q2-update.linux64_2.0.0.202105311346/tools/bin/../lib/gcc/arm-none-eabi/9.3.1/../../../../arm-none-eabi/lib/thumb/v7-m/nofp/libc_nano.a(lib_a-memset.o)
 .ARM.attributes
                0x0000000000000449       0x2d /opt/st/stm32cubeide_1.8.0/plugins/com.st.stm32cube.ide.mcu.externaltools.gnu-tools-for-stm32.9-2020-q2-update.linux64_2.0.0.202105311346/tools/bin/../lib/gcc/arm-none-eabi/9.3.1/../../../../arm-none-eabi/lib/thumb/v7-m/nofp/libc_nano.a(lib_a-strcpy.o)
 .ARM.attributes
                0x0000000000000476       0x1d /opt/st/stm32cubeide_1.8.0/plugins/com.st.stm32cube.ide.mcu.externaltools.gnu-tools-for-stm32.9-2020-q2-update.linux64_2.0.0.202105311346/tools/bin/../lib/gcc/arm-none-eabi/9.3.1/thumb/v7-m/nofp/crtn.o
OUTPUT(stm32f103.elf elf32-littlearm)
LOAD linker stubs
LOAD /opt/st/stm32cubeide_1.8.0/plugins/com.st.stm32cube.ide.mcu.externaltools.gnu-tools-for-stm32.9-2020-q2-update.linux64_2.0.0.202105311346/tools/bin/../lib/gcc/arm-none-eabi/9.3.1/../../../../arm-none-eabi/lib/thumb/v7-m/nofp/libc.a
LOAD /opt/st/stm32cubeide_1.8.0/plugins/com.st.stm32cube.ide.mcu.externaltools.gnu-tools-for-stm32.9-2020-q2-update.linux64_2.0.0.202105311346/tools/bin/../lib/gcc/arm-none-eabi/9.3.1/../../../../arm-none-eabi/lib/thumb/v7-m/nofp/libm.a
LOAD /opt/st/stm32cubeide_1.8.0/plugins/com.st.stm32cube.ide.mcu.externaltools.gnu-tools-for-stm32.9-2020-q2-update.linux64_2.0.0.202105311346/tools/bin/../lib/gcc/arm-none-eabi/9.3.1/thumb/v7-m/nofp/libgcc.a

.comment        0x0000000000000000       0x53
 .comment       0x0000000000000000       0x53 ./Core/Src/main.o
                                         0x54 (size before relaxing)
 .comment       0x0000000000000053       0x54 ./Core/Src/stm32f1xx_hal_msp.o
 .comment       0x0000000000000053       0x54 ./Core/Src/stm32f1xx_it.o
 .comment       0x0000000000000053       0x54 ./Core/Src/system_stm32f1xx.o
 .comment       0x0000000000000053       0x54 ./Core/Src/usb_device.o
 .comment       0x0000000000000053       0x54 ./Core/Src/usbd.o
 .comment       0x0000000000000053       0x54 ./Core/Src/usbd_conf.o
 .comment       0x0000000000000053       0x54 ./Core/Src/usbd_core.o
 .comment       0x0000000000000053       0x54 ./Core/Src/usbd_ctlreq.o
 .comment       0x0000000000000053       0x54 ./Core/Src/usbd_desc.o
 .comment       0x0000000000000053       0x54 ./Core/Src/usbd_ioreq.o
 .comment       0x0000000000000053       0x54 ./Drivers/STM32F1xx_HAL_Driver/Src/stm32f1xx_hal.o
 .comment       0x0000000000000053       0x54 ./Drivers/STM32F1xx_HAL_Driver/Src/stm32f1xx_hal_adc.o
 .comment       0x0000000000000053       0x54 ./Drivers/STM32F1xx_HAL_Driver/Src/stm32f1xx_hal_cortex.o
 .comment       0x0000000000000053       0x54 ./Drivers/STM32F1xx_HAL_Driver/Src/stm32f1xx_hal_gpio.o
 .comment       0x0000000000000053       0x54 ./Drivers/STM32F1xx_HAL_Driver/Src/stm32f1xx_hal_pcd.o
 .comment       0x0000000000000053       0x54 ./Drivers/STM32F1xx_HAL_Driver/Src/stm32f1xx_hal_pcd_ex.o
 .comment       0x0000000000000053       0x54 ./Drivers/STM32F1xx_HAL_Driver/Src/stm32f1xx_hal_rcc.o
 .comment       0x0000000000000053       0x54 ./Drivers/STM32F1xx_HAL_Driver/Src/stm32f1xx_hal_rcc_ex.o
 .comment       0x0000000000000053       0x54 ./Drivers/STM32F1xx_HAL_Driver/Src/stm32f1xx_ll_usb.o

.debug_frame    0x0000000000000000       0x6c
 .debug_frame   0x0000000000000000       0x2c /opt/st/stm32cubeide_1.8.0/plugins/com.st.stm32cube.ide.mcu.externaltools.gnu-tools-for-stm32.9-2020-q2-update.linux64_2.0.0.202105311346/tools/bin/../lib/gcc/arm-none-eabi/9.3.1/../../../../arm-none-eabi/lib/thumb/v7-m/nofp/libc_nano.a(lib_a-init.o)
 .debug_frame   0x000000000000002c       0x20 /opt/st/stm32cubeide_1.8.0/plugins/com.st.stm32cube.ide.mcu.externaltools.gnu-tools-for-stm32.9-2020-q2-update.linux64_2.0.0.202105311346/tools/bin/../lib/gcc/arm-none-eabi/9.3.1/../../../../arm-none-eabi/lib/thumb/v7-m/nofp/libc_nano.a(lib_a-memset.o)
 .debug_frame   0x000000000000004c       0x20 /opt/st/stm32cubeide_1.8.0/plugins/com.st.stm32cube.ide.mcu.externaltools.gnu-tools-for-stm32.9-2020-q2-update.linux64_2.0.0.202105311346/tools/bin/../lib/gcc/arm-none-eabi/9.3.1/../../../../arm-none-eabi/lib/thumb/v7-m/nofp/libc_nano.a(lib_a-strcpy.o)
