usbd_conf.c:625:20:USBD_Get_USB_Status	0	static
usbd_conf.c:70:6:HAL_PCD_MspInit	16	static
usbd_conf.c:89:6:HAL_PCD_MspDeInit	8	static
usbd_conf.c:116:6:HAL_PCD_SetupStageCallback	8	static
usbd_conf.c:131:6:HAL_PCD_DataOutStageCallback	8	static
usbd_conf.c:146:6:HAL_PCD_DataInStageCallback	8	static
usbd_conf.c:160:6:HAL_PCD_SOFCallback	8	static
usbd_conf.c:174:6:HAL_PCD_ResetCallback	8	static
usbd_conf.c:199:6:HAL_PCD_SuspendCallback	8	static
usbd_conf.c:223:6:HAL_PCD_ResumeCallback	8	static
usbd_conf.c:241:6:HAL_PCD_ISOOUTIncompleteCallback	8	static
usbd_conf.c:256:6:HAL_PCD_ISOINIncompleteCallback	8	static
usbd_conf.c:270:6:HAL_PCD_ConnectCallback	8	static
usbd_conf.c:284:6:HAL_PCD_DisconnectCallback	8	static
usbd_conf.c:299:20:USBD_LL_Init	8	static
usbd_conf.c:336:20:USBD_LL_DeInit	8	static
usbd_conf.c:353:20:USBD_LL_Start	8	static
usbd_conf.c:370:20:USBD_LL_Stop	8	static
usbd_conf.c:390:20:USBD_LL_OpenEP	8	static
usbd_conf.c:408:20:USBD_LL_CloseEP	8	static
usbd_conf.c:426:20:USBD_LL_FlushEP	8	static
usbd_conf.c:444:20:USBD_LL_StallEP	8	static
usbd_conf.c:462:20:USBD_LL_ClearStallEP	8	static
usbd_conf.c:480:9:USBD_LL_IsStallEP	0	static
usbd_conf.c:500:20:USBD_LL_SetUSBAddress	8	static
usbd_conf.c:520:20:USBD_LL_Transmit	8	static
usbd_conf.c:540:20:USBD_LL_PrepareReceive	8	static
usbd_conf.c:558:10:USBD_LL_GetRxDataSize	8	static
usbd_conf.c:568:6:USBD_LL_Delay	8	static
usbd_conf.c:578:7:USBD_static_malloc	0	static
usbd_conf.c:589:6:USBD_static_free	0	static
usbd_conf.c:603:6:HAL_PCDEx_SetConnectionState	0	static
