Archive member included to satisfy reference by file (symbol)

c:/st/stm32cubeide_1.6.0/stm32cubeide/plugins/com.st.stm32cube.ide.mcu.externaltools.gnu-tools-for-stm32.9-2020-q2-update.win32_2.0.0.202105311346/tools/bin/../lib/gcc/arm-none-eabi/9.3.1/../../../../arm-none-eabi/lib/thumb/v7-m/nofp\libc_nano.a(lib_a-errno.o)
                              ./Core/Src/syscalls.o (__errno)
c:/st/stm32cubeide_1.6.0/stm32cubeide/plugins/com.st.stm32cube.ide.mcu.externaltools.gnu-tools-for-stm32.9-2020-q2-update.win32_2.0.0.202105311346/tools/bin/../lib/gcc/arm-none-eabi/9.3.1/../../../../arm-none-eabi/lib/thumb/v7-m/nofp\libc_nano.a(lib_a-exit.o)
                              c:/st/stm32cubeide_1.6.0/stm32cubeide/plugins/com.st.stm32cube.ide.mcu.externaltools.gnu-tools-for-stm32.9-2020-q2-update.win32_2.0.0.202105311346/tools/bin/../lib/gcc/arm-none-eabi/9.3.1/../../../../arm-none-eabi/lib/thumb/v7-m/nofp/crt0.o (exit)
c:/st/stm32cubeide_1.6.0/stm32cubeide/plugins/com.st.stm32cube.ide.mcu.externaltools.gnu-tools-for-stm32.9-2020-q2-update.win32_2.0.0.202105311346/tools/bin/../lib/gcc/arm-none-eabi/9.3.1/../../../../arm-none-eabi/lib/thumb/v7-m/nofp\libc_nano.a(lib_a-impure.o)
                              c:/st/stm32cubeide_1.6.0/stm32cubeide/plugins/com.st.stm32cube.ide.mcu.externaltools.gnu-tools-for-stm32.9-2020-q2-update.win32_2.0.0.202105311346/tools/bin/../lib/gcc/arm-none-eabi/9.3.1/../../../../arm-none-eabi/lib/thumb/v7-m/nofp\libc_nano.a(lib_a-exit.o) (_global_impure_ptr)
c:/st/stm32cubeide_1.6.0/stm32cubeide/plugins/com.st.stm32cube.ide.mcu.externaltools.gnu-tools-for-stm32.9-2020-q2-update.win32_2.0.0.202105311346/tools/bin/../lib/gcc/arm-none-eabi/9.3.1/../../../../arm-none-eabi/lib/thumb/v7-m/nofp\libc_nano.a(lib_a-init.o)
                              c:/st/stm32cubeide_1.6.0/stm32cubeide/plugins/com.st.stm32cube.ide.mcu.externaltools.gnu-tools-for-stm32.9-2020-q2-update.win32_2.0.0.202105311346/tools/bin/../lib/gcc/arm-none-eabi/9.3.1/../../../../arm-none-eabi/lib/thumb/v7-m/nofp/crt0.o (__libc_init_array)
c:/st/stm32cubeide_1.6.0/stm32cubeide/plugins/com.st.stm32cube.ide.mcu.externaltools.gnu-tools-for-stm32.9-2020-q2-update.win32_2.0.0.202105311346/tools/bin/../lib/gcc/arm-none-eabi/9.3.1/../../../../arm-none-eabi/lib/thumb/v7-m/nofp\libc_nano.a(lib_a-memset.o)
                              c:/st/stm32cubeide_1.6.0/stm32cubeide/plugins/com.st.stm32cube.ide.mcu.externaltools.gnu-tools-for-stm32.9-2020-q2-update.win32_2.0.0.202105311346/tools/bin/../lib/gcc/arm-none-eabi/9.3.1/../../../../arm-none-eabi/lib/thumb/v7-m/nofp/crt0.o (memset)

Allocating common symbols
Common symbol       size              file

hUsbDeviceFS        0x2c4             ./Core/Src/usb_device.o
packet              0x4               ./Core/Src/main.o
hi2c1               0x54              ./Core/Src/main.o
uwTick              0x4               ./Drivers/STM32F1xx_HAL_Driver/Src/stm32f1xx_hal.o
pFlash              0x20              ./Drivers/STM32F1xx_HAL_Driver/Src/stm32f1xx_hal_flash.o
report              0x5               ./Core/Src/main.o
hpcd_USB_FS         0x2ec             ./Core/Src/usbd_conf.o
USBD_StrDesc        0x200             ./Core/Src/usbd_desc.o

Discarded input sections

 .text          0x0000000000000000        0x0 c:/st/stm32cubeide_1.6.0/stm32cubeide/plugins/com.st.stm32cube.ide.mcu.externaltools.gnu-tools-for-stm32.9-2020-q2-update.win32_2.0.0.202105311346/tools/bin/../lib/gcc/arm-none-eabi/9.3.1/thumb/v7-m/nofp/crti.o
 .data          0x0000000000000000        0x0 c:/st/stm32cubeide_1.6.0/stm32cubeide/plugins/com.st.stm32cube.ide.mcu.externaltools.gnu-tools-for-stm32.9-2020-q2-update.win32_2.0.0.202105311346/tools/bin/../lib/gcc/arm-none-eabi/9.3.1/thumb/v7-m/nofp/crti.o
 .bss           0x0000000000000000        0x0 c:/st/stm32cubeide_1.6.0/stm32cubeide/plugins/com.st.stm32cube.ide.mcu.externaltools.gnu-tools-for-stm32.9-2020-q2-update.win32_2.0.0.202105311346/tools/bin/../lib/gcc/arm-none-eabi/9.3.1/thumb/v7-m/nofp/crti.o
 .data          0x0000000000000000        0x4 c:/st/stm32cubeide_1.6.0/stm32cubeide/plugins/com.st.stm32cube.ide.mcu.externaltools.gnu-tools-for-stm32.9-2020-q2-update.win32_2.0.0.202105311346/tools/bin/../lib/gcc/arm-none-eabi/9.3.1/thumb/v7-m/nofp/crtbegin.o
 .text          0x0000000000000000       0x7c c:/st/stm32cubeide_1.6.0/stm32cubeide/plugins/com.st.stm32cube.ide.mcu.externaltools.gnu-tools-for-stm32.9-2020-q2-update.win32_2.0.0.202105311346/tools/bin/../lib/gcc/arm-none-eabi/9.3.1/../../../../arm-none-eabi/lib/thumb/v7-m/nofp/crt0.o
 .data          0x0000000000000000        0x0 c:/st/stm32cubeide_1.6.0/stm32cubeide/plugins/com.st.stm32cube.ide.mcu.externaltools.gnu-tools-for-stm32.9-2020-q2-update.win32_2.0.0.202105311346/tools/bin/../lib/gcc/arm-none-eabi/9.3.1/../../../../arm-none-eabi/lib/thumb/v7-m/nofp/crt0.o
[...]
Memory Configuration

Name             Origin             Length             Attributes
RAM              0x0000000020000000 0x0000000000005000 xrw
FLASH            0x0000000008000000 0x0000000000010000 xr
*default*        0x0000000000000000 0xffffffffffffffff

Linker script and memory map

LOAD c:/st/stm32cubeide_1.6.0/stm32cubeide/plugins/com.st.stm32cube.ide.mcu.externaltools.gnu-tools-for-stm32.9-2020-q2-update.win32_2.0.0.202105311346/tools/bin/../lib/gcc/arm-none-eabi/9.3.1/thumb/v7-m/nofp/crti.o
LOAD c:/st/stm32cubeide_1.6.0/stm32cubeide/plugins/com.st.stm32cube.ide.mcu.externaltools.gnu-tools-for-stm32.9-2020-q2-update.win32_2.0.0.202105311346/tools/bin/../lib/gcc/arm-none-eabi/9.3.1/thumb/v7-m/nofp/crtbegin.o
LOAD c:/st/stm32cubeide_1.6.0/stm32cubeide/plugins/com.st.stm32cube.ide.mcu.externaltools.gnu-tools-for-stm32.9-2020-q2-update.win32_2.0.0.202105311346/tools/bin/../lib/gcc/arm-none-eabi/9.3.1/../../../../arm-none-eabi/lib/thumb/v7-m/nofp/crt0.o
LOAD ./Core/Src/main.o
LOAD ./Core/Src/stm32f1xx_hal_msp.o
LOAD ./Core/Src/stm32f1xx_it.o
LOAD ./Core/Src/syscalls.o
LOAD ./Core/Src/sysmem.o
LOAD ./Core/Src/system_stm32f1xx.o
LOAD ./Core/Src/usb_device.o
LOAD ./Core/Src/usbd.o
LOAD ./Core/Src/usbd_conf.o
LOAD ./Core/Src/usbd_core.o
LOAD ./Core/Src/usbd_ctlreq.o
LOAD ./Core/Src/usbd_desc.o
LOAD ./Core/Src/usbd_ioreq.o
LOAD ./Core/Startup/startup_stm32f103c8tx.o
LOAD ./Drivers/STM32F1xx_HAL_Driver/Src/stm32f1xx_hal.o
LOAD ./Drivers/STM32F1xx_HAL_Driver/Src/stm32f1xx_hal_cortex.o
LOAD ./Drivers/STM32F1xx_HAL_Driver/Src/stm32f1xx_hal_dma.o
LOAD ./Drivers/STM32F1xx_HAL_Driver/Src/stm32f1xx_hal_exti.o
LOAD ./Drivers/STM32F1xx_HAL_Driver/Src/stm32f1xx_hal_flash.o
LOAD ./Drivers/STM32F1xx_HAL_Driver/Src/stm32f1xx_hal_flash_ex.o
LOAD ./Drivers/STM32F1xx_HAL_Driver/Src/stm32f1xx_hal_gpio.o
LOAD ./Drivers/STM32F1xx_HAL_Driver/Src/stm32f1xx_hal_gpio_ex.o
LOAD ./Drivers/STM32F1xx_HAL_Driver/Src/stm32f1xx_hal_i2c.o
LOAD ./Drivers/STM32F1xx_HAL_Driver/Src/stm32f1xx_hal_pcd.o
LOAD ./Drivers/STM32F1xx_HAL_Driver/Src/stm32f1xx_hal_pcd_ex.o
LOAD ./Drivers/STM32F1xx_HAL_Driver/Src/stm32f1xx_hal_pwr.o
LOAD ./Drivers/STM32F1xx_HAL_Driver/Src/stm32f1xx_hal_rcc.o
LOAD ./Drivers/STM32F1xx_HAL_Driver/Src/stm32f1xx_hal_rcc_ex.o
LOAD ./Drivers/STM32F1xx_HAL_Driver/Src/stm32f1xx_hal_tim.o
LOAD ./Drivers/STM32F1xx_HAL_Driver/Src/stm32f1xx_hal_tim_ex.o
LOAD ./Drivers/STM32F1xx_HAL_Driver/Src/stm32f1xx_ll_usb.o
START GROUP
LOAD c:/st/stm32cubeide_1.6.0/stm32cubeide/plugins/com.st.stm32cube.ide.mcu.externaltools.gnu-tools-for-stm32.9-2020-q2-update.win32_2.0.0.202105311346/tools/bin/../lib/gcc/arm-none-eabi/9.3.1/../../../../arm-none-eabi/lib/thumb/v7-m/nofp\libc_nano.a
LOAD c:/st/stm32cubeide_1.6.0/stm32cubeide/plugins/com.st.stm32cube.ide.mcu.externaltools.gnu-tools-for-stm32.9-2020-q2-update.win32_2.0.0.202105311346/tools/bin/../lib/gcc/arm-none-eabi/9.3.1/../../../../arm-none-eabi/lib/thumb/v7-m/nofp\libm.a
END GROUP
START GROUP
LOAD c:/st/stm32cubeide_1.6.0/stm32cubeide/plugins/com.st.stm32cube.ide.mcu.externaltools.gnu-tools-for-stm32.9-2020-q2-update.win32_2.0.0.202105311346/tools/bin/../lib/gcc/arm-none-eabi/9.3.1/thumb/v7-m/nofp\libgcc.a
LOAD c:/st/stm32cubeide_1.6.0/stm32cubeide/plugins/com.st.stm32cube.ide.mcu.externaltools.gnu-tools-for-stm32.9-2020-q2-update.win32_2.0.0.202105311346/tools/bin/../lib/gcc/arm-none-eabi/9.3.1/../../../../arm-none-eabi/lib/thumb/v7-m/nofp\libc_nano.a
END GROUP
START GROUP
LOAD c:/st/stm32cubeide_1.6.0/stm32cubeide/plugins/com.st.stm32cube.ide.mcu.externaltools.gnu-tools-for-stm32.9-2020-q2-update.win32_2.0.0.202105311346/tools/bin/../lib/gcc/arm-none-eabi/9.3.1/thumb/v7-m/nofp\libgcc.a
LOAD c:/st/stm32cubeide_1.6.0/stm32cubeide/plugins/com.st.stm32cube.ide.mcu.externaltools.gnu-tools-for-stm32.9-2020-q2-update.win32_2.0.0.202105311346/tools/bin/../lib/gcc/arm-none-eabi/9.3.1/../../../../arm-none-eabi/lib/thumb/v7-m/nofp\libc_nano.a
LOAD c:/st/stm32cubeide_1.6.0/stm32cubeide/plugins/com.st.stm32cube.ide.mcu.externaltools.gnu-tools-for-stm32.9-2020-q2-update.win32_2.0.0.202105311346/tools/bin/../lib/gcc/arm-none-eabi/9.3.1/../../../../arm-none-eabi/lib/thumb/v7-m/nofp\libnosys.a
END GROUP
START GROUP
LOAD c:/st/stm32cubeide_1.6.0/stm32cubeide/plugins/com.st.stm32cube.ide.mcu.externaltools.gnu-tools-for-stm32.9-2020-q2-update.win32_2.0.0.202105311346/tools/bin/../lib/gcc/arm-none-eabi/9.3.1/thumb/v7-m/nofp\libgcc.a
LOAD c:/st/stm32cubeide_1.6.0/stm32cubeide/plugins/com.st.stm32cube.ide.mcu.externaltools.gnu-tools-for-stm32.9-2020-q2-update.win32_2.0.0.202105311346/tools/bin/../lib/gcc/arm-none-eabi/9.3.1/../../../../arm-none-eabi/lib/thumb/v7-m/nofp\libc_nano.a
LOAD c:/st/stm32cubeide_1.6.0/stm32cubeide/plugins/com.st.stm32cube.ide.mcu.externaltools.gnu-tools-for-stm32.9-2020-q2-update.win32_2.0.0.202105311346/tools/bin/../lib/gcc/arm-none-eabi/9.3.1/../../../../arm-none-eabi/lib/thumb/v7-m/nofp\libnosys.a
END GROUP
LOAD c:/st/stm32cubeide_1.6.0/stm32cubeide/plugins/com.st.stm32cube.ide.mcu.externaltools.gnu-tools-for-stm32.9-2020-q2-update.win32_2.0.0.202105311346/tools/bin/../lib/gcc/arm-none-eabi/9.3.1/thumb/v7-m/nofp/crtend.o
LOAD c:/st/stm32cubeide_1.6.0/stm32cubeide/plugins/com.st.stm32cube.ide.mcu.externaltools.gnu-tools-for-stm32.9-2020-q2-update.win32_2.0.0.202105311346/tools/bin/../lib/gcc/arm-none-eabi/9.3.1/thumb/v7-m/nofp/crtn.o
                0x0000000020005000                _estack = (ORIGIN (RAM) + LENGTH (RAM))
                0x0000000000000200                _Min_Heap_Size = 0x200
                0x0000000000000400                _Min_Stack_Size = 0x400

.isr_vector     0x0000000008000000      0x10c
                0x0000000008000000                . = ALIGN (0x4)
 *(.isr_vector)
 .isr_vector    0x0000000008000000      0x10c ./Core/Startup/startup_stm32f103c8tx.o
                0x0000000008000000                g_pfnVectors
                0x000000000800010c                . = ALIGN (0x4)

.text           0x000000000800010c     0x3214
                0x000000000800010c                . = ALIGN (0x4)
 *(.text)
 .text          0x000000000800010c       0x40 c:/st/stm32cubeide_1.6.0/stm32cubeide/plugins/com.st.stm32cube.ide.mcu.externaltools.gnu-tools-for-stm32.9-2020-q2-update.win32_2.0.0.202105311346/tools/bin/../lib/gcc/arm-none-eabi/9.3.1/thumb/v7-m/nofp/crtbegin.o
 *(.text*)
 .text.SystemClock_Config
                0x000000000800014c       0x84 ./Core/Src/main.o
                0x000000000800014c                SystemClock_Config
 .text.startup.main
                0x00000000080001d0       0xf0 ./Core/Src/main.o
                0x00000000080001d0                main
 .text.Error_Handler
                0x00000000080002c0        0x4 ./Core/Src/main.o
                0x00000000080002c0                Error_Handler
 .text.HAL_MspInit
                0x00000000080002c4       0x44 ./Core/Src/stm32f1xx_hal_msp.o
                0x00000000080002c4                HAL_MspInit
 .text.HAL_I2C_MspInit
                0x0000000008000308       0x64 ./Core/Src/stm32f1xx_hal_msp.o
                0x0000000008000308                HAL_I2C_MspInit
 .text.NMI_Handler
                0x000000000800036c        0x8 ./Core/Src/stm32f1xx_it.o
                0x000000000800036c                NMI_Handler
 .text.HardFault_Handler
                0x0000000008000374        0x2 ./Core/Src/stm32f1xx_it.o
                0x0000000008000374                HardFault_Handler
 .text.MemManage_Handler
                0x0000000008000376        0x2 ./Core/Src/stm32f1xx_it.o
                0x0000000008000376                MemManage_Handler
 .text.BusFault_Handler
                0x0000000008000378        0x2 ./Core/Src/stm32f1xx_it.o
                0x0000000008000378                BusFault_Handler
 .text.UsageFault_Handler
                0x000000000800037a        0x2 ./Core/Src/stm32f1xx_it.o
                0x000000000800037a                UsageFault_Handler
 .text.SVC_Handler
                0x000000000800037c        0x2 ./Core/Src/stm32f1xx_it.o
                0x000000000800037c                SVC_Handler
 .text.DebugMon_Handler
                0x000000000800037e        0x2 ./Core/Src/stm32f1xx_it.o
                0x000000000800037e                DebugMon_Handler
 .text.PendSV_Handler
                0x0000000008000380        0x2 ./Core/Src/stm32f1xx_it.o
                0x0000000008000380                PendSV_Handler
 .text.SysTick_Handler
                0x0000000008000382        0x4 ./Core/Src/stm32f1xx_it.o
                0x0000000008000382                SysTick_Handler
 *fill*         0x0000000008000386        0x2 
 .text.USB_HP_CAN1_TX_IRQHandler
                0x0000000008000388        0xc ./Core/Src/stm32f1xx_it.o
                0x0000000008000388                USB_HP_CAN1_TX_IRQHandler
 .text.USB_LP_CAN1_RX0_IRQHandler
                0x0000000008000394        0x4 ./Core/Src/stm32f1xx_it.o
                0x0000000008000394                USB_LP_CAN1_RX0_IRQHandler
 .text.SystemInit
                0x0000000008000398        0x2 ./Core/Src/system_stm32f1xx.o
                0x0000000008000398                SystemInit
 *fill*         0x000000000800039a        0x2 
 .text.MX_USB_DEVICE_Init
                0x000000000800039c       0x40 ./Core/Src/usb_device.o
                0x000000000800039c                MX_USB_DEVICE_Init
 .text.USBD_DEV_GetFSCfgDesc
                0x00000000080003dc        0xc ./Core/Src/usbd.o
 .text.USBD_DEV_DataIn
                0x00000000080003e8        0xa ./Core/Src/usbd.o
 *fill*         0x00000000080003f2        0x2 
 .text.USBD_DEV_GetDeviceQualifierDesc
                0x00000000080003f4        0xc ./Core/Src/usbd.o
 .text.USBD_DEV_Setup
                0x0000000008000400       0xd4 ./Core/Src/usbd.o
 .text.USBD_DEV_DeInit
                0x00000000080004d4       0x18 ./Core/Src/usbd.o
 .text.USBD_DEV_Init
                0x00000000080004ec       0x38 ./Core/Src/usbd.o
 .text.USBD_DEV_DataOut
                0x0000000008000524        0xa ./Core/Src/usbd.o
 *fill*         0x000000000800052e        0x2 
 .text.HAL_PCD_MspInit
                0x0000000008000530       0x40 ./Core/Src/usbd_conf.o
                0x0000000008000530                HAL_PCD_MspInit
 .text.HAL_PCD_SetupStageCallback
                0x0000000008000570        0xc ./Core/Src/usbd_conf.o
                0x0000000008000570                HAL_PCD_SetupStageCallback
 .text.HAL_PCD_DataOutStageCallback
                0x000000000800057c       0x12 ./Core/Src/usbd_conf.o
                0x000000000800057c                HAL_PCD_DataOutStageCallback
 .text.HAL_PCD_DataInStageCallback
                0x000000000800058e       0x10 ./Core/Src/usbd_conf.o
                0x000000000800058e                HAL_PCD_DataInStageCallback
 .text.HAL_PCD_SOFCallback
                0x000000000800059e        0x8 ./Core/Src/usbd_conf.o
                0x000000000800059e                HAL_PCD_SOFCallback
 .text.HAL_PCD_ResetCallback
                0x00000000080005a6       0x24 ./Core/Src/usbd_conf.o
                0x00000000080005a6                HAL_PCD_ResetCallback
 *fill*         0x00000000080005ca        0x2 
 .text.HAL_PCD_SuspendCallback
                0x00000000080005cc       0x20 ./Core/Src/usbd_conf.o
                0x00000000080005cc                HAL_PCD_SuspendCallback
 .text.HAL_PCD_ResumeCallback
                0x00000000080005ec        0x8 ./Core/Src/usbd_conf.o
                0x00000000080005ec                HAL_PCD_ResumeCallback
 .text.USBD_LL_Init
                0x00000000080005f4       0x70 ./Core/Src/usbd_conf.o
                0x00000000080005f4                USBD_LL_Init
 .text.USBD_LL_Start
                0x0000000008000664       0x1c ./Core/Src/usbd_conf.o
                0x0000000008000664                USBD_LL_Start
 .text.USBD_LL_OpenEP
                0x0000000008000680       0x20 ./Core/Src/usbd_conf.o
                0x0000000008000680                USBD_LL_OpenEP
 .text.USBD_LL_StallEP
                0x00000000080006a0       0x1c ./Core/Src/usbd_conf.o
                0x00000000080006a0                USBD_LL_StallEP
 .text.USBD_LL_ClearStallEP
                0x00000000080006bc       0x1c ./Core/Src/usbd_conf.o
                0x00000000080006bc                USBD_LL_ClearStallEP
 .text.USBD_LL_IsStallEP
                0x00000000080006d8       0x24 ./Core/Src/usbd_conf.o
                0x00000000080006d8                USBD_LL_IsStallEP
 .text.USBD_LL_SetUSBAddress
                0x00000000080006fc       0x1c ./Core/Src/usbd_conf.o
                0x00000000080006fc                USBD_LL_SetUSBAddress
 .text.USBD_LL_Transmit
                0x0000000008000718       0x1c ./Core/Src/usbd_conf.o
                0x0000000008000718                USBD_LL_Transmit
 .text.USBD_LL_PrepareReceive
                0x0000000008000734       0x1c ./Core/Src/usbd_conf.o
                0x0000000008000734                USBD_LL_PrepareReceive
 .text.USBD_static_malloc
                0x0000000008000750        0x8 ./Core/Src/usbd_conf.o
                0x0000000008000750                USBD_static_malloc
 .text.USBD_static_free
                0x0000000008000758        0x2 ./Core/Src/usbd_conf.o
                0x0000000008000758                USBD_static_free
 .text.HAL_PCDEx_SetConnectionState
                0x000000000800075a        0x2 ./Core/Src/usbd_conf.o
                0x000000000800075a                HAL_PCDEx_SetConnectionState
 .text.USBD_Init
                0x000000000800075c       0x2a ./Core/Src/usbd_core.o
                0x000000000800075c                USBD_Init
 .text.USBD_RegisterClass
                0x0000000008000786        0xe ./Core/Src/usbd_core.o
                0x0000000008000786                USBD_RegisterClass
 .text.USBD_Start
                0x0000000008000794        0xa ./Core/Src/usbd_core.o
                0x0000000008000794                USBD_Start
 .text.USBD_SetClassConfig
                0x000000000800079e       0x16 ./Core/Src/usbd_core.o
                0x000000000800079e                USBD_SetClassConfig
 .text.USBD_ClrClassConfig
                0x00000000080007b4        0xe ./Core/Src/usbd_core.o
                0x00000000080007b4                USBD_ClrClassConfig
 .text.USBD_LL_SetupStage
                0x00000000080007c2       0x5a ./Core/Src/usbd_core.o
                0x00000000080007c2                USBD_LL_SetupStage
 .text.USBD_LL_DataOutStage
                0x000000000800081c       0x74 ./Core/Src/usbd_core.o
                0x000000000800081c                USBD_LL_DataOutStage
 .text.USBD_LL_DataInStage
                0x0000000008000890       0xb6 ./Core/Src/usbd_core.o
                0x0000000008000890                USBD_LL_DataInStage
 .text.USBD_LL_Reset
                0x0000000008000946       0x4e ./Core/Src/usbd_core.o
                0x0000000008000946                USBD_LL_Reset
 .text.USBD_LL_SetSpeed
                0x0000000008000994        0x6 ./Core/Src/usbd_core.o
                0x0000000008000994                USBD_LL_SetSpeed
 .text.USBD_LL_Suspend
                0x000000000800099a       0x12 ./Core/Src/usbd_core.o
                0x000000000800099a                USBD_LL_Suspend
 .text.USBD_LL_Resume
                0x00000000080009ac       0x14 ./Core/Src/usbd_core.o
                0x00000000080009ac                USBD_LL_Resume
 .text.USBD_LL_SOF
                0x00000000080009c0       0x18 ./Core/Src/usbd_core.o
                0x00000000080009c0                USBD_LL_SOF
 .text.USBD_CtlError.constprop.0
                0x00000000080009d8       0x16 ./Core/Src/usbd_ctlreq.o
 *fill*         0x00000000080009ee        0x2 
 .text.USBD_StdDevReq
                0x00000000080009f0      0x254 ./Core/Src/usbd_ctlreq.o
                0x00000000080009f0                USBD_StdDevReq
 .text.USBD_StdItfReq
                0x0000000008000c44       0x48 ./Core/Src/usbd_ctlreq.o
                0x0000000008000c44                USBD_StdItfReq
 .text.USBD_StdEPReq
                0x0000000008000c8c      0x114 ./Core/Src/usbd_ctlreq.o
                0x0000000008000c8c                USBD_StdEPReq
 .text.USBD_ParseSetupRequest
                0x0000000008000da0       0x28 ./Core/Src/usbd_ctlreq.o
                0x0000000008000da0                USBD_ParseSetupRequest
 .text.USBD_CtlError
                0x0000000008000dc8       0x16 ./Core/Src/usbd_ctlreq.o
                0x0000000008000dc8                USBD_CtlError
 .text.USBD_GetString
                0x0000000008000dde       0x38 ./Core/Src/usbd_ctlreq.o
                0x0000000008000dde                USBD_GetString
 *fill*         0x0000000008000e16        0x2 
 .text.USBD_FS_DeviceDescriptor
                0x0000000008000e18        0xc ./Core/Src/usbd_desc.o
                0x0000000008000e18                USBD_FS_DeviceDescriptor
 .text.USBD_FS_LangIDStrDescriptor
                0x0000000008000e24        0xc ./Core/Src/usbd_desc.o
                0x0000000008000e24                USBD_FS_LangIDStrDescriptor
 .text.IntToUnicode
                0x0000000008000e30       0x2a ./Core/Src/usbd_desc.o
 *fill*         0x0000000008000e5a        0x2 
 .text.USBD_FS_SerialStrDescriptor
                0x0000000008000e5c       0x40 ./Core/Src/usbd_desc.o
                0x0000000008000e5c                USBD_FS_SerialStrDescriptor
 .text.USBD_FS_ManufacturerStrDescriptor
                0x0000000008000e9c       0x1c ./Core/Src/usbd_desc.o
                0x0000000008000e9c                USBD_FS_ManufacturerStrDescriptor
 .text.USBD_FS_ProductStrDescriptor
                0x0000000008000eb8       0x1c ./Core/Src/usbd_desc.o
                0x0000000008000eb8                USBD_FS_ProductStrDescriptor
 .text.USBD_FS_ConfigStrDescriptor
                0x0000000008000ed4       0x1c ./Core/Src/usbd_desc.o
                0x0000000008000ed4                USBD_FS_ConfigStrDescriptor
 .text.USBD_FS_InterfaceStrDescriptor
                0x0000000008000ef0       0x1c ./Core/Src/usbd_desc.o
                0x0000000008000ef0                USBD_FS_InterfaceStrDescriptor
 .text.USBD_CtlSendData
                0x0000000008000f0c       0x1a ./Core/Src/usbd_ioreq.o
                0x0000000008000f0c                USBD_CtlSendData
 .text.USBD_CtlContinueSendData
                0x0000000008000f26       0x10 ./Core/Src/usbd_ioreq.o
                0x0000000008000f26                USBD_CtlContinueSendData
 .text.USBD_CtlContinueRx
                0x0000000008000f36       0x10 ./Core/Src/usbd_ioreq.o
                0x0000000008000f36                USBD_CtlContinueRx
 .text.USBD_CtlSendStatus
                0x0000000008000f46       0x16 ./Core/Src/usbd_ioreq.o
                0x0000000008000f46                USBD_CtlSendStatus
 .text.USBD_CtlReceiveStatus
                0x0000000008000f5c       0x16 ./Core/Src/usbd_ioreq.o
                0x0000000008000f5c                USBD_CtlReceiveStatus
 *fill*         0x0000000008000f72        0x2 
 .text.Reset_Handler
                0x0000000008000f74       0x48 ./Core/Startup/startup_stm32f103c8tx.o
                0x0000000008000f74                Reset_Handler
 .text.Default_Handler
                0x0000000008000fbc        0x2 ./Core/Startup/startup_stm32f103c8tx.o
                0x0000000008000fbc                RTC_Alarm_IRQHandler
                0x0000000008000fbc                EXTI2_IRQHandler
                0x0000000008000fbc                TIM1_CC_IRQHandler
                0x0000000008000fbc                PVD_IRQHandler
                0x0000000008000fbc                EXTI3_IRQHandler
                0x0000000008000fbc                EXTI0_IRQHandler
                0x0000000008000fbc                I2C2_EV_IRQHandler
                0x0000000008000fbc                ADC1_2_IRQHandler
                0x0000000008000fbc                SPI1_IRQHandler
                0x0000000008000fbc                TAMPER_IRQHandler
                0x0000000008000fbc                DMA1_Channel4_IRQHandler
                0x0000000008000fbc                USART3_IRQHandler
                0x0000000008000fbc                RTC_IRQHandler
                0x0000000008000fbc                DMA1_Channel7_IRQHandler
                0x0000000008000fbc                CAN1_RX1_IRQHandler
                0x0000000008000fbc                TIM4_IRQHandler
                0x0000000008000fbc                I2C1_EV_IRQHandler
                0x0000000008000fbc                DMA1_Channel6_IRQHandler
                0x0000000008000fbc                TIM3_IRQHandler
                0x0000000008000fbc                RCC_IRQHandler
                0x0000000008000fbc                TIM1_TRG_COM_IRQHandler
                0x0000000008000fbc                DMA1_Channel1_IRQHandler
                0x0000000008000fbc                Default_Handler
                0x0000000008000fbc                EXTI15_10_IRQHandler
                0x0000000008000fbc                EXTI9_5_IRQHandler
                0x0000000008000fbc                SPI2_IRQHandler
                0x0000000008000fbc                DMA1_Channel5_IRQHandler
                0x0000000008000fbc                EXTI4_IRQHandler
                0x0000000008000fbc                DMA1_Channel3_IRQHandler
                0x0000000008000fbc                TIM1_UP_IRQHandler
                0x0000000008000fbc                WWDG_IRQHandler
                0x0000000008000fbc                TIM2_IRQHandler
                0x0000000008000fbc                TIM1_BRK_IRQHandler
                0x0000000008000fbc                EXTI1_IRQHandler
                0x0000000008000fbc                USART2_IRQHandler
                0x0000000008000fbc                I2C2_ER_IRQHandler
                0x0000000008000fbc                DMA1_Channel2_IRQHandler
                0x0000000008000fbc                CAN1_SCE_IRQHandler
                0x0000000008000fbc                FLASH_IRQHandler
                0x0000000008000fbc                USART1_IRQHandler
                0x0000000008000fbc                I2C1_ER_IRQHandler
                0x0000000008000fbc                USBWakeUp_IRQHandler
 *fill*         0x0000000008000fbe        0x2 
 .text.HAL_InitTick
                0x0000000008000fc0       0x48 ./Drivers/STM32F1xx_HAL_Driver/Src/stm32f1xx_hal.o
                0x0000000008000fc0                HAL_InitTick
 .text.HAL_Init
                0x0000000008001008       0x24 ./Drivers/STM32F1xx_HAL_Driver/Src/stm32f1xx_hal.o
                0x0000000008001008                HAL_Init
 .text.HAL_IncTick
                0x000000000800102c       0x18 ./Drivers/STM32F1xx_HAL_Driver/Src/stm32f1xx_hal.o
                0x000000000800102c                HAL_IncTick
 .text.HAL_GetTick
                0x0000000008001044        0xc ./Drivers/STM32F1xx_HAL_Driver/Src/stm32f1xx_hal.o
                0x0000000008001044                HAL_GetTick
 .text.HAL_Delay
                0x0000000008001050       0x24 ./Drivers/STM32F1xx_HAL_Driver/Src/stm32f1xx_hal.o
                0x0000000008001050                HAL_Delay
 .text.HAL_NVIC_SetPriorityGrouping
                0x0000000008001074       0x24 ./Drivers/STM32F1xx_HAL_Driver/Src/stm32f1xx_hal_cortex.o
                0x0000000008001074                HAL_NVIC_SetPriorityGrouping
 .text.HAL_NVIC_SetPriority
                0x0000000008001098       0x64 ./Drivers/STM32F1xx_HAL_Driver/Src/stm32f1xx_hal_cortex.o
                0x0000000008001098                HAL_NVIC_SetPriority
 .text.HAL_NVIC_EnableIRQ
                0x00000000080010fc       0x1c ./Drivers/STM32F1xx_HAL_Driver/Src/stm32f1xx_hal_cortex.o
                0x00000000080010fc                HAL_NVIC_EnableIRQ
 .text.HAL_SYSTICK_Config
                0x0000000008001118       0x2c ./Drivers/STM32F1xx_HAL_Driver/Src/stm32f1xx_hal_cortex.o
                0x0000000008001118                HAL_SYSTICK_Config
 .text.HAL_GPIO_Init
                0x0000000008001144      0x1b8 ./Drivers/STM32F1xx_HAL_Driver/Src/stm32f1xx_hal_gpio.o
                0x0000000008001144                HAL_GPIO_Init
 .text.HAL_GPIO_WritePin
                0x00000000080012fc        0xa ./Drivers/STM32F1xx_HAL_Driver/Src/stm32f1xx_hal_gpio.o
                0x00000000080012fc                HAL_GPIO_WritePin
 *fill*         0x0000000008001306        0x2 
 .text.HAL_I2C_Init
                0x0000000008001308      0x150 ./Drivers/STM32F1xx_HAL_Driver/Src/stm32f1xx_hal_i2c.o
                0x0000000008001308                HAL_I2C_Init
 .text.HAL_PCD_Init
                0x0000000008001458       0xf2 ./Drivers/STM32F1xx_HAL_Driver/Src/stm32f1xx_hal_pcd.o
                0x0000000008001458                HAL_PCD_Init
 .text.HAL_PCD_Start
                0x000000000800154a       0x32 ./Drivers/STM32F1xx_HAL_Driver/Src/stm32f1xx_hal_pcd.o
                0x000000000800154a                HAL_PCD_Start
 .text.HAL_PCD_SetAddress
                0x000000000800157c       0x28 ./Drivers/STM32F1xx_HAL_Driver/Src/stm32f1xx_hal_pcd.o
                0x000000000800157c                HAL_PCD_SetAddress
 .text.HAL_PCD_IRQHandler
                0x00000000080015a4      0x9a8 ./Drivers/STM32F1xx_HAL_Driver/Src/stm32f1xx_hal_pcd.o
                0x00000000080015a4                HAL_PCD_IRQHandler
 .text.HAL_PCD_EP_Open
                0x0000000008001f4c       0x64 ./Drivers/STM32F1xx_HAL_Driver/Src/stm32f1xx_hal_pcd.o
                0x0000000008001f4c                HAL_PCD_EP_Open
 .text.HAL_PCD_EP_Receive
                0x0000000008001fb0       0x2e ./Drivers/STM32F1xx_HAL_Driver/Src/stm32f1xx_hal_pcd.o
                0x0000000008001fb0                HAL_PCD_EP_Receive
 .text.HAL_PCD_EP_Transmit
                0x0000000008001fde       0x34 ./Drivers/STM32F1xx_HAL_Driver/Src/stm32f1xx_hal_pcd.o
                0x0000000008001fde                HAL_PCD_EP_Transmit
 .text.HAL_PCD_EP_SetStall
                0x0000000008002012       0x68 ./Drivers/STM32F1xx_HAL_Driver/Src/stm32f1xx_hal_pcd.o
                0x0000000008002012                HAL_PCD_EP_SetStall
 .text.HAL_PCD_EP_ClrStall
                0x000000000800207a       0x64 ./Drivers/STM32F1xx_HAL_Driver/Src/stm32f1xx_hal_pcd.o
                0x000000000800207a                HAL_PCD_EP_ClrStall
 .text.HAL_PCDEx_PMAConfig
                0x00000000080020de       0x32 ./Drivers/STM32F1xx_HAL_Driver/Src/stm32f1xx_hal_pcd_ex.o
                0x00000000080020de                HAL_PCDEx_PMAConfig
 .text.HAL_RCC_OscConfig
                0x0000000008002110      0x338 ./Drivers/STM32F1xx_HAL_Driver/Src/stm32f1xx_hal_rcc.o
                0x0000000008002110                HAL_RCC_OscConfig
 .text.HAL_RCC_EnableCSS
                0x0000000008002448        0xc ./Drivers/STM32F1xx_HAL_Driver/Src/stm32f1xx_hal_rcc.o
                0x0000000008002448                HAL_RCC_EnableCSS
 .text.HAL_RCC_GetSysClockFreq
                0x0000000008002454       0x74 ./Drivers/STM32F1xx_HAL_Driver/Src/stm32f1xx_hal_rcc.o
                0x0000000008002454                HAL_RCC_GetSysClockFreq
 .text.HAL_RCC_ClockConfig
                0x00000000080024c8      0x138 ./Drivers/STM32F1xx_HAL_Driver/Src/stm32f1xx_hal_rcc.o
                0x00000000080024c8                HAL_RCC_ClockConfig
 .text.HAL_RCC_GetPCLK1Freq
                0x0000000008002600       0x20 ./Drivers/STM32F1xx_HAL_Driver/Src/stm32f1xx_hal_rcc.o
                0x0000000008002600                HAL_RCC_GetPCLK1Freq
 .text.HAL_RCC_CSSCallback
                0x0000000008002620        0x2 ./Drivers/STM32F1xx_HAL_Driver/Src/stm32f1xx_hal_rcc.o
                0x0000000008002620                HAL_RCC_CSSCallback
 *fill*         0x0000000008002622        0x2 
 .text.HAL_RCC_NMI_IRQHandler
                0x0000000008002624       0x20 ./Drivers/STM32F1xx_HAL_Driver/Src/stm32f1xx_hal_rcc.o
                0x0000000008002624                HAL_RCC_NMI_IRQHandler
 .text.HAL_RCCEx_PeriphCLKConfig
                0x0000000008002644       0xf0 ./Drivers/STM32F1xx_HAL_Driver/Src/stm32f1xx_hal_rcc_ex.o
                0x0000000008002644                HAL_RCCEx_PeriphCLKConfig
 .text.USB_CoreInit
                0x0000000008002734        0xe ./Drivers/STM32F1xx_HAL_Driver/Src/stm32f1xx_ll_usb.o
                0x0000000008002734                USB_CoreInit
 .text.USB_EnableGlobalInt
                0x0000000008002742       0x12 ./Drivers/STM32F1xx_HAL_Driver/Src/stm32f1xx_ll_usb.o
                0x0000000008002742                USB_EnableGlobalInt
 .text.USB_DisableGlobalInt
                0x0000000008002754       0x14 ./Drivers/STM32F1xx_HAL_Driver/Src/stm32f1xx_ll_usb.o
                0x0000000008002754                USB_DisableGlobalInt
 .text.USB_SetCurrentMode
                0x0000000008002768        0x4 ./Drivers/STM32F1xx_HAL_Driver/Src/stm32f1xx_ll_usb.o
                0x0000000008002768                USB_SetCurrentMode
 .text.USB_DevInit
                0x000000000800276c       0x28 ./Drivers/STM32F1xx_HAL_Driver/Src/stm32f1xx_ll_usb.o
                0x000000000800276c                USB_DevInit
 .text.USB_ActivateEndpoint
                0x0000000008002794      0x2b0 ./Drivers/STM32F1xx_HAL_Driver/Src/stm32f1xx_ll_usb.o
                0x0000000008002794                USB_ActivateEndpoint
 .text.USB_EPSetStall
                0x0000000008002a44       0x40 ./Drivers/STM32F1xx_HAL_Driver/Src/stm32f1xx_ll_usb.o
                0x0000000008002a44                USB_EPSetStall
 .text.USB_EPClearStall
                0x0000000008002a84       0x96 ./Drivers/STM32F1xx_HAL_Driver/Src/stm32f1xx_ll_usb.o
                0x0000000008002a84                USB_EPClearStall
 .text.USB_SetDevAddress
                0x0000000008002b1a        0xc ./Drivers/STM32F1xx_HAL_Driver/Src/stm32f1xx_ll_usb.o
                0x0000000008002b1a                USB_SetDevAddress
 .text.USB_DevConnect
                0x0000000008002b26        0x4 ./Drivers/STM32F1xx_HAL_Driver/Src/stm32f1xx_ll_usb.o
                0x0000000008002b26                USB_DevConnect
 .text.USB_DevDisconnect
                0x0000000008002b2a        0x4 ./Drivers/STM32F1xx_HAL_Driver/Src/stm32f1xx_ll_usb.o
                0x0000000008002b2a                USB_DevDisconnect
 .text.USB_ReadInterrupts
                0x0000000008002b2e        0x8 ./Drivers/STM32F1xx_HAL_Driver/Src/stm32f1xx_ll_usb.o
                0x0000000008002b2e                USB_ReadInterrupts
 .text.USB_EP0_OutStart
                0x0000000008002b36        0x4 ./Drivers/STM32F1xx_HAL_Driver/Src/stm32f1xx_ll_usb.o
                0x0000000008002b36                USB_EP0_OutStart
 .text.USB_WritePMA
                0x0000000008002b3a       0x20 ./Drivers/STM32F1xx_HAL_Driver/Src/stm32f1xx_ll_usb.o
                0x0000000008002b3a                USB_WritePMA
 *fill*         0x0000000008002b5a        0x2 
 .text.USB_EPStartXfer
                0x0000000008002b5c      0x71c ./Drivers/STM32F1xx_HAL_Driver/Src/stm32f1xx_ll_usb.o
                0x0000000008002b5c                USB_EPStartXfer
 .text.USB_ReadPMA
                0x0000000008003278       0x38 ./Drivers/STM32F1xx_HAL_Driver/Src/stm32f1xx_ll_usb.o
                0x0000000008003278                USB_ReadPMA
 .text.__libc_init_array
                0x00000000080032b0       0x48 c:/st/stm32cubeide_1.6.0/stm32cubeide/plugins/com.st.stm32cube.ide.mcu.externaltools.gnu-tools-for-stm32.9-2020-q2-update.win32_2.0.0.202105311346/tools/bin/../lib/gcc/arm-none-eabi/9.3.1/../../../../arm-none-eabi/lib/thumb/v7-m/nofp\libc_nano.a(lib_a-init.o)
                0x00000000080032b0                __libc_init_array
 .text.memset   0x00000000080032f8       0x10 c:/st/stm32cubeide_1.6.0/stm32cubeide/plugins/com.st.stm32cube.ide.mcu.externaltools.gnu-tools-for-stm32.9-2020-q2-update.win32_2.0.0.202105311346/tools/bin/../lib/gcc/arm-none-eabi/9.3.1/../../../../arm-none-eabi/lib/thumb/v7-m/nofp\libc_nano.a(lib_a-memset.o)
                0x00000000080032f8                memset
 *(.glue_7)
 .glue_7        0x0000000008003308        0x0 linker stubs
 *(.glue_7t)
 .glue_7t       0x0000000008003308        0x0 linker stubs
 *(.eh_frame)
 .eh_frame      0x0000000008003308        0x0 c:/st/stm32cubeide_1.6.0/stm32cubeide/plugins/com.st.stm32cube.ide.mcu.externaltools.gnu-tools-for-stm32.9-2020-q2-update.win32_2.0.0.202105311346/tools/bin/../lib/gcc/arm-none-eabi/9.3.1/thumb/v7-m/nofp/crtbegin.o
 *(.init)
 .init          0x0000000008003308        0x4 c:/st/stm32cubeide_1.6.0/stm32cubeide/plugins/com.st.stm32cube.ide.mcu.externaltools.gnu-tools-for-stm32.9-2020-q2-update.win32_2.0.0.202105311346/tools/bin/../lib/gcc/arm-none-eabi/9.3.1/thumb/v7-m/nofp/crti.o
                0x0000000008003308                _init
 .init          0x000000000800330c        0x8 c:/st/stm32cubeide_1.6.0/stm32cubeide/plugins/com.st.stm32cube.ide.mcu.externaltools.gnu-tools-for-stm32.9-2020-q2-update.win32_2.0.0.202105311346/tools/bin/../lib/gcc/arm-none-eabi/9.3.1/thumb/v7-m/nofp/crtn.o
 *(.fini)
 .fini          0x0000000008003314        0x4 c:/st/stm32cubeide_1.6.0/stm32cubeide/plugins/com.st.stm32cube.ide.mcu.externaltools.gnu-tools-for-stm32.9-2020-q2-update.win32_2.0.0.202105311346/tools/bin/../lib/gcc/arm-none-eabi/9.3.1/thumb/v7-m/nofp/crti.o
                0x0000000008003314                _fini
 .fini          0x0000000008003318        0x8 c:/st/stm32cubeide_1.6.0/stm32cubeide/plugins/com.st.stm32cube.ide.mcu.externaltools.gnu-tools-for-stm32.9-2020-q2-update.win32_2.0.0.202105311346/tools/bin/../lib/gcc/arm-none-eabi/9.3.1/thumb/v7-m/nofp/crtn.o
                0x0000000008003320                . = ALIGN (0x4)
                0x0000000008003320                _etext = .

.vfp11_veneer   0x0000000008003320        0x0
 .vfp11_veneer  0x0000000008003320        0x0 linker stubs

.v4_bx          0x0000000008003320        0x0
 .v4_bx         0x0000000008003320        0x0 linker stubs

.iplt           0x0000000008003320        0x0
 .iplt          0x0000000008003320        0x0 c:/st/stm32cubeide_1.6.0/stm32cubeide/plugins/com.st.stm32cube.ide.mcu.externaltools.gnu-tools-for-stm32.9-2020-q2-update.win32_2.0.0.202105311346/tools/bin/../lib/gcc/arm-none-eabi/9.3.1/thumb/v7-m/nofp/crtbegin.o

.rodata         0x0000000008003320       0x64
                0x0000000008003320                . = ALIGN (0x4)
 *(.rodata)
 *(.rodata*)
 .rodata.AHBPrescTable
                0x0000000008003320       0x10 ./Core/Src/system_stm32f1xx.o
                0x0000000008003320                AHBPrescTable
 .rodata.APBPrescTable
                0x0000000008003330        0x8 ./Core/Src/system_stm32f1xx.o
                0x0000000008003330                APBPrescTable
 .rodata.CSWTCH.3
                0x0000000008003338        0x4 ./Core/Src/usbd_conf.o
 .rodata.USBD_FS_ManufacturerStrDescriptor.str1.1
                0x000000000800333c        0xa ./Core/Src/usbd_desc.o
 .rodata.USBD_FS_ProductStrDescriptor.str1.1
                0x0000000008003346       0x15 ./Core/Src/usbd_desc.o
 .rodata.USBD_FS_ConfigStrDescriptor.str1.1
                0x000000000800335b        0xe ./Core/Src/usbd_desc.o
 .rodata.USBD_FS_InterfaceStrDescriptor.str1.1
                0x0000000008003369        0xa ./Core/Src/usbd_desc.o
 .rodata.HAL_RCC_GetSysClockFreq.str1.1
                0x0000000008003373       0x11 ./Drivers/STM32F1xx_HAL_Driver/Src/stm32f1xx_hal_rcc.o
                0x0000000008003384                . = ALIGN (0x4)

.rel.dyn        0x0000000008003384        0x0
 .rel.iplt      0x0000000008003384        0x0 c:/st/stm32cubeide_1.6.0/stm32cubeide/plugins/com.st.stm32cube.ide.mcu.externaltools.gnu-tools-for-stm32.9-2020-q2-update.win32_2.0.0.202105311346/tools/bin/../lib/gcc/arm-none-eabi/9.3.1/thumb/v7-m/nofp/crtbegin.o

.ARM.extab      0x0000000008003384        0x0
                0x0000000008003384                . = ALIGN (0x4)
 *(.ARM.extab* .gnu.linkonce.armextab.*)
                0x0000000008003384                . = ALIGN (0x4)

.ARM            0x0000000008003384        0x0
                0x0000000008003384                . = ALIGN (0x4)
                0x0000000008003384                __exidx_start = .
 *(.ARM.exidx*)
                0x0000000008003384                __exidx_end = .
                0x0000000008003384                . = ALIGN (0x4)

.preinit_array  0x0000000008003384        0x0
                0x0000000008003384                . = ALIGN (0x4)
                0x0000000008003384                PROVIDE (__preinit_array_start = .)
 *(.preinit_array*)
                0x0000000008003384                PROVIDE (__preinit_array_end = .)
                0x0000000008003384                . = ALIGN (0x4)

.init_array     0x0000000008003384        0x4
                0x0000000008003384                . = ALIGN (0x4)
                0x0000000008003384                PROVIDE (__init_array_start = .)
 *(SORT_BY_NAME(.init_array.*))
 *(.init_array*)
 .init_array    0x0000000008003384        0x4 c:/st/stm32cubeide_1.6.0/stm32cubeide/plugins/com.st.stm32cube.ide.mcu.externaltools.gnu-tools-for-stm32.9-2020-q2-update.win32_2.0.0.202105311346/tools/bin/../lib/gcc/arm-none-eabi/9.3.1/thumb/v7-m/nofp/crtbegin.o
                0x0000000008003388                PROVIDE (__init_array_end = .)
                0x0000000008003388                . = ALIGN (0x4)

.fini_array     0x0000000008003388        0x4
                0x0000000008003388                . = ALIGN (0x4)
                [!provide]                        PROVIDE (__fini_array_start = .)
 *(SORT_BY_NAME(.fini_array.*))
 *(.fini_array*)
 .fini_array    0x0000000008003388        0x4 c:/st/stm32cubeide_1.6.0/stm32cubeide/plugins/com.st.stm32cube.ide.mcu.externaltools.gnu-tools-for-stm32.9-2020-q2-update.win32_2.0.0.202105311346/tools/bin/../lib/gcc/arm-none-eabi/9.3.1/thumb/v7-m/nofp/crtbegin.o
                [!provide]                        PROVIDE (__fini_array_end = .)
                0x000000000800338c                . = ALIGN (0x4)
                0x000000000800338c                _sidata = LOADADDR (.data)

.data           0x0000000020000000      0x104 load address 0x000000000800338c
                0x0000000020000000                . = ALIGN (0x4)
                0x0000000020000000                _sdata = .
 *(.data)
 *(.data*)
 .data.SystemCoreClock
                0x0000000020000000        0x4 ./Core/Src/system_stm32f1xx.o
                0x0000000020000000                SystemCoreClock
 .data.HID_ReportDesc
                0x0000000020000004       0x3c ./Core/Src/usbd.o
 .data.USBD_DEV
                0x0000000020000040       0x38 ./Core/Src/usbd.o
                0x0000000020000040                USBD_DEV
 .data.USBD_DEV_CfgFSDesc
                0x0000000020000078       0x20 ./Core/Src/usbd.o
 .data.USBD_DEV_Desc
                0x0000000020000098        0x9 ./Core/Src/usbd.o
 *fill*         0x00000000200000a1        0x3 
 .data.USBD_DEV_DeviceQualifierDesc
                0x00000000200000a4        0xa ./Core/Src/usbd.o
 *fill*         0x00000000200000ae        0x2 
 .data.FS_Desc  0x00000000200000b0       0x1c ./Core/Src/usbd_desc.o
                0x00000000200000b0                FS_Desc
 .data.USBD_FS_DeviceDesc
                0x00000000200000cc       0x12 ./Core/Src/usbd_desc.o
                0x00000000200000cc                USBD_FS_DeviceDesc
 *fill*         0x00000000200000de        0x2 
 .data.USBD_LangIDDesc
                0x00000000200000e0        0x4 ./Core/Src/usbd_desc.o
                0x00000000200000e0                USBD_LangIDDesc
 .data.USBD_StringSerial
                0x00000000200000e4       0x1a ./Core/Src/usbd_desc.o
                0x00000000200000e4                USBD_StringSerial
 .data.uwTickFreq
                0x00000000200000fe        0x1 ./Drivers/STM32F1xx_HAL_Driver/Src/stm32f1xx_hal.o
                0x00000000200000fe                uwTickFreq
 *fill*         0x00000000200000ff        0x1 
 .data.uwTickPrio
                0x0000000020000100        0x4 ./Drivers/STM32F1xx_HAL_Driver/Src/stm32f1xx_hal.o
                0x0000000020000100                uwTickPrio
 *(.RamFunc)
 *(.RamFunc*)
                0x0000000020000104                . = ALIGN (0x4)
                0x0000000020000104                _edata = .

.igot.plt       0x0000000020000104        0x0 load address 0x0000000008003490
 .igot.plt      0x0000000020000104        0x0 c:/st/stm32cubeide_1.6.0/stm32cubeide/plugins/com.st.stm32cube.ide.mcu.externaltools.gnu-tools-for-stm32.9-2020-q2-update.win32_2.0.0.202105311346/tools/bin/../lib/gcc/arm-none-eabi/9.3.1/thumb/v7-m/nofp/crtbegin.o
                0x0000000020000104                . = ALIGN (0x4)

.bss            0x0000000020000104      0x848 load address 0x0000000008003490
                0x0000000020000104                _sbss = .
                0x0000000020000104                __bss_start__ = _sbss
 *(.bss)
 .bss           0x0000000020000104       0x1c c:/st/stm32cubeide_1.6.0/stm32cubeide/plugins/com.st.stm32cube.ide.mcu.externaltools.gnu-tools-for-stm32.9-2020-q2-update.win32_2.0.0.202105311346/tools/bin/../lib/gcc/arm-none-eabi/9.3.1/thumb/v7-m/nofp/crtbegin.o
 *(.bss*)
 .bss.mem.7990  0x0000000020000120       0x14 ./Core/Src/usbd_conf.o
 .bss.cfgidx.7948
                0x0000000020000134        0x1 ./Core/Src/usbd_ctlreq.o
 *(COMMON)
 *fill*         0x0000000020000135        0x3 
 COMMON         0x0000000020000138       0x5d ./Core/Src/main.o
                0x0000000020000138                packet
                0x000000002000013c                hi2c1
                0x0000000020000190                report
 *fill*         0x0000000020000195        0x3 
 COMMON         0x0000000020000198      0x2c4 ./Core/Src/usb_device.o
                0x0000000020000198                hUsbDeviceFS
 COMMON         0x000000002000045c      0x2ec ./Core/Src/usbd_conf.o
                0x000000002000045c                hpcd_USB_FS
 COMMON         0x0000000020000748      0x200 ./Core/Src/usbd_desc.o
                0x0000000020000748                USBD_StrDesc
 COMMON         0x0000000020000948        0x4 ./Drivers/STM32F1xx_HAL_Driver/Src/stm32f1xx_hal.o
                0x0000000020000948                uwTick
                0x000000002000094c                . = ALIGN (0x4)
                0x000000002000094c                _ebss = .
                0x000000002000094c                __bss_end__ = _ebss

._user_heap_stack
                0x000000002000094c      0x604 load address 0x0000000008003490
                0x0000000020000950                . = ALIGN (0x8)
 *fill*         0x000000002000094c        0x4 
                [!provide]                        PROVIDE (end = .)
                0x0000000020000950                PROVIDE (_end = .)
                0x0000000020000b50                . = (. + _Min_Heap_Size)
 *fill*         0x0000000020000950      0x200 
                0x0000000020000f50                . = (. + _Min_Stack_Size)
 *fill*         0x0000000020000b50      0x400 
                0x0000000020000f50                . = ALIGN (0x8)

/DISCARD/
 libc.a(*)
 libm.a(*)
 libgcc.a(*)

.ARM.attributes
                0x0000000000000000       0x29
 *(.ARM.attributes)
 .ARM.attributes
                0x0000000000000000       0x1d c:/st/stm32cubeide_1.6.0/stm32cubeide/plugins/com.st.stm32cube.ide.mcu.externaltools.gnu-tools-for-stm32.9-2020-q2-update.win32_2.0.0.202105311346/tools/bin/../lib/gcc/arm-none-eabi/9.3.1/thumb/v7-m/nofp/crti.o
 .ARM.attributes
                0x000000000000001d       0x2d c:/st/stm32cubeide_1.6.0/stm32cubeide/plugins/com.st.stm32cube.ide.mcu.externaltools.gnu-tools-for-stm32.9-2020-q2-update.win32_2.0.0.202105311346/tools/bin/../lib/gcc/arm-none-eabi/9.3.1/thumb/v7-m/nofp/crtbegin.o
 .ARM.attributes
                0x000000000000004a       0x2d ./Core/Src/main.o
 .ARM.attributes
                0x0000000000000077       0x2d ./Core/Src/stm32f1xx_hal_msp.o
 .ARM.attributes
                0x00000000000000a4       0x2d ./Core/Src/stm32f1xx_it.o
 .ARM.attributes
                0x00000000000000d1       0x2d ./Core/Src/system_stm32f1xx.o
 .ARM.attributes
                0x00000000000000fe       0x2d ./Core/Src/usb_device.o
 .ARM.attributes
                0x000000000000012b       0x2d ./Core/Src/usbd.o
 .ARM.attributes
                0x0000000000000158       0x2d ./Core/Src/usbd_conf.o
 .ARM.attributes
                0x0000000000000185       0x2d ./Core/Src/usbd_core.o
 .ARM.attributes
                0x00000000000001b2       0x2d ./Core/Src/usbd_ctlreq.o
 .ARM.attributes
                0x00000000000001df       0x2d ./Core/Src/usbd_desc.o
 .ARM.attributes
                0x000000000000020c       0x2d ./Core/Src/usbd_ioreq.o
 .ARM.attributes
                0x0000000000000239       0x21 ./Core/Startup/startup_stm32f103c8tx.o
 .ARM.attributes
                0x000000000000025a       0x2d ./Drivers/STM32F1xx_HAL_Driver/Src/stm32f1xx_hal.o
 .ARM.attributes
                0x0000000000000287       0x2d ./Drivers/STM32F1xx_HAL_Driver/Src/stm32f1xx_hal_cortex.o
 .ARM.attributes
                0x00000000000002b4       0x2d ./Drivers/STM32F1xx_HAL_Driver/Src/stm32f1xx_hal_gpio.o
 .ARM.attributes
                0x00000000000002e1       0x2d ./Drivers/STM32F1xx_HAL_Driver/Src/stm32f1xx_hal_i2c.o
 .ARM.attributes
                0x000000000000030e       0x2d ./Drivers/STM32F1xx_HAL_Driver/Src/stm32f1xx_hal_pcd.o
 .ARM.attributes
                0x000000000000033b       0x2d ./Drivers/STM32F1xx_HAL_Driver/Src/stm32f1xx_hal_pcd_ex.o
 .ARM.attributes
                0x0000000000000368       0x2d ./Drivers/STM32F1xx_HAL_Driver/Src/stm32f1xx_hal_rcc.o
 .ARM.attributes
                0x0000000000000395       0x2d ./Drivers/STM32F1xx_HAL_Driver/Src/stm32f1xx_hal_rcc_ex.o
 .ARM.attributes
                0x00000000000003c2       0x2d ./Drivers/STM32F1xx_HAL_Driver/Src/stm32f1xx_ll_usb.o
 .ARM.attributes
                0x00000000000003ef       0x2d c:/st/stm32cubeide_1.6.0/stm32cubeide/plugins/com.st.stm32cube.ide.mcu.externaltools.gnu-tools-for-stm32.9-2020-q2-update.win32_2.0.0.202105311346/tools/bin/../lib/gcc/arm-none-eabi/9.3.1/../../../../arm-none-eabi/lib/thumb/v7-m/nofp\libc_nano.a(lib_a-init.o)
 .ARM.attributes
                0x000000000000041c       0x2d c:/st/stm32cubeide_1.6.0/stm32cubeide/plugins/com.st.stm32cube.ide.mcu.externaltools.gnu-tools-for-stm32.9-2020-q2-update.win32_2.0.0.202105311346/tools/bin/../lib/gcc/arm-none-eabi/9.3.1/../../../../arm-none-eabi/lib/thumb/v7-m/nofp\libc_nano.a(lib_a-memset.o)
 .ARM.attributes
                0x0000000000000449       0x1d c:/st/stm32cubeide_1.6.0/stm32cubeide/plugins/com.st.stm32cube.ide.mcu.externaltools.gnu-tools-for-stm32.9-2020-q2-update.win32_2.0.0.202105311346/tools/bin/../lib/gcc/arm-none-eabi/9.3.1/thumb/v7-m/nofp/crtn.o
OUTPUT(stm32usb.elf elf32-littlearm)
LOAD linker stubs
LOAD c:/st/stm32cubeide_1.6.0/stm32cubeide/plugins/com.st.stm32cube.ide.mcu.externaltools.gnu-tools-for-stm32.9-2020-q2-update.win32_2.0.0.202105311346/tools/bin/../lib/gcc/arm-none-eabi/9.3.1/../../../../arm-none-eabi/lib/thumb/v7-m/nofp\libc.a
LOAD c:/st/stm32cubeide_1.6.0/stm32cubeide/plugins/com.st.stm32cube.ide.mcu.externaltools.gnu-tools-for-stm32.9-2020-q2-update.win32_2.0.0.202105311346/tools/bin/../lib/gcc/arm-none-eabi/9.3.1/../../../../arm-none-eabi/lib/thumb/v7-m/nofp\libm.a
LOAD c:/st/stm32cubeide_1.6.0/stm32cubeide/plugins/com.st.stm32cube.ide.mcu.externaltools.gnu-tools-for-stm32.9-2020-q2-update.win32_2.0.0.202105311346/tools/bin/../lib/gcc/arm-none-eabi/9.3.1/thumb/v7-m/nofp\libgcc.a

.comment        0x0000000000000000       0x53
 .comment       0x0000000000000000       0x53 ./Core/Src/main.o
                                         0x54 (size before relaxing)
 .comment       0x0000000000000053       0x54 ./Core/Src/stm32f1xx_hal_msp.o
 .comment       0x0000000000000053       0x54 ./Core/Src/stm32f1xx_it.o
 .comment       0x0000000000000053       0x54 ./Core/Src/system_stm32f1xx.o
 .comment       0x0000000000000053       0x54 ./Core/Src/usb_device.o
 .comment       0x0000000000000053       0x54 ./Core/Src/usbd.o
 .comment       0x0000000000000053       0x54 ./Core/Src/usbd_conf.o
 .comment       0x0000000000000053       0x54 ./Core/Src/usbd_core.o
 .comment       0x0000000000000053       0x54 ./Core/Src/usbd_ctlreq.o
 .comment       0x0000000000000053       0x54 ./Core/Src/usbd_desc.o
 .comment       0x0000000000000053       0x54 ./Core/Src/usbd_ioreq.o
 .comment       0x0000000000000053       0x54 ./Drivers/STM32F1xx_HAL_Driver/Src/stm32f1xx_hal.o
 .comment       0x0000000000000053       0x54 ./Drivers/STM32F1xx_HAL_Driver/Src/stm32f1xx_hal_cortex.o
 .comment       0x0000000000000053       0x54 ./Drivers/STM32F1xx_HAL_Driver/Src/stm32f1xx_hal_gpio.o
 .comment       0x0000000000000053       0x54 ./Drivers/STM32F1xx_HAL_Driver/Src/stm32f1xx_hal_i2c.o
 .comment       0x0000000000000053       0x54 ./Drivers/STM32F1xx_HAL_Driver/Src/stm32f1xx_hal_pcd.o
 .comment       0x0000000000000053       0x54 ./Drivers/STM32F1xx_HAL_Driver/Src/stm32f1xx_hal_pcd_ex.o
 .comment       0x0000000000000053       0x54 ./Drivers/STM32F1xx_HAL_Driver/Src/stm32f1xx_hal_rcc.o
 .comment       0x0000000000000053       0x54 ./Drivers/STM32F1xx_HAL_Driver/Src/stm32f1xx_hal_rcc_ex.o
 .comment       0x0000000000000053       0x54 ./Drivers/STM32F1xx_HAL_Driver/Src/stm32f1xx_ll_usb.o

.debug_frame    0x0000000000000000       0x4c
 .debug_frame   0x0000000000000000       0x2c c:/st/stm32cubeide_1.6.0/stm32cubeide/plugins/com.st.stm32cube.ide.mcu.externaltools.gnu-tools-for-stm32.9-2020-q2-update.win32_2.0.0.202105311346/tools/bin/../lib/gcc/arm-none-eabi/9.3.1/../../../../arm-none-eabi/lib/thumb/v7-m/nofp\libc_nano.a(lib_a-init.o)
 .debug_frame   0x000000000000002c       0x20 c:/st/stm32cubeide_1.6.0/stm32cubeide/plugins/com.st.stm32cube.ide.mcu.externaltools.gnu-tools-for-stm32.9-2020-q2-update.win32_2.0.0.202105311346/tools/bin/../lib/gcc/arm-none-eabi/9.3.1/../../../../arm-none-eabi/lib/thumb/v7-m/nofp\libc_nano.a(lib_a-memset.o)
